Archive member included to satisfy reference by file (symbol)

/usr/lib/gcc/arm-none-eabi/10.3.1/../../../arm-none-eabi/lib/thumb/v6-m/nofp/libstdc++.a(eh_arm.o)
                              CMakeFiles/WS2812_Example.dir/example.cpp.obj (__cxa_end_cleanup)
/usr/lib/gcc/arm-none-eabi/10.3.1/../../../arm-none-eabi/lib/thumb/v6-m/nofp/libstdc++.a(eh_aux_runtime.o)
                              CMakeFiles/WS2812_Example.dir/WS2812.cpp.obj (__cxa_throw_bad_array_new_length)
/usr/lib/gcc/arm-none-eabi/10.3.1/../../../arm-none-eabi/lib/thumb/v6-m/nofp/libstdc++.a(eh_exception.o)
                              /usr/lib/gcc/arm-none-eabi/10.3.1/../../../arm-none-eabi/lib/thumb/v6-m/nofp/libstdc++.a(eh_arm.o) (typeinfo for __cxxabiv1::__forced_unwind)
/usr/lib/gcc/arm-none-eabi/10.3.1/../../../arm-none-eabi/lib/thumb/v6-m/nofp/libstdc++.a(eh_globals.o)
                              /usr/lib/gcc/arm-none-eabi/10.3.1/../../../arm-none-eabi/lib/thumb/v6-m/nofp/libstdc++.a(eh_arm.o) (__cxa_get_globals)
/usr/lib/gcc/arm-none-eabi/10.3.1/../../../arm-none-eabi/lib/thumb/v6-m/nofp/libstdc++.a(eh_personality.o)
                              CMakeFiles/WS2812_Example.dir/example.cpp.obj (__gxx_personality_v0)
/usr/lib/gcc/arm-none-eabi/10.3.1/../../../arm-none-eabi/lib/thumb/v6-m/nofp/libstdc++.a(eh_terminate.o)
                              /usr/lib/gcc/arm-none-eabi/10.3.1/../../../arm-none-eabi/lib/thumb/v6-m/nofp/libstdc++.a(eh_arm.o) (std::terminate())
/usr/lib/gcc/arm-none-eabi/10.3.1/../../../arm-none-eabi/lib/thumb/v6-m/nofp/libstdc++.a(eh_throw.o)
                              /usr/lib/gcc/arm-none-eabi/10.3.1/../../../arm-none-eabi/lib/thumb/v6-m/nofp/libstdc++.a(eh_aux_runtime.o) (__cxa_throw)
/usr/lib/gcc/arm-none-eabi/10.3.1/../../../arm-none-eabi/lib/thumb/v6-m/nofp/libstdc++.a(eh_unex_handler.o)
                              /usr/lib/gcc/arm-none-eabi/10.3.1/../../../arm-none-eabi/lib/thumb/v6-m/nofp/libstdc++.a(eh_terminate.o) (__cxxabiv1::__unexpected_handler)
/usr/lib/gcc/arm-none-eabi/10.3.1/../../../arm-none-eabi/lib/thumb/v6-m/nofp/libstdc++.a(new_opv.o)
                              CMakeFiles/WS2812_Example.dir/WS2812.cpp.obj (operator new[](unsigned int))
/usr/lib/gcc/arm-none-eabi/10.3.1/../../../arm-none-eabi/lib/thumb/v6-m/nofp/libstdc++.a(pure.o)
                              /usr/lib/gcc/arm-none-eabi/10.3.1/../../../arm-none-eabi/lib/thumb/v6-m/nofp/libstdc++.a(eh_exception.o) (__cxa_pure_virtual)
/usr/lib/gcc/arm-none-eabi/10.3.1/../../../arm-none-eabi/lib/thumb/v6-m/nofp/libstdc++.a(si_class_type_info.o)
                              /usr/lib/gcc/arm-none-eabi/10.3.1/../../../arm-none-eabi/lib/thumb/v6-m/nofp/libstdc++.a(eh_exception.o) (vtable for __cxxabiv1::__si_class_type_info)
/usr/lib/gcc/arm-none-eabi/10.3.1/../../../arm-none-eabi/lib/thumb/v6-m/nofp/libstdc++.a(tinfo.o)
                              /usr/lib/gcc/arm-none-eabi/10.3.1/../../../arm-none-eabi/lib/thumb/v6-m/nofp/libstdc++.a(si_class_type_info.o) (std::type_info::__is_pointer_p() const)
/usr/lib/gcc/arm-none-eabi/10.3.1/../../../arm-none-eabi/lib/thumb/v6-m/nofp/libstdc++.a(bad_array_new.o)
                              /usr/lib/gcc/arm-none-eabi/10.3.1/../../../arm-none-eabi/lib/thumb/v6-m/nofp/libstdc++.a(eh_aux_runtime.o) (std::bad_array_new_length::~bad_array_new_length())
/usr/lib/gcc/arm-none-eabi/10.3.1/../../../arm-none-eabi/lib/thumb/v6-m/nofp/libstdc++.a(bad_cast.o)
                              /usr/lib/gcc/arm-none-eabi/10.3.1/../../../arm-none-eabi/lib/thumb/v6-m/nofp/libstdc++.a(eh_aux_runtime.o) (std::bad_cast::~bad_cast())
/usr/lib/gcc/arm-none-eabi/10.3.1/../../../arm-none-eabi/lib/thumb/v6-m/nofp/libstdc++.a(bad_typeid.o)
                              /usr/lib/gcc/arm-none-eabi/10.3.1/../../../arm-none-eabi/lib/thumb/v6-m/nofp/libstdc++.a(eh_aux_runtime.o) (std::bad_typeid::~bad_typeid())
/usr/lib/gcc/arm-none-eabi/10.3.1/../../../arm-none-eabi/lib/thumb/v6-m/nofp/libstdc++.a(class_type_info.o)
                              /usr/lib/gcc/arm-none-eabi/10.3.1/../../../arm-none-eabi/lib/thumb/v6-m/nofp/libstdc++.a(si_class_type_info.o) (__cxxabiv1::__class_type_info::__do_upcast(__cxxabiv1::__class_type_info const*, void**) const)
/usr/lib/gcc/arm-none-eabi/10.3.1/../../../arm-none-eabi/lib/thumb/v6-m/nofp/libstdc++.a(del_ops.o)
                              /usr/lib/gcc/arm-none-eabi/10.3.1/../../../arm-none-eabi/lib/thumb/v6-m/nofp/libstdc++.a(eh_exception.o) (operator delete(void*, unsigned int))
/usr/lib/gcc/arm-none-eabi/10.3.1/../../../arm-none-eabi/lib/thumb/v6-m/nofp/libstdc++.a(eh_alloc.o)
                              /usr/lib/gcc/arm-none-eabi/10.3.1/../../../arm-none-eabi/lib/thumb/v6-m/nofp/libstdc++.a(eh_aux_runtime.o) (__cxa_allocate_exception)
/usr/lib/gcc/arm-none-eabi/10.3.1/../../../arm-none-eabi/lib/thumb/v6-m/nofp/libstdc++.a(eh_call.o)
[...]
Memory Configuration

Name             Origin             Length             Attributes
FLASH            0x0000000010000000 0x0000000000200000 xr
RAM              0x0000000020000000 0x0000000000040000 xrw
SCRATCH_X        0x0000000020040000 0x0000000000001000 xrw
SCRATCH_Y        0x0000000020041000 0x0000000000001000 xrw
*default*        0x0000000000000000 0xffffffffffffffff

Linker script and memory map

LOAD /usr/lib/gcc/arm-none-eabi/10.3.1/thumb/v6-m/nofp/crti.o
LOAD /usr/lib/gcc/arm-none-eabi/10.3.1/thumb/v6-m/nofp/crtbegin.o
LOAD /usr/lib/gcc/arm-none-eabi/10.3.1/../../../arm-none-eabi/lib/thumb/v6-m/nofp/crt0.o

.flash_begin    0x0000000010000000        0x0
                0x0000000010000000                __flash_binary_start = .

.boot2          0x0000000010000000      0x100
                0x0000000010000000                __boot2_start__ = .
 *(.boot2)
 .boot2         0x0000000010000000      0x100 /tmp/ccxICQeM.o
                0x0000000010000100                __boot2_end__ = .
                0x0000000000000001                ASSERT (((__boot2_end__ - __boot2_start__) == 0x100), ERROR: Pico second stage bootloader must be 256 bytes in size)

.text           0x0000000010000100     0x9520
                0x0000000010000100                __logical_binary_start = .
 *(.vectors)
 .vectors       0x0000000010000100       0xd4 CMakeFiles/WS2812_Example.dir/home/etbcor/pico/pico-sdk/src/rp2_common/pico_standard_link/crt0.S.obj
                0x0000000010000100                __vectors
                0x0000000010000100                __VECTOR_TABLE
                0x00000000100001c0                isr_invalid
                0x00000000100001c0                __default_isrs_start
                0x00000000100001c2                isr_nmi
                0x00000000100001c4                isr_hardfault
                0x00000000100001c6                isr_svcall
                0x00000000100001c8                isr_pendsv
                0x00000000100001ca                isr_systick
                0x00000000100001cc                isr_irq30
                0x00000000100001cc                __unhandled_user_irq
                0x00000000100001cc                isr_irq13
                0x00000000100001cc                isr_irq27
                0x00000000100001cc                isr_irq31
                0x00000000100001cc                isr_irq5
                0x00000000100001cc                isr_irq11
                0x00000000100001cc                isr_irq23
                0x00000000100001cc                isr_irq18
                0x00000000100001cc                isr_irq28
                0x00000000100001cc                isr_irq19
                0x00000000100001cc                isr_irq0
                0x00000000100001cc                isr_irq6
                0x00000000100001cc                isr_irq22
                0x00000000100001cc                isr_irq17
                0x00000000100001cc                isr_irq14
                0x00000000100001cc                isr_irq2
                0x00000000100001cc                isr_irq10
                0x00000000100001cc                isr_irq8
                0x00000000100001cc                isr_irq24
                0x00000000100001cc                isr_irq1
                0x00000000100001cc                isr_irq7
                0x00000000100001cc                isr_irq21
                0x00000000100001cc                isr_irq20
                0x00000000100001cc                isr_irq15
                0x00000000100001cc                isr_irq25
                0x00000000100001cc                isr_irq4
                0x00000000100001cc                isr_irq16
                0x00000000100001cc                isr_irq29
                0x00000000100001cc                isr_irq26
                0x00000000100001cc                __default_isrs_end
                0x00000000100001cc                isr_irq3
                0x00000000100001cc                isr_irq12
                0x00000000100001cc                isr_irq9
                0x00000000100001d2                unhandled_user_irq_num_in_r0
 *(.binary_info_header)
 .binary_info_header
                0x00000000100001d4       0x14 CMakeFiles/WS2812_Example.dir/home/etbcor/pico/pico-sdk/src/rp2_common/pico_standard_link/crt0.S.obj
                0x00000000100001e8                __binary_info_header_end = .
 *(.reset)
 .reset         0x00000000100001e8       0xa8 CMakeFiles/WS2812_Example.dir/home/etbcor/pico/pico-sdk/src/rp2_common/pico_standard_link/crt0.S.obj
                0x00000000100001e8                _entry_point
                0x0000000010000266                __get_current_exception
 .reset         0x0000000010000290       0x30 CMakeFiles/WS2812_Example.dir/home/etbcor/pico/pico-sdk/src/rp2_common/pico_standard_link/binary_info.c.obj
 *(.init)
 .init          0x00000000100002c0        0x4 /usr/lib/gcc/arm-none-eabi/10.3.1/thumb/v6-m/nofp/crti.o
                0x00000000100002c0                _init
 *(EXCLUDE_FILE(*libm.a: *libc.a:*lib_a-mem*.o *libgcc.a:) .text*)
 .text          0x00000000100002c4       0x98 /usr/lib/gcc/arm-none-eabi/10.3.1/thumb/v6-m/nofp/crtbegin.o
 .text.startup.main
                0x000000001000035c      0x118 CMakeFiles/WS2812_Example.dir/example.cpp.obj
                0x000000001000035c                main
 .text._ZN6WS2812D2Ev
                0x0000000010000474        0x4 CMakeFiles/WS2812_Example.dir/WS2812.cpp.obj
                0x0000000010000474                WS2812::~WS2812()
                0x0000000010000474                WS2812::~WS2812()
 .text._ZN6WS281210initializeEjjP8pio_hw_tjNS_8DataByteES2_S2_S2_
                0x0000000010000478      0x12c CMakeFiles/WS2812_Example.dir/WS2812.cpp.obj
                0x0000000010000478                WS2812::initialize(unsigned int, unsigned int, pio_hw_t*, unsigned int, WS2812::DataByte, WS2812::DataByte, WS2812::DataByte, WS2812::DataByte)
 .text._ZN6WS2812C2EjjP8pio_hw_tjNS_10DataFormatE
                0x00000000100005a4       0x68 CMakeFiles/WS2812_Example.dir/WS2812.cpp.obj
                0x00000000100005a4                WS2812::WS2812(unsigned int, unsigned int, pio_hw_t*, unsigned int, WS2812::DataFormat)
                0x00000000100005a4                WS2812::WS2812(unsigned int, unsigned int, pio_hw_t*, unsigned int, WS2812::DataFormat)
 .text._ZN6WS281213setPixelColorEjm
                0x000000001000060c      0x104 CMakeFiles/WS2812_Example.dir/WS2812.cpp.obj
                0x000000001000060c                WS2812::setPixelColor(unsigned int, unsigned long)
 .text._ZN6WS28124fillEm
                0x0000000010000710      0x154 CMakeFiles/WS2812_Example.dir/WS2812.cpp.obj
                0x0000000010000710                WS2812::fill(unsigned long)
 .text._ZN6WS28124fillEmj
                0x0000000010000864      0x184 CMakeFiles/WS2812_Example.dir/WS2812.cpp.obj
                0x0000000010000864                WS2812::fill(unsigned long, unsigned int)
 .text._ZN6WS28124fillEmjj
                0x00000000100009e8      0x188 CMakeFiles/WS2812_Example.dir/WS2812.cpp.obj
                0x00000000100009e8                WS2812::fill(unsigned long, unsigned int, unsigned int)
 .text._ZN6WS28124showEv
                0x0000000010000b70       0x30 CMakeFiles/WS2812_Example.dir/WS2812.cpp.obj
                0x0000000010000b70                WS2812::show()
 .text.gpio_set_function
                0x0000000010000ba0       0x30 CMakeFiles/WS2812_Example.dir/home/etbcor/pico/pico-sdk/src/rp2_common/hardware_gpio/gpio.c.obj
                0x0000000010000ba0                gpio_set_function
 .text.hw_claim_lock
                0x0000000010000bd0       0x18 CMakeFiles/WS2812_Example.dir/home/etbcor/pico/pico-sdk/src/rp2_common/hardware_claim/claim.c.obj
                0x0000000010000bd0                hw_claim_lock
 .text.hw_claim_unlock
                0x0000000010000be8       0x14 CMakeFiles/WS2812_Example.dir/home/etbcor/pico/pico-sdk/src/rp2_common/hardware_claim/claim.c.obj
                0x0000000010000be8                hw_claim_unlock
 .text.hw_claim_or_assert
                0x0000000010000bfc       0x44 CMakeFiles/WS2812_Example.dir/home/etbcor/pico/pico-sdk/src/rp2_common/hardware_claim/claim.c.obj
                0x0000000010000bfc                hw_claim_or_assert
 .text.hw_claim_unused_from_range
                0x0000000010000c40       0x9c CMakeFiles/WS2812_Example.dir/home/etbcor/pico/pico-sdk/src/rp2_common/hardware_claim/claim.c.obj
                0x0000000010000c40                hw_claim_unused_from_range
 .text.running_on_fpga
                0x0000000010000cdc       0x10 CMakeFiles/WS2812_Example.dir/home/etbcor/pico/pico-sdk/src/rp2_common/pico_platform/platform.c.obj
                0x0000000010000cdc                running_on_fpga
 .text.spin_locks_reset
                0x0000000010000cec       0x1c CMakeFiles/WS2812_Example.dir/home/etbcor/pico/pico-sdk/src/rp2_common/hardware_sync/sync.c.obj
                0x0000000010000cec                spin_locks_reset
 .text.next_striped_spin_lock_num
                0x0000000010000d08       0x18 CMakeFiles/WS2812_Example.dir/home/etbcor/pico/pico-sdk/src/rp2_common/hardware_sync/sync.c.obj
                0x0000000010000d08                next_striped_spin_lock_num
 .text.spin_lock_claim_unused
                0x0000000010000d20       0x20 CMakeFiles/WS2812_Example.dir/home/etbcor/pico/pico-sdk/src/rp2_common/hardware_sync/sync.c.obj
                0x0000000010000d20                spin_lock_claim_unused
 .text.irq_set_enabled
                0x0000000010000d40       0x24 CMakeFiles/WS2812_Example.dir/home/etbcor/pico/pico-sdk/src/rp2_common/hardware_irq/irq.c.obj
                0x0000000010000d40                irq_set_enabled
 .text.irq_set_pending
                0x0000000010000d64       0x10 CMakeFiles/WS2812_Example.dir/home/etbcor/pico/pico-sdk/src/rp2_common/hardware_irq/irq.c.obj
                0x0000000010000d64                irq_set_pending
 .text.irq_has_shared_handler
                0x0000000010000d74       0x2c CMakeFiles/WS2812_Example.dir/home/etbcor/pico/pico-sdk/src/rp2_common/hardware_irq/irq.c.obj
                0x0000000010000d74                irq_has_shared_handler
 .text.irq_get_vtable_handler
                0x0000000010000da0       0x10 CMakeFiles/WS2812_Example.dir/home/etbcor/pico/pico-sdk/src/rp2_common/hardware_irq/irq.c.obj
                0x0000000010000da0                irq_get_vtable_handler
 .text.irq_set_exclusive_handler
                0x0000000010000db0       0x54 CMakeFiles/WS2812_Example.dir/home/etbcor/pico/pico-sdk/src/rp2_common/hardware_irq/irq.c.obj
                0x0000000010000db0                irq_set_exclusive_handler
 .text.irq_add_shared_handler
                0x0000000010000e04      0x1e4 CMakeFiles/WS2812_Example.dir/home/etbcor/pico/pico-sdk/src/rp2_common/hardware_irq/irq.c.obj
                0x0000000010000e04                irq_add_shared_handler
 .text.irq_remove_handler
                0x0000000010000fe8      0x1b4 CMakeFiles/WS2812_Example.dir/home/etbcor/pico/pico-sdk/src/rp2_common/hardware_irq/irq.c.obj
                0x0000000010000fe8                irq_remove_handler
 .text.irq_add_tail_to_free_list
                0x000000001000119c       0xb4 CMakeFiles/WS2812_Example.dir/home/etbcor/pico/pico-sdk/src/rp2_common/hardware_irq/irq.c.obj
                0x000000001000119c                irq_add_tail_to_free_list
 .text.irq_init_priorities
                0x0000000010001250       0x24 CMakeFiles/WS2812_Example.dir/home/etbcor/pico/pico-sdk/src/rp2_common/hardware_irq/irq.c.obj
                0x0000000010001250                irq_init_priorities
 .text.user_irq_claim_unused
                0x0000000010001274       0x30 CMakeFiles/WS2812_Example.dir/home/etbcor/pico/pico-sdk/src/rp2_common/hardware_irq/irq.c.obj
                0x0000000010001274                user_irq_claim_unused
 .text.lock_init
                0x00000000100012a4       0x10 CMakeFiles/WS2812_Example.dir/home/etbcor/pico/pico-sdk/src/common/pico_sync/lock_core.c.obj
                0x00000000100012a4                lock_init
 .text.timer_pool_entry_comparator
                0x00000000100012b4       0x34 CMakeFiles/WS2812_Example.dir/home/etbcor/pico/pico-sdk/src/common/pico_time/time.c.obj
                0x00000000100012b4                timer_pool_entry_comparator
 .text.sleep_until_callback
                0x00000000100012e8       0x30 CMakeFiles/WS2812_Example.dir/home/etbcor/pico/pico-sdk/src/common/pico_time/time.c.obj
 .text.add_alarm_under_lock.isra.0
                0x0000000010001318      0x100 CMakeFiles/WS2812_Example.dir/home/etbcor/pico/pico-sdk/src/common/pico_time/time.c.obj
 .text.alarm_pool_alarm_callback
                0x0000000010001418      0x1c8 CMakeFiles/WS2812_Example.dir/home/etbcor/pico/pico-sdk/src/common/pico_time/time.c.obj
 .text.alarm_pool_add_alarm_at.constprop.0
                0x00000000100015e0      0x11c CMakeFiles/WS2812_Example.dir/home/etbcor/pico/pico-sdk/src/common/pico_time/time.c.obj
 .text.alarm_pool_init_default
                0x00000000100016fc       0x64 CMakeFiles/WS2812_Example.dir/home/etbcor/pico/pico-sdk/src/common/pico_time/time.c.obj
                0x00000000100016fc                alarm_pool_init_default
 .text.alarm_pool_get_default
                0x0000000010001760        0x8 CMakeFiles/WS2812_Example.dir/home/etbcor/pico/pico-sdk/src/common/pico_time/time.c.obj
                0x0000000010001760                alarm_pool_get_default
 .text.alarm_pool_add_alarm_at
                0x0000000010001768      0x194 CMakeFiles/WS2812_Example.dir/home/etbcor/pico/pico-sdk/src/common/pico_time/time.c.obj
                0x0000000010001768                alarm_pool_add_alarm_at
 .text.sleep_until
                0x00000000100018fc       0xac CMakeFiles/WS2812_Example.dir/home/etbcor/pico/pico-sdk/src/common/pico_time/time.c.obj
                0x00000000100018fc                sleep_until
 .text.sleep_ms
                0x00000000100019a8       0x38 CMakeFiles/WS2812_Example.dir/home/etbcor/pico/pico-sdk/src/common/pico_time/time.c.obj
                0x00000000100019a8                sleep_ms
 .text.best_effort_wfe_or_timeout
                0x00000000100019e0       0xd4 CMakeFiles/WS2812_Example.dir/home/etbcor/pico/pico-sdk/src/common/pico_time/time.c.obj
                0x00000000100019e0                best_effort_wfe_or_timeout
 .text.hardware_alarm_irq_handler
                0x0000000010001ab4       0xb8 CMakeFiles/WS2812_Example.dir/home/etbcor/pico/pico-sdk/src/rp2_common/hardware_timer/timer.c.obj
 .text.hardware_alarm_claim
                0x0000000010001b6c       0x18 CMakeFiles/WS2812_Example.dir/home/etbcor/pico/pico-sdk/src/rp2_common/hardware_timer/timer.c.obj
                0x0000000010001b6c                hardware_alarm_claim
 .text.time_us_64
                0x0000000010001b84       0x14 CMakeFiles/WS2812_Example.dir/home/etbcor/pico/pico-sdk/src/rp2_common/hardware_timer/timer.c.obj
                0x0000000010001b84                time_us_64
 .text.busy_wait_until
                0x0000000010001b98       0x20 CMakeFiles/WS2812_Example.dir/home/etbcor/pico/pico-sdk/src/rp2_common/hardware_timer/timer.c.obj
                0x0000000010001b98                busy_wait_until
 .text.hardware_alarm_set_callback
                0x0000000010001bb8       0x8c CMakeFiles/WS2812_Example.dir/home/etbcor/pico/pico-sdk/src/rp2_common/hardware_timer/timer.c.obj
                0x0000000010001bb8                hardware_alarm_set_callback
 .text.hardware_alarm_set_target
                0x0000000010001c44       0xe0 CMakeFiles/WS2812_Example.dir/home/etbcor/pico/pico-sdk/src/rp2_common/hardware_timer/timer.c.obj
                0x0000000010001c44                hardware_alarm_set_target
 .text.hardware_alarm_cancel
                0x0000000010001d24       0x3c CMakeFiles/WS2812_Example.dir/home/etbcor/pico/pico-sdk/src/rp2_common/hardware_timer/timer.c.obj
                0x0000000010001d24                hardware_alarm_cancel
 .text.ph_merge_nodes
                0x0000000010001d60       0x68 CMakeFiles/WS2812_Example.dir/home/etbcor/pico/pico-sdk/src/common/pico_util/pheap.c.obj
 .text.ph_post_alloc_init
                0x0000000010001dc8       0x3c CMakeFiles/WS2812_Example.dir/home/etbcor/pico/pico-sdk/src/common/pico_util/pheap.c.obj
                0x0000000010001dc8                ph_post_alloc_init
 .text.ph_merge_two_pass
                0x0000000010001e04       0x90 CMakeFiles/WS2812_Example.dir/home/etbcor/pico/pico-sdk/src/common/pico_util/pheap.c.obj
                0x0000000010001e04                ph_merge_two_pass
 .text.ph_remove_any_head
                0x0000000010001e94       0xf8 CMakeFiles/WS2812_Example.dir/home/etbcor/pico/pico-sdk/src/common/pico_util/pheap.c.obj
 .text.ph_remove_head
                0x0000000010001f8c       0xfc CMakeFiles/WS2812_Example.dir/home/etbcor/pico/pico-sdk/src/common/pico_util/pheap.c.obj
                0x0000000010001f8c                ph_remove_head
 .text.ph_remove_and_free_node
                0x0000000010002088       0x7c CMakeFiles/WS2812_Example.dir/home/etbcor/pico/pico-sdk/src/common/pico_util/pheap.c.obj
                0x0000000010002088                ph_remove_and_free_node
 .text.mutex_init
                0x0000000010002104       0x1c CMakeFiles/WS2812_Example.dir/home/etbcor/pico/pico-sdk/src/common/pico_sync/mutex.c.obj
                0x0000000010002104                mutex_init
 .text.recursive_mutex_init
                0x0000000010002120       0x1c CMakeFiles/WS2812_Example.dir/home/etbcor/pico/pico-sdk/src/common/pico_sync/mutex.c.obj
                0x0000000010002120                recursive_mutex_init
 .text.critical_section_init
                0x000000001000213c       0x20 CMakeFiles/WS2812_Example.dir/home/etbcor/pico/pico-sdk/src/common/pico_sync/critical_section.c.obj
                0x000000001000213c                critical_section_init
 .text.uart_init
                0x000000001000215c       0xe0 CMakeFiles/WS2812_Example.dir/home/etbcor/pico/pico-sdk/src/rp2_common/hardware_uart/uart.c.obj
                0x000000001000215c                uart_init
 .text.runtime_init
                0x000000001000223c       0xf0 CMakeFiles/WS2812_Example.dir/home/etbcor/pico/pico-sdk/src/rp2_common/pico_runtime/runtime.c.obj
                0x000000001000223c                runtime_init
 .text._exit    0x000000001000232c        0x4 CMakeFiles/WS2812_Example.dir/home/etbcor/pico/pico-sdk/src/rp2_common/pico_runtime/runtime.c.obj
                0x000000001000232c                _exit
 .text._sbrk    0x0000000010002330       0x34 CMakeFiles/WS2812_Example.dir/home/etbcor/pico/pico-sdk/src/rp2_common/pico_runtime/runtime.c.obj
                0x0000000010002330                _sbrk
 .text.exit     0x0000000010002364        0x4 CMakeFiles/WS2812_Example.dir/home/etbcor/pico/pico-sdk/src/rp2_common/pico_runtime/runtime.c.obj
                0x0000000010002364                exit
 .text.panic    0x0000000010002368       0x30 CMakeFiles/WS2812_Example.dir/home/etbcor/pico/pico-sdk/src/rp2_common/pico_runtime/runtime.c.obj
                0x0000000010002368                panic
 .text.hard_assertion_failure
                0x0000000010002398        0xc CMakeFiles/WS2812_Example.dir/home/etbcor/pico/pico-sdk/src/rp2_common/pico_runtime/runtime.c.obj
                0x0000000010002398                hard_assertion_failure
 .text.clocks_init
                0x00000000100023a4      0x2bc CMakeFiles/WS2812_Example.dir/home/etbcor/pico/pico-sdk/src/rp2_common/hardware_clocks/clocks.c.obj
                0x00000000100023a4                clocks_init
 .text.clock_get_hz
                0x0000000010002660        0xc CMakeFiles/WS2812_Example.dir/home/etbcor/pico/pico-sdk/src/rp2_common/hardware_clocks/clocks.c.obj
                0x0000000010002660                clock_get_hz
 .text.pll_init
                0x000000001000266c       0xb0 CMakeFiles/WS2812_Example.dir/home/etbcor/pico/pico-sdk/src/rp2_common/hardware_pll/pll.c.obj
                0x000000001000266c                pll_init
 .text.watchdog_start_tick
                0x000000001000271c       0x10 CMakeFiles/WS2812_Example.dir/home/etbcor/pico/pico-sdk/src/rp2_common/hardware_watchdog/watchdog.c.obj
                0x000000001000271c                watchdog_start_tick
 .text.watchdog_reboot
                0x000000001000272c       0x98 CMakeFiles/WS2812_Example.dir/home/etbcor/pico/pico-sdk/src/rp2_common/hardware_watchdog/watchdog.c.obj
                0x000000001000272c                watchdog_reboot
 .text.xosc_init
                0x00000000100027c4       0x28 CMakeFiles/WS2812_Example.dir/home/etbcor/pico/pico-sdk/src/rp2_common/hardware_xosc/xosc.c.obj
                0x00000000100027c4                xosc_init
 .text._out_null
                0x00000000100027ec        0x4 CMakeFiles/WS2812_Example.dir/home/etbcor/pico/pico-sdk/src/rp2_common/pico_printf/printf.c.obj
 .text._out_rev
                0x00000000100027f0       0x9c CMakeFiles/WS2812_Example.dir/home/etbcor/pico/pico-sdk/src/rp2_common/pico_printf/printf.c.obj
 .text._ntoa_format
                0x000000001000288c      0x1cc CMakeFiles/WS2812_Example.dir/home/etbcor/pico/pico-sdk/src/rp2_common/pico_printf/printf.c.obj
 .text._out_char
                0x0000000010002a58       0x10 CMakeFiles/WS2812_Example.dir/home/etbcor/pico/pico-sdk/src/rp2_common/pico_printf/printf.c.obj
 .text._out_fct
                0x0000000010002a68       0x10 CMakeFiles/WS2812_Example.dir/home/etbcor/pico/pico-sdk/src/rp2_common/pico_printf/printf.c.obj
 .text._etoa    0x0000000010002a78      0x44c CMakeFiles/WS2812_Example.dir/home/etbcor/pico/pico-sdk/src/rp2_common/pico_printf/printf.c.obj
 .text._ftoa    0x0000000010002ec4      0x398 CMakeFiles/WS2812_Example.dir/home/etbcor/pico/pico-sdk/src/rp2_common/pico_printf/printf.c.obj
 .text._vsnprintf
                0x000000001000325c      0xb04 CMakeFiles/WS2812_Example.dir/home/etbcor/pico/pico-sdk/src/rp2_common/pico_printf/printf.c.obj
 .text.vfctprintf
                0x0000000010003d60       0x20 CMakeFiles/WS2812_Example.dir/home/etbcor/pico/pico-sdk/src/rp2_common/pico_printf/printf.c.obj
                0x0000000010003d60                vfctprintf
 .text.weak_raw_vprintf
                0x0000000010003d80       0x30 CMakeFiles/WS2812_Example.dir/home/etbcor/pico/pico-sdk/src/rp2_common/pico_printf/printf.c.obj
                0x0000000010003d80                weak_raw_vprintf
 .text          0x0000000010003db0       0x10 CMakeFiles/WS2812_Example.dir/home/etbcor/pico/pico-sdk/src/rp2_common/pico_bit_ops/bit_ops_aeabi.S.obj
 .text.rom_func_lookup
                0x0000000010003dc0       0x10 CMakeFiles/WS2812_Example.dir/home/etbcor/pico/pico-sdk/src/rp2_common/pico_bootrom/bootrom.c.obj
                0x0000000010003dc0                rom_func_lookup
 .text.rom_data_lookup
                0x0000000010003dd0       0x10 CMakeFiles/WS2812_Example.dir/home/etbcor/pico/pico-sdk/src/rp2_common/pico_bootrom/bootrom.c.obj
                0x0000000010003dd0                rom_data_lookup
 .text.rom_funcs_lookup
                0x0000000010003de0       0x44 CMakeFiles/WS2812_Example.dir/home/etbcor/pico/pico-sdk/src/rp2_common/pico_bootrom/bootrom.c.obj
                0x0000000010003de0                rom_funcs_lookup
 .text.__wrap___aeabi_idiv
                0x0000000010003e24       0x50 CMakeFiles/WS2812_Example.dir/home/etbcor/pico/pico-sdk/src/rp2_common/pico_divider/divider.S.obj
                0x0000000010003e24                __wrap___aeabi_idivmod
                0x0000000010003e24                divmod_s32s32
                0x0000000010003e24                div_s32s32
                0x0000000010003e24                __wrap___aeabi_idiv
                0x0000000010003e2c                divmod_s32s32_unsafe
                0x0000000010003e58                divmod_s32s32_savestate
 .text.__wrap___aeabi_uidiv
                0x0000000010003e74       0x4c CMakeFiles/WS2812_Example.dir/home/etbcor/pico/pico-sdk/src/rp2_common/pico_divider/divider.S.obj
                0x0000000010003e74                __wrap___aeabi_uidiv
                0x0000000010003e74                __wrap___aeabi_uidivmod
                0x0000000010003e74                div_u32u32
                0x0000000010003e74                divmod_u32u32
                0x0000000010003e7c                divmod_u32u32_unsafe
                0x0000000010003ea4                divmod_u32u32_savestate
 .text.__wrap___aeabi_ldiv
                0x0000000010003ec0      0x434 CMakeFiles/WS2812_Example.dir/home/etbcor/pico/pico-sdk/src/rp2_common/pico_divider/divider.S.obj
                0x0000000010003ec0                div_s64s64
                0x0000000010003ec0                divmod_s64s64
                0x0000000010003ec0                __wrap___aeabi_ldivmod
                0x0000000010003ef8                div_u64u64
                0x0000000010003ef8                divmod_u64u64
                0x0000000010003ef8                __wrap___aeabi_uldivmod
                0x0000000010003f08                divmod_u64u64_savestate
                0x0000000010003f30                divmod_s64s64_unsafe
                0x0000000010003fb8                divmod_u64u64_unsafe
 .text.__wrap___aeabi_darithmetic
                0x00000000100042f4       0x60 CMakeFiles/WS2812_Example.dir/home/etbcor/pico/pico-sdk/src/rp2_common/pico_double/double_aeabi.S.obj
                0x00000000100042f4                __wrap___aeabi_drsub
                0x00000000100042fa                __wrap___aeabi_dsub
                0x0000000010004304                __wrap___aeabi_dadd
                0x000000001000430e                __wrap___aeabi_ddiv
                0x0000000010004342                __wrap___aeabi_dmul
 .text.__wrap___aeabi_cdcmple
                0x0000000010004354       0x6c CMakeFiles/WS2812_Example.dir/home/etbcor/pico/pico-sdk/src/rp2_common/pico_double/double_aeabi.S.obj
                0x0000000010004354                __wrap___aeabi_cdrcmple
                0x0000000010004364                __wrap___aeabi_cdcmple
                0x0000000010004364                __wrap___aeabi_cdcmpeq
 .text.__wrap___aeabi_dcmplt
                0x00000000100043c0        0xc CMakeFiles/WS2812_Example.dir/home/etbcor/pico/pico-sdk/src/rp2_common/pico_double/double_aeabi.S.obj
                0x00000000100043c0                __wrap___aeabi_dcmplt
 .text.__wrap___aeabi_dcmple
                0x00000000100043cc       0x10 CMakeFiles/WS2812_Example.dir/home/etbcor/pico/pico-sdk/src/rp2_common/pico_double/double_aeabi.S.obj
                0x00000000100043cc                __wrap___aeabi_dcmple
 .text.__wrap___aeabi_dcmpge
                0x00000000100043dc       0x10 CMakeFiles/WS2812_Example.dir/home/etbcor/pico/pico-sdk/src/rp2_common/pico_double/double_aeabi.S.obj
                0x00000000100043dc                __wrap___aeabi_dcmpge
 .text.__wrap___aeabi_dcmpgt
                0x00000000100043ec        0xa CMakeFiles/WS2812_Example.dir/home/etbcor/pico/pico-sdk/src/rp2_common/pico_double/double_aeabi.S.obj
                0x00000000100043ec                __wrap___aeabi_dcmpgt
 .text.__wrap___aeabi_dcmpun
                0x00000000100043f6       0x1c CMakeFiles/WS2812_Example.dir/home/etbcor/pico/pico-sdk/src/rp2_common/pico_double/double_aeabi.S.obj
                0x00000000100043f6                __wrap___aeabi_dcmpun
 *fill*         0x0000000010004412        0x2 
 .text.__wrap___aeabi_i2d
                0x0000000010004414       0x38 CMakeFiles/WS2812_Example.dir/home/etbcor/pico/pico-sdk/src/rp2_common/pico_double/double_aeabi.S.obj
                0x0000000010004414                __wrap___aeabi_ui2d
                0x000000001000441c                __wrap___aeabi_i2d
 .text.__wrap___aeabi_d2iz
                0x000000001000444c       0x48 CMakeFiles/WS2812_Example.dir/home/etbcor/pico/pico-sdk/src/rp2_common/pico_double/double_aeabi.S.obj
                0x000000001000444c                __wrap___aeabi_d2iz
                0x000000001000444c                double2int_z
 .text.__wrap___aeabi_d2uiz
                0x0000000010004494       0x10 CMakeFiles/WS2812_Example.dir/home/etbcor/pico/pico-sdk/src/rp2_common/pico_double/double_aeabi.S.obj
                0x0000000010004494                double2uint
                0x0000000010004494                __wrap___aeabi_d2uiz
 .text.missing_double_func_shim
                0x00000000100044a4        0xc CMakeFiles/WS2812_Example.dir/home/etbcor/pico/pico-sdk/src/rp2_common/pico_double/double_init_rom.c.obj
 .text.__aeabi_double_init
                0x00000000100044b0       0x98 CMakeFiles/WS2812_Example.dir/home/etbcor/pico/pico-sdk/src/rp2_common/pico_double/double_init_rom.c.obj
                0x00000000100044b0                __aeabi_double_init
 .text.double_table_shim_on_use_helper
                0x0000000010004548       0x2c CMakeFiles/WS2812_Example.dir/home/etbcor/pico/pico-sdk/src/rp2_common/pico_double/double_v1_rom_shim.S.obj
                0x0000000010004548                double_table_shim_on_use_helper
 .text.__aeabi_lmul
                0x0000000010004574       0x32 CMakeFiles/WS2812_Example.dir/home/etbcor/pico/pico-sdk/src/rp2_common/pico_int64_ops/pico_int64_ops_aeabi.S.obj
                0x0000000010004574                __wrap___aeabi_lmul
 *fill*         0x00000000100045a6        0x2 
 .text.__wrap___aeabi_farithmetic
                0x00000000100045a8       0x48 CMakeFiles/WS2812_Example.dir/home/etbcor/pico/pico-sdk/src/rp2_common/pico_float/float_aeabi.S.obj
                0x00000000100045a8                __wrap___aeabi_frsub
                0x00000000100045ae                __wrap___aeabi_fsub
                0x00000000100045b4                __wrap___aeabi_fadd
                0x00000000100045ba                __wrap___aeabi_fdiv
                0x00000000100045e2                __wrap___aeabi_fmul
 .text.__wrap___aeabi_ui2f
                0x00000000100045f0        0xa CMakeFiles/WS2812_Example.dir/home/etbcor/pico/pico-sdk/src/rp2_common/pico_float/float_aeabi.S.obj
                0x00000000100045f0                __wrap___aeabi_ui2f
 *fill*         0x00000000100045fa        0x2 
 .text.__wrap___aeabi_i2f
                0x00000000100045fc       0x44 CMakeFiles/WS2812_Example.dir/home/etbcor/pico/pico-sdk/src/rp2_common/pico_float/float_aeabi.S.obj
                0x00000000100045fc                __wrap___aeabi_i2f
 .text.__wrap___aeabi_f2uiz
                0x0000000010004640        0xc CMakeFiles/WS2812_Example.dir/home/etbcor/pico/pico-sdk/src/rp2_common/pico_float/float_aeabi.S.obj
                0x0000000010004640                __wrap___aeabi_f2uiz
 .text.missing_float_func_shim
                0x000000001000464c        0xc CMakeFiles/WS2812_Example.dir/home/etbcor/pico/pico-sdk/src/rp2_common/pico_float/float_init_rom.c.obj
 .text.__aeabi_float_init
                0x0000000010004658       0x5c CMakeFiles/WS2812_Example.dir/home/etbcor/pico/pico-sdk/src/rp2_common/pico_float/float_init_rom.c.obj
                0x0000000010004658                __aeabi_float_init
 .text.__wrap_malloc
                0x00000000100046b4       0x24 CMakeFiles/WS2812_Example.dir/home/etbcor/pico/pico-sdk/src/rp2_common/pico_malloc/pico_malloc.c.obj
                0x00000000100046b4                __wrap_malloc
 .text.__wrap_free
                0x00000000100046d8        0x8 CMakeFiles/WS2812_Example.dir/home/etbcor/pico/pico-sdk/src/rp2_common/pico_malloc/pico_malloc.c.obj
                0x00000000100046d8                __wrap_free
 .text          0x00000000100046e0       0x10 CMakeFiles/WS2812_Example.dir/home/etbcor/pico/pico-sdk/src/rp2_common/pico_mem_ops/mem_ops_aeabi.S.obj
                0x00000000100046e0                __aeabi_mem_init
 .text.memset   0x00000000100046f0        0xc CMakeFiles/WS2812_Example.dir/home/etbcor/pico/pico-sdk/src/rp2_common/pico_mem_ops/mem_ops_aeabi.S.obj
                0x00000000100046f0                __wrap_memset
 .text.memcpy   0x00000000100046fc        0xc CMakeFiles/WS2812_Example.dir/home/etbcor/pico/pico-sdk/src/rp2_common/pico_mem_ops/mem_ops_aeabi.S.obj
                0x00000000100046fc                __wrap___aeabi_memcpy
                0x00000000100046fc                __wrap_memcpy
 .text.stdio_out_chars_no_crlf
                0x0000000010004708       0x10 CMakeFiles/WS2812_Example.dir/home/etbcor/pico/pico-sdk/src/rp2_common/pico_stdio/stdio.c.obj
 .text.stdio_out_chars_crlf
                0x0000000010004718       0xb4 CMakeFiles/WS2812_Example.dir/home/etbcor/pico/pico-sdk/src/rp2_common/pico_stdio/stdio.c.obj
 .text.stdio_buffered_printer
                0x00000000100047cc       0x64 CMakeFiles/WS2812_Example.dir/home/etbcor/pico/pico-sdk/src/rp2_common/pico_stdio/stdio.c.obj
 .text.stdio_put_string.isra.0
                0x0000000010004830       0xfc CMakeFiles/WS2812_Example.dir/home/etbcor/pico/pico-sdk/src/rp2_common/pico_stdio/stdio.c.obj
 .text.__wrap_putchar
                0x000000001000492c       0xa0 CMakeFiles/WS2812_Example.dir/home/etbcor/pico/pico-sdk/src/rp2_common/pico_stdio/stdio.c.obj
                0x000000001000492c                __wrap_putchar
 .text.__wrap_puts
                0x00000000100049cc       0x3c CMakeFiles/WS2812_Example.dir/home/etbcor/pico/pico-sdk/src/rp2_common/pico_stdio/stdio.c.obj
                0x00000000100049cc                __wrap_puts
 .text.stdio_set_driver_enabled
                0x0000000010004a08       0x30 CMakeFiles/WS2812_Example.dir/home/etbcor/pico/pico-sdk/src/rp2_common/pico_stdio/stdio.c.obj
                0x0000000010004a08                stdio_set_driver_enabled
 .text.__wrap_vprintf
                0x0000000010004a38       0xd8 CMakeFiles/WS2812_Example.dir/home/etbcor/pico/pico-sdk/src/rp2_common/pico_stdio/stdio.c.obj
                0x0000000010004a38                __wrap_vprintf
 .text.__wrap_printf
                0x0000000010004b10       0x18 CMakeFiles/WS2812_Example.dir/home/etbcor/pico/pico-sdk/src/rp2_common/pico_stdio/stdio.c.obj
                0x0000000010004b10                __wrap_printf
 .text.stdio_init_all
                0x0000000010004b28        0xc CMakeFiles/WS2812_Example.dir/home/etbcor/pico/pico-sdk/src/rp2_common/pico_stdio/stdio.c.obj
                0x0000000010004b28                stdio_init_all
 .text.stdio_uart_out_chars
                0x0000000010004b34       0x4c CMakeFiles/WS2812_Example.dir/home/etbcor/pico/pico-sdk/src/rp2_common/pico_stdio_uart/stdio_uart.c.obj
 .text.stdio_uart_in_chars
                0x0000000010004b80       0x38 CMakeFiles/WS2812_Example.dir/home/etbcor/pico/pico-sdk/src/rp2_common/pico_stdio_uart/stdio_uart.c.obj
                0x0000000010004b80                stdio_uart_in_chars
 .text.stdio_uart_init
                0x0000000010004bb8       0x48 CMakeFiles/WS2812_Example.dir/home/etbcor/pico/pico-sdk/src/rp2_common/pico_stdio_uart/stdio_uart.c.obj
                0x0000000010004bb8                stdio_uart_init
 .text.resetd_init
                0x0000000010004c00        0x4 CMakeFiles/WS2812_Example.dir/home/etbcor/pico/pico-sdk/src/rp2_common/pico_stdio_usb/reset_interface.c.obj
 .text.resetd_reset
                0x0000000010004c04        0xc CMakeFiles/WS2812_Example.dir/home/etbcor/pico/pico-sdk/src/rp2_common/pico_stdio_usb/reset_interface.c.obj
 .text.resetd_open
                0x0000000010004c10       0x28 CMakeFiles/WS2812_Example.dir/home/etbcor/pico/pico-sdk/src/rp2_common/pico_stdio_usb/reset_interface.c.obj
 .text.resetd_xfer_cb
                0x0000000010004c38        0x4 CMakeFiles/WS2812_Example.dir/home/etbcor/pico/pico-sdk/src/rp2_common/pico_stdio_usb/reset_interface.c.obj
 .text.resetd_control_xfer_cb
                0x0000000010004c3c       0x64 CMakeFiles/WS2812_Example.dir/home/etbcor/pico/pico-sdk/src/rp2_common/pico_stdio_usb/reset_interface.c.obj
 .text.usbd_app_driver_get_cb
                0x0000000010004ca0        0xc CMakeFiles/WS2812_Example.dir/home/etbcor/pico/pico-sdk/src/rp2_common/pico_stdio_usb/reset_interface.c.obj
                0x0000000010004ca0                usbd_app_driver_get_cb
 .text.tud_cdc_line_coding_cb
                0x0000000010004cac       0x34 CMakeFiles/WS2812_Example.dir/home/etbcor/pico/pico-sdk/src/rp2_common/pico_stdio_usb/reset_interface.c.obj
                0x0000000010004cac                tud_cdc_line_coding_cb
 .text.stdio_usb_in_chars
                0x0000000010004ce0       0x68 CMakeFiles/WS2812_Example.dir/home/etbcor/pico/pico-sdk/src/rp2_common/pico_stdio_usb/stdio_usb.c.obj
                0x0000000010004ce0                stdio_usb_in_chars
 .text.stdio_usb_out_chars
                0x0000000010004d48       0xe4 CMakeFiles/WS2812_Example.dir/home/etbcor/pico/pico-sdk/src/rp2_common/pico_stdio_usb/stdio_usb.c.obj
 .text.timer_task
                0x0000000010004e2c       0x18 CMakeFiles/WS2812_Example.dir/home/etbcor/pico/pico-sdk/src/rp2_common/pico_stdio_usb/stdio_usb.c.obj
 .text.usb_irq  0x0000000010004e44       0x10 CMakeFiles/WS2812_Example.dir/home/etbcor/pico/pico-sdk/src/rp2_common/pico_stdio_usb/stdio_usb.c.obj
 .text.low_priority_worker_irq
                0x0000000010004e54       0x24 CMakeFiles/WS2812_Example.dir/home/etbcor/pico/pico-sdk/src/rp2_common/pico_stdio_usb/stdio_usb.c.obj
 .text.stdio_usb_init
                0x0000000010004e78       0xb0 CMakeFiles/WS2812_Example.dir/home/etbcor/pico/pico-sdk/src/rp2_common/pico_stdio_usb/stdio_usb.c.obj
                0x0000000010004e78                stdio_usb_init
 .text.tud_descriptor_device_cb
                0x0000000010004f28        0x8 CMakeFiles/WS2812_Example.dir/home/etbcor/pico/pico-sdk/src/rp2_common/pico_stdio_usb/stdio_usb_descriptors.c.obj
                0x0000000010004f28                tud_descriptor_device_cb
 .text.tud_descriptor_configuration_cb
                0x0000000010004f30        0x8 CMakeFiles/WS2812_Example.dir/home/etbcor/pico/pico-sdk/src/rp2_common/pico_stdio_usb/stdio_usb_descriptors.c.obj
                0x0000000010004f30                tud_descriptor_configuration_cb
 .text.tud_descriptor_string_cb
                0x0000000010004f38       0x74 CMakeFiles/WS2812_Example.dir/home/etbcor/pico/pico-sdk/src/rp2_common/pico_stdio_usb/stdio_usb_descriptors.c.obj
                0x0000000010004f38                tud_descriptor_string_cb
 .text.dcd_rp2040_irq
                0x0000000010004fac      0x21c CMakeFiles/WS2812_Example.dir/home/etbcor/pico/pico-sdk/lib/tinyusb/src/portable/raspberrypi/rp2040/dcd_rp2040.c.obj
 .text.dcd_int_enable
                0x00000000100051c8        0xc CMakeFiles/WS2812_Example.dir/home/etbcor/pico/pico-sdk/lib/tinyusb/src/portable/raspberrypi/rp2040/dcd_rp2040.c.obj
                0x00000000100051c8                dcd_int_enable
 .text.dcd_set_address
                0x00000000100051d4       0x14 CMakeFiles/WS2812_Example.dir/home/etbcor/pico/pico-sdk/lib/tinyusb/src/portable/raspberrypi/rp2040/dcd_rp2040.c.obj
                0x00000000100051d4                dcd_set_address
 .text.dcd_connect
                0x00000000100051e8       0x10 CMakeFiles/WS2812_Example.dir/home/etbcor/pico/pico-sdk/lib/tinyusb/src/portable/raspberrypi/rp2040/dcd_rp2040.c.obj
                0x00000000100051e8                dcd_connect
 .text.dcd_init
                0x00000000100051f8      0x144 CMakeFiles/WS2812_Example.dir/home/etbcor/pico/pico-sdk/lib/tinyusb/src/portable/raspberrypi/rp2040/dcd_rp2040.c.obj
                0x00000000100051f8                dcd_init
 .text.dcd_edpt0_status_complete
                0x000000001000533c       0x1c CMakeFiles/WS2812_Example.dir/home/etbcor/pico/pico-sdk/lib/tinyusb/src/portable/raspberrypi/rp2040/dcd_rp2040.c.obj
                0x000000001000533c                dcd_edpt0_status_complete
 .text.dcd_edpt_open
                0x0000000010005358       0xf0 CMakeFiles/WS2812_Example.dir/home/etbcor/pico/pico-sdk/lib/tinyusb/src/portable/raspberrypi/rp2040/dcd_rp2040.c.obj
                0x0000000010005358                dcd_edpt_open
 .text.dcd_edpt_close_all
                0x0000000010005448       0xbc CMakeFiles/WS2812_Example.dir/home/etbcor/pico/pico-sdk/lib/tinyusb/src/portable/raspberrypi/rp2040/dcd_rp2040.c.obj
                0x0000000010005448                dcd_edpt_close_all
 .text.dcd_edpt_xfer
                0x0000000010005504       0x24 CMakeFiles/WS2812_Example.dir/home/etbcor/pico/pico-sdk/lib/tinyusb/src/portable/raspberrypi/rp2040/dcd_rp2040.c.obj
                0x0000000010005504                dcd_edpt_xfer
 .text.dcd_edpt_stall
                0x0000000010005528       0x38 CMakeFiles/WS2812_Example.dir/home/etbcor/pico/pico-sdk/lib/tinyusb/src/portable/raspberrypi/rp2040/dcd_rp2040.c.obj
                0x0000000010005528                dcd_edpt_stall
 .text.dcd_edpt_clear_stall
                0x0000000010005560       0x30 CMakeFiles/WS2812_Example.dir/home/etbcor/pico/pico-sdk/lib/tinyusb/src/portable/raspberrypi/rp2040/dcd_rp2040.c.obj
                0x0000000010005560                dcd_edpt_clear_stall
 .text._hw_endpoint_buffer_control_update32.part.0.isra.0
                0x0000000010005590       0x1c CMakeFiles/WS2812_Example.dir/home/etbcor/pico/pico-sdk/lib/tinyusb/src/portable/raspberrypi/rp2040/rp2040_usb.c.obj
 .text.rp2040_usb_init
                0x00000000100055ac       0x4c CMakeFiles/WS2812_Example.dir/home/etbcor/pico/pico-sdk/lib/tinyusb/src/portable/raspberrypi/rp2040/rp2040_usb.c.obj
                0x00000000100055ac                rp2040_usb_init
 .text.hw_endpoint_reset_transfer
                0x00000000100055f8        0xc CMakeFiles/WS2812_Example.dir/home/etbcor/pico/pico-sdk/lib/tinyusb/src/portable/raspberrypi/rp2040/rp2040_usb.c.obj
                0x00000000100055f8                hw_endpoint_reset_transfer
 .text._hw_endpoint_buffer_control_update32
                0x0000000010005604       0x44 CMakeFiles/WS2812_Example.dir/home/etbcor/pico/pico-sdk/lib/tinyusb/src/portable/raspberrypi/rp2040/rp2040_usb.c.obj
                0x0000000010005604                _hw_endpoint_buffer_control_update32
 .text.hw_endpoint_xfer_start
                0x0000000010005648      0x138 CMakeFiles/WS2812_Example.dir/home/etbcor/pico/pico-sdk/lib/tinyusb/src/portable/raspberrypi/rp2040/rp2040_usb.c.obj
                0x0000000010005648                hw_endpoint_xfer_start
 .text.hw_endpoint_xfer_continue
                0x0000000010005780      0x1e4 CMakeFiles/WS2812_Example.dir/home/etbcor/pico/pico-sdk/lib/tinyusb/src/portable/raspberrypi/rp2040/rp2040_usb.c.obj
                0x0000000010005780                hw_endpoint_xfer_continue
 .text.tud_mounted
                0x0000000010005964       0x10 CMakeFiles/WS2812_Example.dir/home/etbcor/pico/pico-sdk/lib/tinyusb/src/device/usbd.c.obj
                0x0000000010005964                tud_mounted
 .text.tud_suspended
                0x0000000010005974       0x10 CMakeFiles/WS2812_Example.dir/home/etbcor/pico/pico-sdk/lib/tinyusb/src/device/usbd.c.obj
                0x0000000010005974                tud_suspended
 .text.tud_inited
                0x0000000010005984        0xc CMakeFiles/WS2812_Example.dir/home/etbcor/pico/pico-sdk/lib/tinyusb/src/device/usbd.c.obj
                0x0000000010005984                tud_inited
 .text.tud_init
                0x0000000010005990       0xd8 CMakeFiles/WS2812_Example.dir/home/etbcor/pico/pico-sdk/lib/tinyusb/src/device/usbd.c.obj
                0x0000000010005990                tud_init
 .text.tud_task
                0x0000000010005a68      0x8ec CMakeFiles/WS2812_Example.dir/home/etbcor/pico/pico-sdk/lib/tinyusb/src/device/usbd.c.obj
                0x0000000010005a68                tud_task
 .text.dcd_event_bus_signal
                0x0000000010006354      0x120 CMakeFiles/WS2812_Example.dir/home/etbcor/pico/pico-sdk/lib/tinyusb/src/device/usbd.c.obj
                0x0000000010006354                dcd_event_bus_signal
 .text.dcd_event_bus_reset
                0x0000000010006474       0x54 CMakeFiles/WS2812_Example.dir/home/etbcor/pico/pico-sdk/lib/tinyusb/src/device/usbd.c.obj
                0x0000000010006474                dcd_event_bus_reset
 .text.dcd_event_setup_received
                0x00000000100064c8       0x50 CMakeFiles/WS2812_Example.dir/home/etbcor/pico/pico-sdk/lib/tinyusb/src/device/usbd.c.obj
                0x00000000100064c8                dcd_event_setup_received
 .text.dcd_event_xfer_complete
                0x0000000010006518       0x68 CMakeFiles/WS2812_Example.dir/home/etbcor/pico/pico-sdk/lib/tinyusb/src/device/usbd.c.obj
                0x0000000010006518                dcd_event_xfer_complete
 .text.usbd_open_edpt_pair
                0x0000000010006580       0x80 CMakeFiles/WS2812_Example.dir/home/etbcor/pico/pico-sdk/lib/tinyusb/src/device/usbd.c.obj
                0x0000000010006580                usbd_open_edpt_pair
 .text.usbd_edpt_open
                0x0000000010006600       0x30 CMakeFiles/WS2812_Example.dir/home/etbcor/pico/pico-sdk/lib/tinyusb/src/device/usbd.c.obj
                0x0000000010006600                usbd_edpt_open
 .text.usbd_edpt_claim
                0x0000000010006630       0x64 CMakeFiles/WS2812_Example.dir/home/etbcor/pico/pico-sdk/lib/tinyusb/src/device/usbd.c.obj
                0x0000000010006630                usbd_edpt_claim
 .text.usbd_edpt_release
                0x0000000010006694       0x4c CMakeFiles/WS2812_Example.dir/home/etbcor/pico/pico-sdk/lib/tinyusb/src/device/usbd.c.obj
                0x0000000010006694                usbd_edpt_release
 .text.usbd_edpt_xfer
                0x00000000100066e0       0x48 CMakeFiles/WS2812_Example.dir/home/etbcor/pico/pico-sdk/lib/tinyusb/src/device/usbd.c.obj
                0x00000000100066e0                usbd_edpt_xfer
 .text.tud_control_status
                0x0000000010006728       0x30 CMakeFiles/WS2812_Example.dir/home/etbcor/pico/pico-sdk/lib/tinyusb/src/device/usbd_control.c.obj
                0x0000000010006728                tud_control_status
 .text.tud_control_xfer
                0x0000000010006758       0xbc CMakeFiles/WS2812_Example.dir/home/etbcor/pico/pico-sdk/lib/tinyusb/src/device/usbd_control.c.obj
                0x0000000010006758                tud_control_xfer
 .text.usbd_control_reset
                0x0000000010006814       0x14 CMakeFiles/WS2812_Example.dir/home/etbcor/pico/pico-sdk/lib/tinyusb/src/device/usbd_control.c.obj
                0x0000000010006814                usbd_control_reset
 .text.usbd_control_set_complete_callback
                0x0000000010006828        0xc CMakeFiles/WS2812_Example.dir/home/etbcor/pico/pico-sdk/lib/tinyusb/src/device/usbd_control.c.obj
                0x0000000010006828                usbd_control_set_complete_callback
 .text.usbd_control_set_request
                0x0000000010006834       0x1c CMakeFiles/WS2812_Example.dir/home/etbcor/pico/pico-sdk/lib/tinyusb/src/device/usbd_control.c.obj
                0x0000000010006834                usbd_control_set_request
 .text.usbd_control_xfer_cb
                0x0000000010006850       0xfc CMakeFiles/WS2812_Example.dir/home/etbcor/pico/pico-sdk/lib/tinyusb/src/device/usbd_control.c.obj
                0x0000000010006850                usbd_control_xfer_cb
 .text.tud_cdc_n_connected
                0x000000001000694c       0x30 CMakeFiles/WS2812_Example.dir/home/etbcor/pico/pico-sdk/lib/tinyusb/src/class/cdc/cdc_device.c.obj
                0x000000001000694c                tud_cdc_n_connected
 .text.tud_cdc_n_available
                0x000000001000697c       0x18 CMakeFiles/WS2812_Example.dir/home/etbcor/pico/pico-sdk/lib/tinyusb/src/class/cdc/cdc_device.c.obj
                0x000000001000697c                tud_cdc_n_available
 .text.tud_cdc_n_read
                0x0000000010006994       0x70 CMakeFiles/WS2812_Example.dir/home/etbcor/pico/pico-sdk/lib/tinyusb/src/class/cdc/cdc_device.c.obj
                0x0000000010006994                tud_cdc_n_read
 .text.tud_cdc_n_write_flush
                0x0000000010006a04       0x78 CMakeFiles/WS2812_Example.dir/home/etbcor/pico/pico-sdk/lib/tinyusb/src/class/cdc/cdc_device.c.obj
                0x0000000010006a04                tud_cdc_n_write_flush
 .text.tud_cdc_n_write
                0x0000000010006a7c       0x34 CMakeFiles/WS2812_Example.dir/home/etbcor/pico/pico-sdk/lib/tinyusb/src/class/cdc/cdc_device.c.obj
                0x0000000010006a7c                tud_cdc_n_write
 .text.tud_cdc_n_write_available
                0x0000000010006ab0       0x18 CMakeFiles/WS2812_Example.dir/home/etbcor/pico/pico-sdk/lib/tinyusb/src/class/cdc/cdc_device.c.obj
                0x0000000010006ab0                tud_cdc_n_write_available
 .text.cdcd_init
                0x0000000010006ac8       0x7c CMakeFiles/WS2812_Example.dir/home/etbcor/pico/pico-sdk/lib/tinyusb/src/class/cdc/cdc_device.c.obj
                0x0000000010006ac8                cdcd_init
 .text.cdcd_reset
                0x0000000010006b44       0x2c CMakeFiles/WS2812_Example.dir/home/etbcor/pico/pico-sdk/lib/tinyusb/src/class/cdc/cdc_device.c.obj
                0x0000000010006b44                cdcd_reset
 .text.cdcd_open
                0x0000000010006b70       0xe4 CMakeFiles/WS2812_Example.dir/home/etbcor/pico/pico-sdk/lib/tinyusb/src/class/cdc/cdc_device.c.obj
                0x0000000010006b70                cdcd_open
 .text.cdcd_control_xfer_cb
                0x0000000010006c54       0xe4 CMakeFiles/WS2812_Example.dir/home/etbcor/pico/pico-sdk/lib/tinyusb/src/class/cdc/cdc_device.c.obj
                0x0000000010006c54                cdcd_control_xfer_cb
 .text.cdcd_xfer_cb
                0x0000000010006d38      0x148 CMakeFiles/WS2812_Example.dir/home/etbcor/pico/pico-sdk/lib/tinyusb/src/class/cdc/cdc_device.c.obj
                0x0000000010006d38                cdcd_xfer_cb
 .text.tusb_init
                0x0000000010006e80        0xc CMakeFiles/WS2812_Example.dir/home/etbcor/pico/pico-sdk/lib/tinyusb/src/tusb.c.obj
                0x0000000010006e80                tusb_init
 .text.tusb_inited
                0x0000000010006e8c        0x8 CMakeFiles/WS2812_Example.dir/home/etbcor/pico/pico-sdk/lib/tinyusb/src/tusb.c.obj
                0x0000000010006e8c                tusb_inited
 .text.tu_edpt_validate
                0x0000000010006e94       0x78 CMakeFiles/WS2812_Example.dir/home/etbcor/pico/pico-sdk/lib/tinyusb/src/tusb.c.obj
                0x0000000010006e94                tu_edpt_validate
 .text.tu_edpt_bind_driver
                0x0000000010006f0c       0x2c CMakeFiles/WS2812_Example.dir/home/etbcor/pico/pico-sdk/lib/tinyusb/src/tusb.c.obj
                0x0000000010006f0c                tu_edpt_bind_driver
 .text.tu_fifo_config
                0x0000000010006f38       0x78 CMakeFiles/WS2812_Example.dir/home/etbcor/pico/pico-sdk/lib/tinyusb/src/common/tusb_fifo.c.obj
                0x0000000010006f38                tu_fifo_config
 .text.tu_fifo_count
                0x0000000010006fb0       0x20 CMakeFiles/WS2812_Example.dir/home/etbcor/pico/pico-sdk/lib/tinyusb/src/common/tusb_fifo.c.obj
                0x0000000010006fb0                tu_fifo_count
 .text.tu_fifo_empty
                0x0000000010006fd0       0x10 CMakeFiles/WS2812_Example.dir/home/etbcor/pico/pico-sdk/lib/tinyusb/src/common/tusb_fifo.c.obj
                0x0000000010006fd0                tu_fifo_empty
 .text.tu_fifo_remaining
                0x0000000010006fe0       0x1c CMakeFiles/WS2812_Example.dir/home/etbcor/pico/pico-sdk/lib/tinyusb/src/common/tusb_fifo.c.obj
                0x0000000010006fe0                tu_fifo_remaining
 .text.tu_fifo_read
                0x0000000010006ffc       0x9c CMakeFiles/WS2812_Example.dir/home/etbcor/pico/pico-sdk/lib/tinyusb/src/common/tusb_fifo.c.obj
                0x0000000010006ffc                tu_fifo_read
 .text.tu_fifo_read_n
                0x0000000010007098      0x100 CMakeFiles/WS2812_Example.dir/home/etbcor/pico/pico-sdk/lib/tinyusb/src/common/tusb_fifo.c.obj
                0x0000000010007098                tu_fifo_read_n
 .text.tu_fifo_write
                0x0000000010007198       0x7c CMakeFiles/WS2812_Example.dir/home/etbcor/pico/pico-sdk/lib/tinyusb/src/common/tusb_fifo.c.obj
                0x0000000010007198                tu_fifo_write
 .text.tu_fifo_write_n
                0x0000000010007214      0x100 CMakeFiles/WS2812_Example.dir/home/etbcor/pico/pico-sdk/lib/tinyusb/src/common/tusb_fifo.c.obj
                0x0000000010007214                tu_fifo_write_n
 .text.tu_fifo_clear
                0x0000000010007314       0x4c CMakeFiles/WS2812_Example.dir/home/etbcor/pico/pico-sdk/lib/tinyusb/src/common/tusb_fifo.c.obj
                0x0000000010007314                tu_fifo_clear
 .text.tu_fifo_set_overwritable
                0x0000000010007360       0x3c CMakeFiles/WS2812_Example.dir/home/etbcor/pico/pico-sdk/lib/tinyusb/src/common/tusb_fifo.c.obj
                0x0000000010007360                tu_fifo_set_overwritable
 .text.startup._retrieve_unique_id_on_boot
                0x000000001000739c       0x10 CMakeFiles/WS2812_Example.dir/home/etbcor/pico/pico-sdk/src/rp2_common/pico_unique_id/unique_id.c.obj
 .text.pico_get_unique_board_id_string
                0x00000000100073ac      0x1a8 CMakeFiles/WS2812_Example.dir/home/etbcor/pico/pico-sdk/src/rp2_common/pico_unique_id/unique_id.c.obj
                0x00000000100073ac                pico_get_unique_board_id_string
 .text.flash_get_unique_id
                0x0000000010007554       0x40 CMakeFiles/WS2812_Example.dir/home/etbcor/pico/pico-sdk/src/rp2_common/hardware_flash/flash.c.obj
                0x0000000010007554                flash_get_unique_id
 .text.pio_add_program
                0x0000000010007594       0xc8 CMakeFiles/WS2812_Example.dir/home/etbcor/pico/pico-sdk/src/rp2_common/hardware_pio/pio.c.obj
                0x0000000010007594                pio_add_program
 .text.pio_sm_set_consecutive_pindirs
                0x000000001000765c       0x84 CMakeFiles/WS2812_Example.dir/home/etbcor/pico/pico-sdk/src/rp2_common/hardware_pio/pio.c.obj
                0x000000001000765c                pio_sm_set_consecutive_pindirs
 .text.pio_sm_init
                0x00000000100076e0       0x90 CMakeFiles/WS2812_Example.dir/home/etbcor/pico/pico-sdk/src/rp2_common/hardware_pio/pio.c.obj
                0x00000000100076e0                pio_sm_init
 .text.__cxa_end_cleanup
                0x0000000010007770        0xc /usr/lib/gcc/arm-none-eabi/10.3.1/../../../arm-none-eabi/lib/thumb/v6-m/nofp/libstdc++.a(eh_arm.o)
                0x0000000010007770                __cxa_end_cleanup
 .text.__cxa_type_match
                0x000000001000777c       0xc0 /usr/lib/gcc/arm-none-eabi/10.3.1/../../../arm-none-eabi/lib/thumb/v6-m/nofp/libstdc++.a(eh_arm.o)
                0x000000001000777c                __cxa_type_match
 .text.__cxa_begin_cleanup
                0x000000001000783c       0x60 /usr/lib/gcc/arm-none-eabi/10.3.1/../../../arm-none-eabi/lib/thumb/v6-m/nofp/libstdc++.a(eh_arm.o)
                0x000000001000783c                __cxa_begin_cleanup
 .text.__gnu_end_cleanup
                0x000000001000789c       0x70 /usr/lib/gcc/arm-none-eabi/10.3.1/../../../arm-none-eabi/lib/thumb/v6-m/nofp/libstdc++.a(eh_arm.o)
                0x000000001000789c                __gnu_end_cleanup
 .text.unlikely.__cxa_throw_bad_array_new_length
                0x000000001000790c       0x20 /usr/lib/gcc/arm-none-eabi/10.3.1/../../../arm-none-eabi/lib/thumb/v6-m/nofp/libstdc++.a(eh_aux_runtime.o)
                0x000000001000790c                __cxa_throw_bad_array_new_length
 .text._ZNSt9exceptionD2Ev
                0x000000001000792c        0x4 /usr/lib/gcc/arm-none-eabi/10.3.1/../../../arm-none-eabi/lib/thumb/v6-m/nofp/libstdc++.a(eh_exception.o)
                0x000000001000792c                std::exception::~exception()
                0x000000001000792c                std::exception::~exception()
 .text._ZNSt13bad_exceptionD2Ev
                0x0000000010007930        0x4 /usr/lib/gcc/arm-none-eabi/10.3.1/../../../arm-none-eabi/lib/thumb/v6-m/nofp/libstdc++.a(eh_exception.o)
                0x0000000010007930                std::bad_exception::~bad_exception()
                0x0000000010007930                std::bad_exception::~bad_exception()
 .text._ZNKSt13bad_exception4whatEv
                0x0000000010007934        0x8 /usr/lib/gcc/arm-none-eabi/10.3.1/../../../arm-none-eabi/lib/thumb/v6-m/nofp/libstdc++.a(eh_exception.o)
                0x0000000010007934                transaction clone for std::bad_exception::what() const
                0x0000000010007934                std::bad_exception::what() const
 .text._ZNSt13bad_exceptionD0Ev
                0x000000001000793c       0x10 /usr/lib/gcc/arm-none-eabi/10.3.1/../../../arm-none-eabi/lib/thumb/v6-m/nofp/libstdc++.a(eh_exception.o)
                0x000000001000793c                std::bad_exception::~bad_exception()
 .text.__cxa_get_globals_fast
                0x000000001000794c        0x8 /usr/lib/gcc/arm-none-eabi/10.3.1/../../../arm-none-eabi/lib/thumb/v6-m/nofp/libstdc++.a(eh_globals.o)
                0x000000001000794c                __cxa_get_globals_fast
 .text.__cxa_get_globals
                0x0000000010007954        0x8 /usr/lib/gcc/arm-none-eabi/10.3.1/../../../arm-none-eabi/lib/thumb/v6-m/nofp/libstdc++.a(eh_globals.o)
                0x0000000010007954                __cxa_get_globals
 .text._ZL28read_encoded_value_with_basehjPKhPj
                0x000000001000795c      0x114 /usr/lib/gcc/arm-none-eabi/10.3.1/../../../arm-none-eabi/lib/thumb/v6-m/nofp/libstdc++.a(eh_personality.o)
 .text._ZL21base_of_encoded_valuehP15_Unwind_Context
                0x0000000010007a70       0x48 /usr/lib/gcc/arm-none-eabi/10.3.1/../../../arm-none-eabi/lib/thumb/v6-m/nofp/libstdc++.a(eh_personality.o)
 .text._ZL17parse_lsda_headerP15_Unwind_ContextPKhP16lsda_header_info
                0x0000000010007ab8       0x98 /usr/lib/gcc/arm-none-eabi/10.3.1/../../../arm-none-eabi/lib/thumb/v6-m/nofp/libstdc++.a(eh_personality.o)
 .text.__gxx_personality_v0
                0x0000000010007b50      0x4c8 /usr/lib/gcc/arm-none-eabi/10.3.1/../../../arm-none-eabi/lib/thumb/v6-m/nofp/libstdc++.a(eh_personality.o)
                0x0000000010007b50                __gxx_personality_v0
 .text._ZN10__cxxabiv111__terminateEPFvvE
                0x0000000010008018       0x28 /usr/lib/gcc/arm-none-eabi/10.3.1/../../../arm-none-eabi/lib/thumb/v6-m/nofp/libstdc++.a(eh_terminate.o)
                0x0000000010008018                __cxxabiv1::__terminate(void (*)())
 .text._ZSt9terminatev
                0x0000000010008040       0x10 /usr/lib/gcc/arm-none-eabi/10.3.1/../../../arm-none-eabi/lib/thumb/v6-m/nofp/libstdc++.a(eh_terminate.o)
                0x0000000010008040                std::terminate()
 .text._ZN10__cxxabiv112__unexpectedEPFvvE
                0x0000000010008050        0x8 /usr/lib/gcc/arm-none-eabi/10.3.1/../../../arm-none-eabi/lib/thumb/v6-m/nofp/libstdc++.a(eh_terminate.o)
                0x0000000010008050                __cxxabiv1::__unexpected(void (*)())
 .text._ZSt10unexpectedv
                0x0000000010008058       0x10 /usr/lib/gcc/arm-none-eabi/10.3.1/../../../arm-none-eabi/lib/thumb/v6-m/nofp/libstdc++.a(eh_terminate.o)
                0x0000000010008058                std::unexpected()
 .text._ZSt13get_terminatev
                0x0000000010008068        0xc /usr/lib/gcc/arm-none-eabi/10.3.1/../../../arm-none-eabi/lib/thumb/v6-m/nofp/libstdc++.a(eh_terminate.o)
                0x0000000010008068                std::get_terminate()
 .text._ZSt14get_unexpectedv
                0x0000000010008074        0xc /usr/lib/gcc/arm-none-eabi/10.3.1/../../../arm-none-eabi/lib/thumb/v6-m/nofp/libstdc++.a(eh_terminate.o)
                0x0000000010008074                std::get_unexpected()
 .text._ZL23__gxx_exception_cleanup19_Unwind_Reason_CodeP21_Unwind_Control_Block
                0x0000000010008080       0x34 /usr/lib/gcc/arm-none-eabi/10.3.1/../../../arm-none-eabi/lib/thumb/v6-m/nofp/libstdc++.a(eh_throw.o)
 .text.__cxa_init_primary_exception
                0x00000000100080b4       0x4c /usr/lib/gcc/arm-none-eabi/10.3.1/../../../arm-none-eabi/lib/thumb/v6-m/nofp/libstdc++.a(eh_throw.o)
                0x00000000100080b4                __cxa_init_primary_exception
 .text.__cxa_throw
                0x0000000010008100       0x34 /usr/lib/gcc/arm-none-eabi/10.3.1/../../../arm-none-eabi/lib/thumb/v6-m/nofp/libstdc++.a(eh_throw.o)
                0x0000000010008100                __cxa_throw
 .text.__cxa_rethrow
                0x0000000010008134       0x70 /usr/lib/gcc/arm-none-eabi/10.3.1/../../../arm-none-eabi/lib/thumb/v6-m/nofp/libstdc++.a(eh_throw.o)
                0x0000000010008134                __cxa_rethrow
 .text._Znaj    0x00000000100081a4        0x8 /usr/lib/gcc/arm-none-eabi/10.3.1/../../../arm-none-eabi/lib/thumb/v6-m/nofp/libstdc++.a(new_opv.o)
                0x00000000100081a4                operator new[](unsigned int)
 .text._ZN10__cxxabiv120__si_class_type_infoD2Ev
                0x00000000100081ac       0x18 /usr/lib/gcc/arm-none-eabi/10.3.1/../../../arm-none-eabi/lib/thumb/v6-m/nofp/libstdc++.a(si_class_type_info.o)
                0x00000000100081ac                __cxxabiv1::__si_class_type_info::~__si_class_type_info()
                0x00000000100081ac                __cxxabiv1::__si_class_type_info::~__si_class_type_info()
 .text._ZN10__cxxabiv120__si_class_type_infoD0Ev
                0x00000000100081c4       0x20 /usr/lib/gcc/arm-none-eabi/10.3.1/../../../arm-none-eabi/lib/thumb/v6-m/nofp/libstdc++.a(si_class_type_info.o)
                0x00000000100081c4                __cxxabiv1::__si_class_type_info::~__si_class_type_info()
 .text._ZNK10__cxxabiv120__si_class_type_info20__do_find_public_srcEiPKvPKNS_17__class_type_infoES2_
                0x00000000100081e4       0x38 /usr/lib/gcc/arm-none-eabi/10.3.1/../../../arm-none-eabi/lib/thumb/v6-m/nofp/libstdc++.a(si_class_type_info.o)
                0x00000000100081e4                __cxxabiv1::__si_class_type_info::__do_find_public_src(int, void const*, __cxxabiv1::__class_type_info const*, void const*) const
 .text._ZNK10__cxxabiv120__si_class_type_info12__do_dyncastEiNS_17__class_type_info10__sub_kindEPKS1_PKvS4_S6_RNS1_16__dyncast_resultE
                0x000000001000821c       0x9c /usr/lib/gcc/arm-none-eabi/10.3.1/../../../arm-none-eabi/lib/thumb/v6-m/nofp/libstdc++.a(si_class_type_info.o)
                0x000000001000821c                __cxxabiv1::__si_class_type_info::__do_dyncast(int, __cxxabiv1::__class_type_info::__sub_kind, __cxxabiv1::__class_type_info const*, void const*, __cxxabiv1::__class_type_info const*, void const*, __cxxabiv1::__class_type_info::__dyncast_result&) const
 .text._ZNK10__cxxabiv120__si_class_type_info11__do_upcastEPKNS_17__class_type_infoEPKvRNS1_15__upcast_resultE
                0x00000000100082b8       0x24 /usr/lib/gcc/arm-none-eabi/10.3.1/../../../arm-none-eabi/lib/thumb/v6-m/nofp/libstdc++.a(si_class_type_info.o)
                0x00000000100082b8                __cxxabiv1::__si_class_type_info::__do_upcast(__cxxabiv1::__class_type_info const*, void const*, __cxxabiv1::__class_type_info::__upcast_result&) const
 .text._ZNSt9type_infoD2Ev
                0x00000000100082dc        0x4 /usr/lib/gcc/arm-none-eabi/10.3.1/../../../arm-none-eabi/lib/thumb/v6-m/nofp/libstdc++.a(tinfo.o)
                0x00000000100082dc                std::type_info::~type_info()
                0x00000000100082dc                std::type_info::~type_info()
 .text._ZNKSt9type_info14__is_pointer_pEv
                0x00000000100082e0        0x4 /usr/lib/gcc/arm-none-eabi/10.3.1/../../../arm-none-eabi/lib/thumb/v6-m/nofp/libstdc++.a(tinfo.o)
                0x00000000100082e0                std::type_info::__is_function_p() const
                0x00000000100082e0                std::type_info::__is_pointer_p() const
 .text._ZNKSt9type_infoeqERKS_
                0x00000000100082e4       0x30 /usr/lib/gcc/arm-none-eabi/10.3.1/../../../arm-none-eabi/lib/thumb/v6-m/nofp/libstdc++.a(tinfo.o)
                0x00000000100082e4                std::type_info::operator==(std::type_info const&) const
 .text._ZNKSt20bad_array_new_length4whatEv
                0x0000000010008314        0x8 /usr/lib/gcc/arm-none-eabi/10.3.1/../../../arm-none-eabi/lib/thumb/v6-m/nofp/libstdc++.a(bad_array_new.o)
                0x0000000010008314                std::bad_array_new_length::what() const
 .text._ZNSt20bad_array_new_lengthD2Ev
                0x000000001000831c       0x18 /usr/lib/gcc/arm-none-eabi/10.3.1/../../../arm-none-eabi/lib/thumb/v6-m/nofp/libstdc++.a(bad_array_new.o)
                0x000000001000831c                std::bad_array_new_length::~bad_array_new_length()
                0x000000001000831c                std::bad_array_new_length::~bad_array_new_length()
 .text._ZNSt20bad_array_new_lengthD0Ev
                0x0000000010008334       0x20 /usr/lib/gcc/arm-none-eabi/10.3.1/../../../arm-none-eabi/lib/thumb/v6-m/nofp/libstdc++.a(bad_array_new.o)
                0x0000000010008334                std::bad_array_new_length::~bad_array_new_length()
 .text._ZNK10__cxxabiv117__class_type_info11__do_upcastEPKS0_PPv
                0x0000000010008354       0x34 /usr/lib/gcc/arm-none-eabi/10.3.1/../../../arm-none-eabi/lib/thumb/v6-m/nofp/libstdc++.a(class_type_info.o)
                0x0000000010008354                __cxxabiv1::__class_type_info::__do_upcast(__cxxabiv1::__class_type_info const*, void**) const
 .text._ZNK10__cxxabiv117__class_type_info20__do_find_public_srcEiPKvPKS0_S2_
                0x0000000010008388       0x14 /usr/lib/gcc/arm-none-eabi/10.3.1/../../../arm-none-eabi/lib/thumb/v6-m/nofp/libstdc++.a(class_type_info.o)
                0x0000000010008388                __cxxabiv1::__class_type_info::__do_find_public_src(int, void const*, __cxxabiv1::__class_type_info const*, void const*) const
 .text._ZN10__cxxabiv117__class_type_infoD2Ev
                0x000000001000839c       0x18 /usr/lib/gcc/arm-none-eabi/10.3.1/../../../arm-none-eabi/lib/thumb/v6-m/nofp/libstdc++.a(class_type_info.o)
                0x000000001000839c                __cxxabiv1::__class_type_info::~__class_type_info()
                0x000000001000839c                __cxxabiv1::__class_type_info::~__class_type_info()
 .text._ZN10__cxxabiv117__class_type_infoD0Ev
                0x00000000100083b4       0x20 /usr/lib/gcc/arm-none-eabi/10.3.1/../../../arm-none-eabi/lib/thumb/v6-m/nofp/libstdc++.a(class_type_info.o)
                0x00000000100083b4                __cxxabiv1::__class_type_info::~__class_type_info()
 .text._ZNK10__cxxabiv117__class_type_info12__do_dyncastEiNS0_10__sub_kindEPKS0_PKvS3_S5_RNS0_16__dyncast_resultE
                0x00000000100083d4       0x40 /usr/lib/gcc/arm-none-eabi/10.3.1/../../../arm-none-eabi/lib/thumb/v6-m/nofp/libstdc++.a(class_type_info.o)
                0x00000000100083d4                __cxxabiv1::__class_type_info::__do_dyncast(int, __cxxabiv1::__class_type_info::__sub_kind, __cxxabiv1::__class_type_info const*, void const*, __cxxabiv1::__class_type_info const*, void const*, __cxxabiv1::__class_type_info::__dyncast_result&) const
 .text._ZNK10__cxxabiv117__class_type_info11__do_upcastEPKS0_PKvRNS0_15__upcast_resultE
                0x0000000010008414       0x1c /usr/lib/gcc/arm-none-eabi/10.3.1/../../../arm-none-eabi/lib/thumb/v6-m/nofp/libstdc++.a(class_type_info.o)
                0x0000000010008414                __cxxabiv1::__class_type_info::__do_upcast(__cxxabiv1::__class_type_info const*, void const*, __cxxabiv1::__class_type_info::__upcast_result&) const
 .text._ZNK10__cxxabiv117__class_type_info10__do_catchEPKSt9type_infoPPvj
                0x0000000010008430       0x24 /usr/lib/gcc/arm-none-eabi/10.3.1/../../../arm-none-eabi/lib/thumb/v6-m/nofp/libstdc++.a(class_type_info.o)
                0x0000000010008430                __cxxabiv1::__class_type_info::__do_catch(std::type_info const*, void**, unsigned int) const
 .text._ZdlPvj  0x0000000010008454        0x8 /usr/lib/gcc/arm-none-eabi/10.3.1/../../../arm-none-eabi/lib/thumb/v6-m/nofp/libstdc++.a(del_ops.o)
                0x0000000010008454                operator delete(void*, unsigned int)
 .text._ZN12_GLOBAL__N_14pool4freeEPv.constprop.0
                0x000000001000845c       0x78 /usr/lib/gcc/arm-none-eabi/10.3.1/../../../arm-none-eabi/lib/thumb/v6-m/nofp/libstdc++.a(eh_alloc.o)
 .text._ZN12_GLOBAL__N_14pool8allocateEj.constprop.0
                0x00000000100084d4       0x54 /usr/lib/gcc/arm-none-eabi/10.3.1/../../../arm-none-eabi/lib/thumb/v6-m/nofp/libstdc++.a(eh_alloc.o)
 .text.__cxa_allocate_exception
                0x0000000010008528       0x2c /usr/lib/gcc/arm-none-eabi/10.3.1/../../../arm-none-eabi/lib/thumb/v6-m/nofp/libstdc++.a(eh_alloc.o)
                0x0000000010008528                __cxa_allocate_exception
 .text.__cxa_free_exception
                0x0000000010008554       0x24 /usr/lib/gcc/arm-none-eabi/10.3.1/../../../arm-none-eabi/lib/thumb/v6-m/nofp/libstdc++.a(eh_alloc.o)
                0x0000000010008554                __cxa_free_exception
 .text.startup._GLOBAL__sub_I__ZN9__gnu_cxx9__freeresEv
                0x0000000010008578       0x2c /usr/lib/gcc/arm-none-eabi/10.3.1/../../../arm-none-eabi/lib/thumb/v6-m/nofp/libstdc++.a(eh_alloc.o)
 .text._ZN10__cxxabiv1L24__is_gxx_exception_classEPc
                0x00000000100085a4       0x3c /usr/lib/gcc/arm-none-eabi/10.3.1/../../../arm-none-eabi/lib/thumb/v6-m/nofp/libstdc++.a(eh_call.o)
 .text.__cxa_call_terminate
                0x00000000100085e0       0x20 /usr/lib/gcc/arm-none-eabi/10.3.1/../../../arm-none-eabi/lib/thumb/v6-m/nofp/libstdc++.a(eh_call.o)
                0x00000000100085e0                __cxa_call_terminate
 .text.unlikely.__cxa_call_unexpected
                0x0000000010008600      0x100 /usr/lib/gcc/arm-none-eabi/10.3.1/../../../arm-none-eabi/lib/thumb/v6-m/nofp/libstdc++.a(eh_call.o)
                0x0000000010008600                __cxa_call_unexpected
 .text.__cxa_begin_catch
                0x0000000010008700       0x74 /usr/lib/gcc/arm-none-eabi/10.3.1/../../../arm-none-eabi/lib/thumb/v6-m/nofp/libstdc++.a(eh_catch.o)
                0x0000000010008700                __cxa_begin_catch
 .text.__cxa_end_catch
                0x0000000010008774       0x90 /usr/lib/gcc/arm-none-eabi/10.3.1/../../../arm-none-eabi/lib/thumb/v6-m/nofp/libstdc++.a(eh_catch.o)
                0x0000000010008774                __cxa_end_catch
 .text._Znwj    0x0000000010008804       0x40 /usr/lib/gcc/arm-none-eabi/10.3.1/../../../arm-none-eabi/lib/thumb/v6-m/nofp/libstdc++.a(new_op.o)
                0x0000000010008804                operator new(unsigned int)
 .text._ZNKSt9bad_alloc4whatEv
                0x0000000010008844        0x8 /usr/lib/gcc/arm-none-eabi/10.3.1/../../../arm-none-eabi/lib/thumb/v6-m/nofp/libstdc++.a(bad_alloc.o)
                0x0000000010008844                std::bad_alloc::what() const
 .text._ZNSt9bad_allocD2Ev
                0x000000001000884c       0x18 /usr/lib/gcc/arm-none-eabi/10.3.1/../../../arm-none-eabi/lib/thumb/v6-m/nofp/libstdc++.a(bad_alloc.o)
                0x000000001000884c                std::bad_alloc::~bad_alloc()
                0x000000001000884c                std::bad_alloc::~bad_alloc()
 .text._ZNSt9bad_allocD0Ev
                0x0000000010008864       0x20 /usr/lib/gcc/arm-none-eabi/10.3.1/../../../arm-none-eabi/lib/thumb/v6-m/nofp/libstdc++.a(bad_alloc.o)
                0x0000000010008864                std::bad_alloc::~bad_alloc()
 .text._ZdlPv   0x0000000010008884        0x8 /usr/lib/gcc/arm-none-eabi/10.3.1/../../../arm-none-eabi/lib/thumb/v6-m/nofp/libstdc++.a(del_op.o)
                0x0000000010008884                operator delete(void*)
 .text._ZSt15get_new_handlerv
                0x000000001000888c        0xc /usr/lib/gcc/arm-none-eabi/10.3.1/../../../arm-none-eabi/lib/thumb/v6-m/nofp/libstdc++.a(new_handler.o)
                0x000000001000888c                std::get_new_handler()
 .text          0x0000000010008898       0x10 /usr/lib/gcc/arm-none-eabi/10.3.1/../../../arm-none-eabi/lib/thumb/v6-m/nofp/libc.a(lib_a-abort.o)
                0x0000000010008898                abort
 .text          0x00000000100088a8       0x28 /usr/lib/gcc/arm-none-eabi/10.3.1/../../../arm-none-eabi/lib/thumb/v6-m/nofp/libc.a(lib_a-malloc.o)
                0x00000000100088a8                malloc
                0x00000000100088bc                free
 .text          0x00000000100088d0      0x574 /usr/lib/gcc/arm-none-eabi/10.3.1/../../../arm-none-eabi/lib/thumb/v6-m/nofp/libc.a(lib_a-mallocr.o)
                0x00000000100088d0                _malloc_r
 .text          0x0000000010008e44        0x8 /usr/lib/gcc/arm-none-eabi/10.3.1/../../../arm-none-eabi/lib/thumb/v6-m/nofp/libc.a(lib_a-mlock.o)
                0x0000000010008e44                __malloc_lock
                0x0000000010008e48                __malloc_unlock
 .text          0x0000000010008e4c       0x48 /usr/lib/gcc/arm-none-eabi/10.3.1/../../../arm-none-eabi/lib/thumb/v6-m/nofp/libc.a(lib_a-rand.o)
                0x0000000010008e4c                srand
                0x0000000010008e60                rand
 .text          0x0000000010008e94       0x24 /usr/lib/gcc/arm-none-eabi/10.3.1/../../../arm-none-eabi/lib/thumb/v6-m/nofp/libc.a(lib_a-sbrkr.o)
                0x0000000010008e94                _sbrk_r
 .text          0x0000000010008eb8      0x2a0 /usr/lib/gcc/arm-none-eabi/10.3.1/../../../arm-none-eabi/lib/thumb/v6-m/nofp/libc.a(lib_a-signal.o)
                0x0000000010008eb8                _init_signal_r
                0x0000000010008eec                _signal_r
                0x0000000010008f44                _raise_r
                0x0000000010008fa0                __sigtramp_r
                0x0000000010009000                raise
                0x0000000010009060                signal
                0x00000000100090b4                _init_signal
                0x00000000100090f0                __sigtramp
 .text          0x0000000010009158       0x30 /usr/lib/gcc/arm-none-eabi/10.3.1/../../../arm-none-eabi/lib/thumb/v6-m/nofp/libc.a(lib_a-signalr.o)
                0x0000000010009158                _kill_r
                0x0000000010009180                _getpid_r
 .text          0x0000000010009188       0x88 /usr/lib/gcc/arm-none-eabi/10.3.1/../../../arm-none-eabi/lib/thumb/v6-m/nofp/libc.a(lib_a-strcmp.o)
                0x0000000010009188                strcmp
 .text          0x0000000010009210       0x5c /usr/lib/gcc/arm-none-eabi/10.3.1/../../../arm-none-eabi/lib/thumb/v6-m/nofp/libc.a(lib_a-strlen-stub.o)
                0x0000000010009210                strlen
 .text          0x000000001000926c      0x260 /usr/lib/gcc/arm-none-eabi/10.3.1/../../../arm-none-eabi/lib/thumb/v6-m/nofp/libc.a(lib_a-freer.o)
                0x000000001000926c                _malloc_trim_r
                0x0000000010009308                _free_r
 .text          0x00000000100094cc       0x10 /usr/lib/gcc/arm-none-eabi/10.3.1/../../../arm-none-eabi/lib/thumb/v6-m/nofp/libnosys.a(getpid.o)
                0x00000000100094cc                _getpid
 .text          0x00000000100094dc       0x10 /usr/lib/gcc/arm-none-eabi/10.3.1/../../../arm-none-eabi/lib/thumb/v6-m/nofp/libnosys.a(kill.o)
                0x00000000100094dc                _kill
 *(.fini)
 .fini          0x00000000100094ec        0x4 /usr/lib/gcc/arm-none-eabi/10.3.1/thumb/v6-m/nofp/crti.o
                0x00000000100094ec                _fini
 .fini.__stub   0x00000000100094f0      0x130 linker stubs
 *crtbegin.o(.ctors)
 *crtbegin?.o(.ctors)
 *(EXCLUDE_FILE(*crtend.o *crtend?.o) .ctors)
 *(SORT_BY_NAME(.ctors.*))
 *(.ctors)
 *crtbegin.o(.dtors)
 *crtbegin?.o(.dtors)
 *(EXCLUDE_FILE(*crtend.o *crtend?.o) .dtors)
 *(SORT_BY_NAME(.dtors.*))
 *(.dtors)
 *(.eh_frame*)
 .eh_frame      0x0000000010009620        0x0 /usr/lib/gcc/arm-none-eabi/10.3.1/thumb/v6-m/nofp/crtbegin.o
                0x0000000010009620                . = ALIGN (0x4)

.glue_7         0x0000000010009620        0x0
 .glue_7        0x0000000010009620        0x0 linker stubs

.glue_7t        0x0000000010009620        0x0
 .glue_7t       0x0000000010009620        0x0 linker stubs

.vfp11_veneer   0x0000000010009620        0x0
 .vfp11_veneer  0x0000000010009620        0x0 linker stubs

.v4_bx          0x0000000010009620        0x0
 .v4_bx         0x0000000010009620        0x0 linker stubs

.iplt           0x0000000010009620        0x0
 .iplt          0x0000000010009620        0x0 /usr/lib/gcc/arm-none-eabi/10.3.1/thumb/v6-m/nofp/crtbegin.o

.rodata         0x0000000010009620      0x8d0
 *(EXCLUDE_FILE(*libm.a: *libc.a:*lib_a-mem*.o *libgcc.a:) .rodata*)
 .rodata.main.str1.4
                0x0000000010009620       0xaf CMakeFiles/WS2812_Example.dir/example.cpp.obj
 *fill*         0x00000000100096cf        0x1 
 .rodata._ZL14ws2812_program
                0x00000000100096d0        0x6 CMakeFiles/WS2812_Example.dir/WS2812.cpp.obj
 *fill*         0x00000000100096d6        0x2 
 .rodata._ZL27ws2812_program_instructions
                0x00000000100096d8        0x8 CMakeFiles/WS2812_Example.dir/WS2812.cpp.obj
 .rodata.spin_lock_claim_unused.str1.4
                0x00000000100096e0       0x1b CMakeFiles/WS2812_Example.dir/home/etbcor/pico/pico-sdk/src/rp2_common/hardware_sync/sync.c.obj
 *fill*         0x00000000100096fb        0x1 
 .rodata.user_irq_claim_unused.str1.4
                0x00000000100096fc       0x1b CMakeFiles/WS2812_Example.dir/home/etbcor/pico/pico-sdk/src/rp2_common/hardware_irq/irq.c.obj
 *fill*         0x0000000010009717        0x1 
 .rodata.hardware_alarm_claim.str1.4
                0x0000000010009718       0x22 CMakeFiles/WS2812_Example.dir/home/etbcor/pico/pico-sdk/src/rp2_common/hardware_timer/timer.c.obj
 *fill*         0x000000001000973a        0x2 
 .rodata.panic.str1.4
                0x000000001000973c       0x12 CMakeFiles/WS2812_Example.dir/home/etbcor/pico/pico-sdk/src/rp2_common/pico_runtime/runtime.c.obj
 *fill*         0x000000001000974e        0x2 
 .rodata.hard_assertion_failure.str1.4
                0x0000000010009750        0xc CMakeFiles/WS2812_Example.dir/home/etbcor/pico/pico-sdk/src/rp2_common/pico_runtime/runtime.c.obj
 .rodata._ftoa.str1.4
                0x000000001000975c       0x15 CMakeFiles/WS2812_Example.dir/home/etbcor/pico/pico-sdk/src/rp2_common/pico_printf/printf.c.obj
 *fill*         0x0000000010009771        0x3 
 .rodata._vsnprintf
                0x0000000010009774      0x1e0 CMakeFiles/WS2812_Example.dir/home/etbcor/pico/pico-sdk/src/rp2_common/pico_printf/printf.c.obj
 *fill*         0x0000000010009954        0x4 
 .rodata.pow10.0
                0x0000000010009958       0x50 CMakeFiles/WS2812_Example.dir/home/etbcor/pico/pico-sdk/src/rp2_common/pico_printf/printf.c.obj
 .rodata.missing_double_func_shim.str1.4
                0x00000000100099a8       0x18 CMakeFiles/WS2812_Example.dir/home/etbcor/pico/pico-sdk/src/rp2_common/pico_double/double_init_rom.c.obj
 .rodata.missing_float_func_shim.str1.4
                0x00000000100099c0       0x18 CMakeFiles/WS2812_Example.dir/home/etbcor/pico/pico-sdk/src/rp2_common/pico_float/float_init_rom.c.obj
                                          0x1 (size before relaxing)
 .rodata.__wrap_malloc.str1.4
                0x00000000100099c0        0xe CMakeFiles/WS2812_Example.dir/home/etbcor/pico/pico-sdk/src/rp2_common/pico_malloc/pico_malloc.c.obj
 *fill*         0x00000000100099ce        0x2 
 .rodata.str1.4
                0x00000000100099d0       0x5c CMakeFiles/WS2812_Example.dir/home/etbcor/pico/pico-sdk/src/rp2_common/pico_standard_link/binary_info.c.obj
 .rodata.__bi_44
                0x0000000010009a2c        0xc CMakeFiles/WS2812_Example.dir/home/etbcor/pico/pico-sdk/src/rp2_common/pico_standard_link/binary_info.c.obj
 .rodata.__bi_56
                0x0000000010009a38        0xc CMakeFiles/WS2812_Example.dir/home/etbcor/pico/pico-sdk/src/rp2_common/pico_standard_link/binary_info.c.obj
 .rodata.__bi_75
                0x0000000010009a44        0xc CMakeFiles/WS2812_Example.dir/home/etbcor/pico/pico-sdk/src/rp2_common/pico_standard_link/binary_info.c.obj
 .rodata.__bi_81
                0x0000000010009a50        0xc CMakeFiles/WS2812_Example.dir/home/etbcor/pico/pico-sdk/src/rp2_common/pico_standard_link/binary_info.c.obj
 .rodata.crlf_str.0
                0x0000000010009a5c        0x2 CMakeFiles/WS2812_Example.dir/home/etbcor/pico/pico-sdk/src/rp2_common/pico_stdio/stdio.c.obj
 *fill*         0x0000000010009a5e        0x2 
 .rodata.str1.4
                0x0000000010009a60       0x2c CMakeFiles/WS2812_Example.dir/home/etbcor/pico/pico-sdk/src/rp2_common/pico_stdio_uart/stdio_uart.c.obj
 .rodata.__bi_28.4
                0x0000000010009a8c        0xc CMakeFiles/WS2812_Example.dir/home/etbcor/pico/pico-sdk/src/rp2_common/pico_stdio_uart/stdio_uart.c.obj
 .rodata.__bi_29.5
                0x0000000010009a98        0x8 CMakeFiles/WS2812_Example.dir/home/etbcor/pico/pico-sdk/src/rp2_common/pico_stdio_uart/stdio_uart.c.obj
 .rodata._resetd_driver
                0x0000000010009aa0       0x18 CMakeFiles/WS2812_Example.dir/home/etbcor/pico/pico-sdk/src/rp2_common/pico_stdio_usb/reset_interface.c.obj
 .rodata.str1.4
                0x0000000010009ab8       0x13 CMakeFiles/WS2812_Example.dir/home/etbcor/pico/pico-sdk/src/rp2_common/pico_stdio_usb/stdio_usb.c.obj
 *fill*         0x0000000010009acb        0x1 
 .rodata.__bi_118.0
                0x0000000010009acc        0xc CMakeFiles/WS2812_Example.dir/home/etbcor/pico/pico-sdk/src/rp2_common/pico_stdio_usb/stdio_usb.c.obj
 .rodata.str1.4
                0x0000000010009ad8       0x2a CMakeFiles/WS2812_Example.dir/home/etbcor/pico/pico-sdk/src/rp2_common/pico_stdio_usb/stdio_usb_descriptors.c.obj
 *fill*         0x0000000010009b02        0x2 
 .rodata.usbd_desc_cfg
                0x0000000010009b04       0x54 CMakeFiles/WS2812_Example.dir/home/etbcor/pico/pico-sdk/src/rp2_common/pico_stdio_usb/stdio_usb_descriptors.c.obj
 .rodata.usbd_desc_device
                0x0000000010009b58       0x12 CMakeFiles/WS2812_Example.dir/home/etbcor/pico/pico-sdk/src/rp2_common/pico_stdio_usb/stdio_usb_descriptors.c.obj
 *fill*         0x0000000010009b6a        0x2 
 .rodata.usbd_desc_str
                0x0000000010009b6c       0x18 CMakeFiles/WS2812_Example.dir/home/etbcor/pico/pico-sdk/src/rp2_common/pico_stdio_usb/stdio_usb_descriptors.c.obj
 .rodata.dcd_rp2040_irq.str1.4
                0x0000000010009b84       0x14 CMakeFiles/WS2812_Example.dir/home/etbcor/pico/pico-sdk/lib/tinyusb/src/portable/raspberrypi/rp2040/dcd_rp2040.c.obj
 .rodata._hw_endpoint_buffer_control_update32.part.0.isra.0.str1.4
                0x0000000010009b98       0x1f CMakeFiles/WS2812_Example.dir/home/etbcor/pico/pico-sdk/lib/tinyusb/src/portable/raspberrypi/rp2040/rp2040_usb.c.obj
 *fill*         0x0000000010009bb7        0x1 
 .rodata.hw_endpoint_xfer_continue.str1.4
                0x0000000010009bb8       0x29 CMakeFiles/WS2812_Example.dir/home/etbcor/pico/pico-sdk/lib/tinyusb/src/portable/raspberrypi/rp2040/rp2040_usb.c.obj
 .rodata.str1.4
                0x0000000010009be1       0x29 CMakeFiles/WS2812_Example.dir/home/etbcor/pico/pico-sdk/lib/tinyusb/src/portable/raspberrypi/rp2040/rp2040_usb.c.obj
                                          0x7 (size before relaxing)
 *fill*         0x0000000010009be1        0x3 
 .rodata.tud_task
                0x0000000010009be4       0x8c CMakeFiles/WS2812_Example.dir/home/etbcor/pico/pico-sdk/lib/tinyusb/src/device/usbd.c.obj
 .rodata._usbd_driver
                0x0000000010009c70       0x18 CMakeFiles/WS2812_Example.dir/home/etbcor/pico/pico-sdk/lib/tinyusb/src/device/usbd.c.obj
 .rodata.pio_add_program.str1.4
                0x0000000010009c88       0x11 CMakeFiles/WS2812_Example.dir/home/etbcor/pico/pico-sdk/src/rp2_common/hardware_pio/pio.c.obj
 *fill*         0x0000000010009c99        0x3 
 .rodata._ZNKSt13bad_exception4whatEv.str1.4
                0x0000000010009c9c       0x13 /usr/lib/gcc/arm-none-eabi/10.3.1/../../../arm-none-eabi/lib/thumb/v6-m/nofp/libstdc++.a(eh_exception.o)
 *fill*         0x0000000010009caf        0x1 
 .rodata._ZTIN10__cxxabiv115__forced_unwindE
                0x0000000010009cb0        0x8 /usr/lib/gcc/arm-none-eabi/10.3.1/../../../arm-none-eabi/lib/thumb/v6-m/nofp/libstdc++.a(eh_exception.o)
                0x0000000010009cb0                typeinfo for __cxxabiv1::__forced_unwind
 .rodata._ZTIN10__cxxabiv119__foreign_exceptionE
                0x0000000010009cb8        0x8 /usr/lib/gcc/arm-none-eabi/10.3.1/../../../arm-none-eabi/lib/thumb/v6-m/nofp/libstdc++.a(eh_exception.o)
                0x0000000010009cb8                typeinfo for __cxxabiv1::__foreign_exception
 .rodata._ZTISt13bad_exception
                0x0000000010009cc0        0xc /usr/lib/gcc/arm-none-eabi/10.3.1/../../../arm-none-eabi/lib/thumb/v6-m/nofp/libstdc++.a(eh_exception.o)
                0x0000000010009cc0                typeinfo for std::bad_exception
 .rodata._ZTISt9exception
                0x0000000010009ccc        0x8 /usr/lib/gcc/arm-none-eabi/10.3.1/../../../arm-none-eabi/lib/thumb/v6-m/nofp/libstdc++.a(eh_exception.o)
                0x0000000010009ccc                typeinfo for std::exception
 .rodata._ZTSN10__cxxabiv115__forced_unwindE
                0x0000000010009cd4       0x20 /usr/lib/gcc/arm-none-eabi/10.3.1/../../../arm-none-eabi/lib/thumb/v6-m/nofp/libstdc++.a(eh_exception.o)
                0x0000000010009cd4                typeinfo name for __cxxabiv1::__forced_unwind
 .rodata._ZTSN10__cxxabiv119__foreign_exceptionE
                0x0000000010009cf4       0x24 /usr/lib/gcc/arm-none-eabi/10.3.1/../../../arm-none-eabi/lib/thumb/v6-m/nofp/libstdc++.a(eh_exception.o)
                0x0000000010009cf4                typeinfo name for __cxxabiv1::__foreign_exception
 .rodata._ZTSSt13bad_exception
                0x0000000010009d18       0x12 /usr/lib/gcc/arm-none-eabi/10.3.1/../../../arm-none-eabi/lib/thumb/v6-m/nofp/libstdc++.a(eh_exception.o)
                0x0000000010009d18                typeinfo name for std::bad_exception
 *fill*         0x0000000010009d2a        0x2 
 .rodata._ZTSSt9exception
                0x0000000010009d2c        0xd /usr/lib/gcc/arm-none-eabi/10.3.1/../../../arm-none-eabi/lib/thumb/v6-m/nofp/libstdc++.a(eh_exception.o)
                0x0000000010009d2c                typeinfo name for std::exception
 *fill*         0x0000000010009d39        0x3 
 .rodata._ZTVSt13bad_exception
                0x0000000010009d3c       0x14 /usr/lib/gcc/arm-none-eabi/10.3.1/../../../arm-none-eabi/lib/thumb/v6-m/nofp/libstdc++.a(eh_exception.o)
                0x0000000010009d3c                vtable for std::bad_exception
 .rodata._ZL28read_encoded_value_with_basehjPKhPj
                0x0000000010009d50       0x34 /usr/lib/gcc/arm-none-eabi/10.3.1/../../../arm-none-eabi/lib/thumb/v6-m/nofp/libstdc++.a(eh_personality.o)
 .rodata._ZTIN10__cxxabiv120__si_class_type_infoE
                0x0000000010009d84        0xc /usr/lib/gcc/arm-none-eabi/10.3.1/../../../arm-none-eabi/lib/thumb/v6-m/nofp/libstdc++.a(si_class_type_info.o)
                0x0000000010009d84                typeinfo for __cxxabiv1::__si_class_type_info
 .rodata._ZTSN10__cxxabiv120__si_class_type_infoE
                0x0000000010009d90       0x25 /usr/lib/gcc/arm-none-eabi/10.3.1/../../../arm-none-eabi/lib/thumb/v6-m/nofp/libstdc++.a(si_class_type_info.o)
                0x0000000010009d90                typeinfo name for __cxxabiv1::__si_class_type_info
 *fill*         0x0000000010009db5        0x3 
 .rodata._ZTVN10__cxxabiv120__si_class_type_infoE
                0x0000000010009db8       0x2c /usr/lib/gcc/arm-none-eabi/10.3.1/../../../arm-none-eabi/lib/thumb/v6-m/nofp/libstdc++.a(si_class_type_info.o)
                0x0000000010009db8                vtable for __cxxabiv1::__si_class_type_info
 .rodata._ZTISt9type_info
                0x0000000010009de4        0x8 /usr/lib/gcc/arm-none-eabi/10.3.1/../../../arm-none-eabi/lib/thumb/v6-m/nofp/libstdc++.a(tinfo.o)
                0x0000000010009de4                typeinfo for std::type_info
 .rodata._ZTSSt9type_info
                0x0000000010009dec        0xd /usr/lib/gcc/arm-none-eabi/10.3.1/../../../arm-none-eabi/lib/thumb/v6-m/nofp/libstdc++.a(tinfo.o)
                0x0000000010009dec                typeinfo name for std::type_info
 *fill*         0x0000000010009df9        0x3 
 .rodata._ZNKSt20bad_array_new_length4whatEv.str1.4
                0x0000000010009dfc       0x1a /usr/lib/gcc/arm-none-eabi/10.3.1/../../../arm-none-eabi/lib/thumb/v6-m/nofp/libstdc++.a(bad_array_new.o)
 *fill*         0x0000000010009e16        0x2 
 .rodata._ZTISt20bad_array_new_length
                0x0000000010009e18        0xc /usr/lib/gcc/arm-none-eabi/10.3.1/../../../arm-none-eabi/lib/thumb/v6-m/nofp/libstdc++.a(bad_array_new.o)
                0x0000000010009e18                typeinfo for std::bad_array_new_length
 .rodata._ZTSSt20bad_array_new_length
                0x0000000010009e24       0x19 /usr/lib/gcc/arm-none-eabi/10.3.1/../../../arm-none-eabi/lib/thumb/v6-m/nofp/libstdc++.a(bad_array_new.o)
                0x0000000010009e24                typeinfo name for std::bad_array_new_length
 *fill*         0x0000000010009e3d        0x3 
 .rodata._ZTVSt20bad_array_new_length
                0x0000000010009e40       0x14 /usr/lib/gcc/arm-none-eabi/10.3.1/../../../arm-none-eabi/lib/thumb/v6-m/nofp/libstdc++.a(bad_array_new.o)
                0x0000000010009e40                vtable for std::bad_array_new_length
 .rodata._ZTIN10__cxxabiv117__class_type_infoE
                0x0000000010009e54        0xc /usr/lib/gcc/arm-none-eabi/10.3.1/../../../arm-none-eabi/lib/thumb/v6-m/nofp/libstdc++.a(class_type_info.o)
                0x0000000010009e54                typeinfo for __cxxabiv1::__class_type_info
 .rodata._ZTSN10__cxxabiv117__class_type_infoE
                0x0000000010009e60       0x22 /usr/lib/gcc/arm-none-eabi/10.3.1/../../../arm-none-eabi/lib/thumb/v6-m/nofp/libstdc++.a(class_type_info.o)
                0x0000000010009e60                typeinfo name for __cxxabiv1::__class_type_info
 *fill*         0x0000000010009e82        0x2 
 .rodata._ZTVN10__cxxabiv117__class_type_infoE
                0x0000000010009e84       0x2c /usr/lib/gcc/arm-none-eabi/10.3.1/../../../arm-none-eabi/lib/thumb/v6-m/nofp/libstdc++.a(class_type_info.o)
                0x0000000010009e84                vtable for __cxxabiv1::__class_type_info
 .rodata._ZNKSt9bad_alloc4whatEv.str1.4
                0x0000000010009eb0        0xf /usr/lib/gcc/arm-none-eabi/10.3.1/../../../arm-none-eabi/lib/thumb/v6-m/nofp/libstdc++.a(bad_alloc.o)
 *fill*         0x0000000010009ebf        0x1 
 .rodata._ZTISt9bad_alloc
                0x0000000010009ec0        0xc /usr/lib/gcc/arm-none-eabi/10.3.1/../../../arm-none-eabi/lib/thumb/v6-m/nofp/libstdc++.a(bad_alloc.o)
                0x0000000010009ec0                typeinfo for std::bad_alloc
 .rodata._ZTSSt9bad_alloc
                0x0000000010009ecc        0xd /usr/lib/gcc/arm-none-eabi/10.3.1/../../../arm-none-eabi/lib/thumb/v6-m/nofp/libstdc++.a(bad_alloc.o)
                0x0000000010009ecc                typeinfo name for std::bad_alloc
 *fill*         0x0000000010009ed9        0x3 
 .rodata._ZTVSt9bad_alloc
                0x0000000010009edc       0x14 /usr/lib/gcc/arm-none-eabi/10.3.1/../../../arm-none-eabi/lib/thumb/v6-m/nofp/libstdc++.a(bad_alloc.o)
                0x0000000010009edc                vtable for std::bad_alloc
                0x0000000010009ef0                . = ALIGN (0x4)
 *(SORT_BY_ALIGNMENT(SORT_BY_NAME(.flashdata*)))
                0x0000000010009ef0                . = ALIGN (0x4)

.ARM.extab      0x0000000010009ef0      0x104
 *(.ARM.extab* .gnu.linkonce.armextab.*)
 .ARM.extab.text.startup.main
                0x0000000010009ef0       0x1f CMakeFiles/WS2812_Example.dir/example.cpp.obj
 *fill*         0x0000000010009f0f        0x1 
 .ARM.extab.text._ZN6WS281210initializeEjjP8pio_hw_tjNS_8DataByteES2_S2_S2_
                0x0000000010009f10        0xc CMakeFiles/WS2812_Example.dir/WS2812.cpp.obj
 .ARM.extab.text.__cxa_type_match
                0x0000000010009f1c        0xc /usr/lib/gcc/arm-none-eabi/10.3.1/../../../arm-none-eabi/lib/thumb/v6-m/nofp/libstdc++.a(eh_arm.o)
 .ARM.extab.text._ZL28read_encoded_value_with_basehjPKhPj
                0x0000000010009f28        0xc /usr/lib/gcc/arm-none-eabi/10.3.1/../../../arm-none-eabi/lib/thumb/v6-m/nofp/libstdc++.a(eh_personality.o)
 .ARM.extab.text.__gxx_personality_v0
                0x0000000010009f34       0x28 /usr/lib/gcc/arm-none-eabi/10.3.1/../../../arm-none-eabi/lib/thumb/v6-m/nofp/libstdc++.a(eh_personality.o)
 .ARM.extab.text._ZN10__cxxabiv111__terminateEPFvvE
                0x0000000010009f5c       0x28 /usr/lib/gcc/arm-none-eabi/10.3.1/../../../arm-none-eabi/lib/thumb/v6-m/nofp/libstdc++.a(eh_terminate.o)
 .ARM.extab.text._ZNK10__cxxabiv120__si_class_type_info12__do_dyncastEiNS_17__class_type_info10__sub_kindEPKS1_PKvS4_S6_RNS1_16__dyncast_resultE
                0x0000000010009f84        0xc /usr/lib/gcc/arm-none-eabi/10.3.1/../../../arm-none-eabi/lib/thumb/v6-m/nofp/libstdc++.a(si_class_type_info.o)
 .ARM.extab.text.unlikely.__cxa_call_unexpected
                0x0000000010009f90       0x28 /usr/lib/gcc/arm-none-eabi/10.3.1/../../../arm-none-eabi/lib/thumb/v6-m/nofp/libstdc++.a(eh_call.o)
 .ARM.extab.text.__cxa_begin_catch
                0x0000000010009fb8        0xc /usr/lib/gcc/arm-none-eabi/10.3.1/../../../arm-none-eabi/lib/thumb/v6-m/nofp/libstdc++.a(eh_catch.o)
 .ARM.extab     0x0000000010009fc4       0x24 /usr/lib/gcc/arm-none-eabi/10.3.1/thumb/v6-m/nofp/libgcc.a(unwind-arm.o)
 .ARM.extab     0x0000000010009fe8        0xc /usr/lib/gcc/arm-none-eabi/10.3.1/thumb/v6-m/nofp/libgcc.a(pr-support.o)
                0x0000000010009ff4                __exidx_start = .

.ARM.exidx      0x0000000010009ff4      0x1d0
 *(.ARM.exidx* .gnu.linkonce.armexidx.*)
 .ARM.exidx.text.startup.main
                0x0000000010009ff4        0x8 CMakeFiles/WS2812_Example.dir/example.cpp.obj
 .ARM.exidx.text._ZN6WS2812D2Ev
                0x0000000010009ffc        0x8 CMakeFiles/WS2812_Example.dir/WS2812.cpp.obj
 .ARM.exidx.text._ZN6WS281210initializeEjjP8pio_hw_tjNS_8DataByteES2_S2_S2_
                0x000000001000a004        0x8 CMakeFiles/WS2812_Example.dir/WS2812.cpp.obj
 .ARM.exidx.text._ZN6WS2812C2EjjP8pio_hw_tjNS_10DataFormatE