Archive member included to satisfy reference by file (symbol)

libfreertos.a(queue.c.obj)    CMakeFiles/assign04-corg7983.dir/main.c.obj (xQueueGenericReset)
libfreertos.a(tasks.c.obj)    CMakeFiles/assign04-corg7983.dir/main.c.obj (xTaskCreate)
libfreertos.a(timers.c.obj)   libfreertos.a(tasks.c.obj) (xTimerCreateTimerTask)
libfreertos.a(heap_3.c.obj)   libfreertos.a(queue.c.obj) (pvPortMalloc)
libfreertos.a(port.c.obj)     libfreertos.a(tasks.c.obj) (pxPortInitialiseStack)
libfreertos.a(list.c.obj)     libfreertos.a(queue.c.obj) (vListInitialise)
/usr/lib/gcc/arm-none-eabi/10.3.1/thumb/v6-m/nofp/libgcc.a(_dvmd_tls.o)
                              CMakeFiles/assign04-corg7983.dir/home/etbcor/pico/pico-sdk/src/rp2_common/pico_divider/divider.S.obj (__aeabi_idiv0)
/usr/lib/gcc/arm-none-eabi/10.3.1/../../../arm-none-eabi/lib/thumb/v6-m/nofp/libc.a(lib_a-atexit.o)
                              /usr/lib/gcc/arm-none-eabi/10.3.1/../../../arm-none-eabi/lib/thumb/v6-m/nofp/crt0.o (atexit)
/usr/lib/gcc/arm-none-eabi/10.3.1/../../../arm-none-eabi/lib/thumb/v6-m/nofp/libc.a(lib_a-calloc.o)
                              CMakeFiles/assign04-corg7983.dir/home/etbcor/pico/pico-sdk/src/rp2_common/pico_malloc/pico_malloc.c.obj (calloc)
/usr/lib/gcc/arm-none-eabi/10.3.1/../../../arm-none-eabi/lib/thumb/v6-m/nofp/libc.a(lib_a-callocr.o)
                              /usr/lib/gcc/arm-none-eabi/10.3.1/../../../arm-none-eabi/lib/thumb/v6-m/nofp/libc.a(lib_a-calloc.o) (_calloc_r)
/usr/lib/gcc/arm-none-eabi/10.3.1/../../../arm-none-eabi/lib/thumb/v6-m/nofp/libc.a(lib_a-fini.o)
                              /usr/lib/gcc/arm-none-eabi/10.3.1/../../../arm-none-eabi/lib/thumb/v6-m/nofp/crt0.o (__libc_fini_array)
/usr/lib/gcc/arm-none-eabi/10.3.1/../../../arm-none-eabi/lib/thumb/v6-m/nofp/libc.a(lib_a-impure.o)
                              /usr/lib/gcc/arm-none-eabi/10.3.1/../../../arm-none-eabi/lib/thumb/v6-m/nofp/libc.a(lib_a-calloc.o) (_impure_ptr)
/usr/lib/gcc/arm-none-eabi/10.3.1/../../../arm-none-eabi/lib/thumb/v6-m/nofp/libc.a(lib_a-init.o)
                              /usr/lib/gcc/arm-none-eabi/10.3.1/../../../arm-none-eabi/lib/thumb/v6-m/nofp/crt0.o (__libc_init_array)
/usr/lib/gcc/arm-none-eabi/10.3.1/../../../arm-none-eabi/lib/thumb/v6-m/nofp/libc.a(lib_a-malloc.o)
                              CMakeFiles/assign04-corg7983.dir/home/etbcor/pico/pico-sdk/src/rp2_common/pico_malloc/pico_malloc.c.obj (malloc)
/usr/lib/gcc/arm-none-eabi/10.3.1/../../../arm-none-eabi/lib/thumb/v6-m/nofp/libc.a(lib_a-mallocr.o)
                              /usr/lib/gcc/arm-none-eabi/10.3.1/../../../arm-none-eabi/lib/thumb/v6-m/nofp/libc.a(lib_a-callocr.o) (_malloc_r)
/usr/lib/gcc/arm-none-eabi/10.3.1/../../../arm-none-eabi/lib/thumb/v6-m/nofp/libc.a(lib_a-mlock.o)
                              /usr/lib/gcc/arm-none-eabi/10.3.1/../../../arm-none-eabi/lib/thumb/v6-m/nofp/libc.a(lib_a-mallocr.o) (__malloc_lock)
/usr/lib/gcc/arm-none-eabi/10.3.1/../../../arm-none-eabi/lib/thumb/v6-m/nofp/libc.a(lib_a-realloc.o)
                              CMakeFiles/assign04-corg7983.dir/home/etbcor/pico/pico-sdk/src/rp2_common/pico_malloc/pico_malloc.c.obj (realloc)
/usr/lib/gcc/arm-none-eabi/10.3.1/../../../arm-none-eabi/lib/thumb/v6-m/nofp/libc.a(lib_a-reallocr.o)
                              /usr/lib/gcc/arm-none-eabi/10.3.1/../../../arm-none-eabi/lib/thumb/v6-m/nofp/libc.a(lib_a-realloc.o) (_realloc_r)
/usr/lib/gcc/arm-none-eabi/10.3.1/../../../arm-none-eabi/lib/thumb/v6-m/nofp/libc.a(lib_a-sbrkr.o)
                              /usr/lib/gcc/arm-none-eabi/10.3.1/../../../arm-none-eabi/lib/thumb/v6-m/nofp/libc.a(lib_a-mallocr.o) (_sbrk_r)
/usr/lib/gcc/arm-none-eabi/10.3.1/../../../arm-none-eabi/lib/thumb/v6-m/nofp/libc.a(lib_a-strlen-stub.o)
                              CMakeFiles/assign04-corg7983.dir/home/etbcor/pico/pico-sdk/src/rp2_common/pico_stdio/stdio.c.obj (strlen)
/usr/lib/gcc/arm-none-eabi/10.3.1/../../../arm-none-eabi/lib/thumb/v6-m/nofp/libc.a(lib_a-__atexit.o)
                              /usr/lib/gcc/arm-none-eabi/10.3.1/../../../arm-none-eabi/lib/thumb/v6-m/nofp/libc.a(lib_a-atexit.o) (__register_exitproc)
/usr/lib/gcc/arm-none-eabi/10.3.1/../../../arm-none-eabi/lib/thumb/v6-m/nofp/libc.a(lib_a-freer.o)
                              /usr/lib/gcc/arm-none-eabi/10.3.1/../../../arm-none-eabi/lib/thumb/v6-m/nofp/libc.a(lib_a-malloc.o) (_free_r)
/usr/lib/gcc/arm-none-eabi/10.3.1/../../../arm-none-eabi/lib/thumb/v6-m/nofp/libc.a(lib_a-memmove.o)
                              /usr/lib/gcc/arm-none-eabi/10.3.1/../../../arm-none-eabi/lib/thumb/v6-m/nofp/libc.a(lib_a-reallocr.o) (memmove)
/usr/lib/gcc/arm-none-eabi/10.3.1/../../../arm-none-eabi/lib/thumb/v6-m/nofp/libc.a(lib_a-reent.o)
                              /usr/lib/gcc/arm-none-eabi/10.3.1/../../../arm-none-eabi/lib/thumb/v6-m/nofp/libc.a(lib_a-sbrkr.o) (errno)

Discarded input sections

 .text          0x0000000000000000        0x0 /usr/lib/gcc/arm-none-eabi/10.3.1/thumb/v6-m/nofp/crti.o
[...]
Memory Configuration

Name             Origin             Length             Attributes
FLASH            0x0000000010000000 0x0000000000200000 xr
RAM              0x0000000020000000 0x0000000000040000 xrw
SCRATCH_X        0x0000000020040000 0x0000000000001000 xrw
SCRATCH_Y        0x0000000020041000 0x0000000000001000 xrw
*default*        0x0000000000000000 0xffffffffffffffff

Linker script and memory map

LOAD /usr/lib/gcc/arm-none-eabi/10.3.1/thumb/v6-m/nofp/crti.o
LOAD /usr/lib/gcc/arm-none-eabi/10.3.1/thumb/v6-m/nofp/crtbegin.o
LOAD /usr/lib/gcc/arm-none-eabi/10.3.1/../../../arm-none-eabi/lib/thumb/v6-m/nofp/crt0.o

.flash_begin    0x0000000010000000        0x0
                0x0000000010000000                __flash_binary_start = .

.boot2          0x0000000010000000      0x100
                0x0000000010000000                __boot2_start__ = .
 *(.boot2)
 .boot2         0x0000000010000000      0x100 /tmp/ccxy4MkV.o
                0x0000000010000100                __boot2_end__ = .
                0x0000000000000001                ASSERT (((__boot2_end__ - __boot2_start__) == 0x100), ERROR: Pico second stage bootloader must be 256 bytes in size)

.text           0x0000000010000100     0xa8a8
                0x0000000010000100                __logical_binary_start = .
 *(.vectors)
 .vectors       0x0000000010000100       0xd4 CMakeFiles/assign04-corg7983.dir/home/etbcor/pico/pico-sdk/src/rp2_common/pico_standard_link/crt0.S.obj
                0x0000000010000100                __vectors
                0x0000000010000100                __VECTOR_TABLE
                0x00000000100001c0                isr_invalid
                0x00000000100001c0                __default_isrs_start
                0x00000000100001c2                isr_nmi
                0x00000000100001c4                isr_hardfault
                0x00000000100001cc                isr_irq30
                0x00000000100001cc                __unhandled_user_irq
                0x00000000100001cc                isr_irq13
                0x00000000100001cc                isr_irq27
                0x00000000100001cc                isr_irq31
                0x00000000100001cc                isr_irq5
                0x00000000100001cc                isr_irq11
                0x00000000100001cc                isr_irq23
                0x00000000100001cc                isr_irq18
                0x00000000100001cc                isr_irq28
                0x00000000100001cc                isr_irq19
                0x00000000100001cc                isr_irq0
                0x00000000100001cc                isr_irq6
                0x00000000100001cc                isr_irq22
                0x00000000100001cc                isr_irq17
                0x00000000100001cc                isr_irq14
                0x00000000100001cc                isr_irq2
                0x00000000100001cc                isr_irq10
                0x00000000100001cc                isr_irq8
                0x00000000100001cc                isr_irq24
                0x00000000100001cc                isr_irq1
                0x00000000100001cc                isr_irq7
                0x00000000100001cc                isr_irq21
                0x00000000100001cc                isr_irq20
                0x00000000100001cc                isr_irq15
                0x00000000100001cc                isr_irq25
                0x00000000100001cc                isr_irq4
                0x00000000100001cc                isr_irq16
                0x00000000100001cc                isr_irq29
                0x00000000100001cc                isr_irq26
                0x00000000100001cc                __default_isrs_end
                0x00000000100001cc                isr_irq3
                0x00000000100001cc                isr_irq12
                0x00000000100001cc                isr_irq9
                0x00000000100001d2                unhandled_user_irq_num_in_r0
 *(.binary_info_header)
 .binary_info_header
                0x00000000100001d4       0x14 CMakeFiles/assign04-corg7983.dir/home/etbcor/pico/pico-sdk/src/rp2_common/pico_standard_link/crt0.S.obj
                0x00000000100001e8                __binary_info_header_end = .
 *(.reset)
 .reset         0x00000000100001e8       0xa8 CMakeFiles/assign04-corg7983.dir/home/etbcor/pico/pico-sdk/src/rp2_common/pico_standard_link/crt0.S.obj
                0x00000000100001e8                _entry_point
                0x0000000010000266                __get_current_exception
 .reset         0x0000000010000290       0x30 CMakeFiles/assign04-corg7983.dir/home/etbcor/pico/pico-sdk/src/rp2_common/pico_standard_link/binary_info.c.obj
 *(.init)
 .init          0x00000000100002c0        0x4 /usr/lib/gcc/arm-none-eabi/10.3.1/thumb/v6-m/nofp/crti.o
                0x00000000100002c0                _init
 *(EXCLUDE_FILE(*libm.a: *libc.a:*lib_a-mem*.o *libgcc.a:) .text*)
 .text          0x00000000100002c4       0x98 /usr/lib/gcc/arm-none-eabi/10.3.1/thumb/v6-m/nofp/crtbegin.o
 .text.vBlinkerTsk
                0x000000001000035c       0x24 CMakeFiles/assign04-corg7983.dir/main.c.obj
 .text.vCounterTsk
                0x0000000010000380       0x8c CMakeFiles/assign04-corg7983.dir/main.c.obj
 .text.vSevSegTsk
                0x000000001000040c      0x4dc CMakeFiles/assign04-corg7983.dir/main.c.obj
 .text.startup.main
                0x00000000100008e8       0xb8 CMakeFiles/assign04-corg7983.dir/main.c.obj
                0x00000000100008e8                main
 .text.gpio_set_function
                0x00000000100009a0       0x30 CMakeFiles/assign04-corg7983.dir/home/etbcor/pico/pico-sdk/src/rp2_common/hardware_gpio/gpio.c.obj
                0x00000000100009a0                gpio_set_function
 .text.gpio_init
                0x00000000100009d0       0x3c CMakeFiles/assign04-corg7983.dir/home/etbcor/pico/pico-sdk/src/rp2_common/hardware_gpio/gpio.c.obj
                0x00000000100009d0                gpio_init
 .text.hw_claim_or_assert
                0x0000000010000a0c       0x44 CMakeFiles/assign04-corg7983.dir/home/etbcor/pico/pico-sdk/src/rp2_common/hardware_claim/claim.c.obj
                0x0000000010000a0c                hw_claim_or_assert
 .text.hw_claim_unused_from_range
                0x0000000010000a50       0x9c CMakeFiles/assign04-corg7983.dir/home/etbcor/pico/pico-sdk/src/rp2_common/hardware_claim/claim.c.obj
                0x0000000010000a50                hw_claim_unused_from_range
 .text.running_on_fpga
                0x0000000010000aec       0x10 CMakeFiles/assign04-corg7983.dir/home/etbcor/pico/pico-sdk/src/rp2_common/pico_platform/platform.c.obj
                0x0000000010000aec                running_on_fpga
 .text.spin_locks_reset
                0x0000000010000afc       0x1c CMakeFiles/assign04-corg7983.dir/home/etbcor/pico/pico-sdk/src/rp2_common/hardware_sync/sync.c.obj
                0x0000000010000afc                spin_locks_reset
 .text.next_striped_spin_lock_num
                0x0000000010000b18       0x18 CMakeFiles/assign04-corg7983.dir/home/etbcor/pico/pico-sdk/src/rp2_common/hardware_sync/sync.c.obj
                0x0000000010000b18                next_striped_spin_lock_num
 .text.spin_lock_claim_unused
                0x0000000010000b30       0x20 CMakeFiles/assign04-corg7983.dir/home/etbcor/pico/pico-sdk/src/rp2_common/hardware_sync/sync.c.obj
                0x0000000010000b30                spin_lock_claim_unused
 .text.irq_set_enabled
                0x0000000010000b50       0x24 CMakeFiles/assign04-corg7983.dir/home/etbcor/pico/pico-sdk/src/rp2_common/hardware_irq/irq.c.obj
                0x0000000010000b50                irq_set_enabled
 .text.irq_set_pending
                0x0000000010000b74       0x10 CMakeFiles/assign04-corg7983.dir/home/etbcor/pico/pico-sdk/src/rp2_common/hardware_irq/irq.c.obj
                0x0000000010000b74                irq_set_pending
 .text.irq_has_shared_handler
                0x0000000010000b84       0x2c CMakeFiles/assign04-corg7983.dir/home/etbcor/pico/pico-sdk/src/rp2_common/hardware_irq/irq.c.obj
                0x0000000010000b84                irq_has_shared_handler
 .text.irq_get_vtable_handler
                0x0000000010000bb0       0x10 CMakeFiles/assign04-corg7983.dir/home/etbcor/pico/pico-sdk/src/rp2_common/hardware_irq/irq.c.obj
                0x0000000010000bb0                irq_get_vtable_handler
 .text.irq_set_exclusive_handler
                0x0000000010000bc0       0x54 CMakeFiles/assign04-corg7983.dir/home/etbcor/pico/pico-sdk/src/rp2_common/hardware_irq/irq.c.obj
                0x0000000010000bc0                irq_set_exclusive_handler
 .text.irq_add_shared_handler
                0x0000000010000c14      0x1e4 CMakeFiles/assign04-corg7983.dir/home/etbcor/pico/pico-sdk/src/rp2_common/hardware_irq/irq.c.obj
                0x0000000010000c14                irq_add_shared_handler
 .text.irq_remove_handler
                0x0000000010000df8      0x1b4 CMakeFiles/assign04-corg7983.dir/home/etbcor/pico/pico-sdk/src/rp2_common/hardware_irq/irq.c.obj
                0x0000000010000df8                irq_remove_handler
 .text.irq_add_tail_to_free_list
                0x0000000010000fac       0xb4 CMakeFiles/assign04-corg7983.dir/home/etbcor/pico/pico-sdk/src/rp2_common/hardware_irq/irq.c.obj
                0x0000000010000fac                irq_add_tail_to_free_list
 .text.irq_init_priorities
                0x0000000010001060       0x24 CMakeFiles/assign04-corg7983.dir/home/etbcor/pico/pico-sdk/src/rp2_common/hardware_irq/irq.c.obj
                0x0000000010001060                irq_init_priorities
 .text.user_irq_claim_unused
                0x0000000010001084       0x30 CMakeFiles/assign04-corg7983.dir/home/etbcor/pico/pico-sdk/src/rp2_common/hardware_irq/irq.c.obj
                0x0000000010001084                user_irq_claim_unused
 .text.lock_init
                0x00000000100010b4       0x10 CMakeFiles/assign04-corg7983.dir/home/etbcor/pico/pico-sdk/src/common/pico_sync/lock_core.c.obj
                0x00000000100010b4                lock_init
 .text.timer_pool_entry_comparator
                0x00000000100010c4       0x34 CMakeFiles/assign04-corg7983.dir/home/etbcor/pico/pico-sdk/src/common/pico_time/time.c.obj
                0x00000000100010c4                timer_pool_entry_comparator
 .text.sleep_until_callback
                0x00000000100010f8       0x30 CMakeFiles/assign04-corg7983.dir/home/etbcor/pico/pico-sdk/src/common/pico_time/time.c.obj
 .text.add_alarm_under_lock.isra.0
                0x0000000010001128      0x100 CMakeFiles/assign04-corg7983.dir/home/etbcor/pico/pico-sdk/src/common/pico_time/time.c.obj
 .text.alarm_pool_alarm_callback
                0x0000000010001228      0x1c8 CMakeFiles/assign04-corg7983.dir/home/etbcor/pico/pico-sdk/src/common/pico_time/time.c.obj
 .text.alarm_pool_add_alarm_at.constprop.0
                0x00000000100013f0      0x11c CMakeFiles/assign04-corg7983.dir/home/etbcor/pico/pico-sdk/src/common/pico_time/time.c.obj
 .text.alarm_pool_init_default
                0x000000001000150c       0x64 CMakeFiles/assign04-corg7983.dir/home/etbcor/pico/pico-sdk/src/common/pico_time/time.c.obj
                0x000000001000150c                alarm_pool_init_default
 .text.alarm_pool_get_default
                0x0000000010001570        0x8 CMakeFiles/assign04-corg7983.dir/home/etbcor/pico/pico-sdk/src/common/pico_time/time.c.obj
                0x0000000010001570                alarm_pool_get_default
 .text.alarm_pool_add_alarm_at
                0x0000000010001578      0x194 CMakeFiles/assign04-corg7983.dir/home/etbcor/pico/pico-sdk/src/common/pico_time/time.c.obj
                0x0000000010001578                alarm_pool_add_alarm_at
 .text.best_effort_wfe_or_timeout
                0x000000001000170c       0xd4 CMakeFiles/assign04-corg7983.dir/home/etbcor/pico/pico-sdk/src/common/pico_time/time.c.obj
                0x000000001000170c                best_effort_wfe_or_timeout
 .text.hardware_alarm_irq_handler
                0x00000000100017e0       0xb8 CMakeFiles/assign04-corg7983.dir/home/etbcor/pico/pico-sdk/src/rp2_common/hardware_timer/timer.c.obj
 .text.hardware_alarm_claim
                0x0000000010001898       0x18 CMakeFiles/assign04-corg7983.dir/home/etbcor/pico/pico-sdk/src/rp2_common/hardware_timer/timer.c.obj
                0x0000000010001898                hardware_alarm_claim
 .text.time_us_64
                0x00000000100018b0       0x14 CMakeFiles/assign04-corg7983.dir/home/etbcor/pico/pico-sdk/src/rp2_common/hardware_timer/timer.c.obj
                0x00000000100018b0                time_us_64
 .text.hardware_alarm_set_callback
                0x00000000100018c4       0x8c CMakeFiles/assign04-corg7983.dir/home/etbcor/pico/pico-sdk/src/rp2_common/hardware_timer/timer.c.obj
                0x00000000100018c4                hardware_alarm_set_callback
 .text.hardware_alarm_set_target
                0x0000000010001950       0xe0 CMakeFiles/assign04-corg7983.dir/home/etbcor/pico/pico-sdk/src/rp2_common/hardware_timer/timer.c.obj
                0x0000000010001950                hardware_alarm_set_target
 .text.hardware_alarm_cancel
                0x0000000010001a30       0x3c CMakeFiles/assign04-corg7983.dir/home/etbcor/pico/pico-sdk/src/rp2_common/hardware_timer/timer.c.obj
                0x0000000010001a30                hardware_alarm_cancel
 .text.ph_merge_nodes
                0x0000000010001a6c       0x68 CMakeFiles/assign04-corg7983.dir/home/etbcor/pico/pico-sdk/src/common/pico_util/pheap.c.obj
 .text.ph_post_alloc_init
                0x0000000010001ad4       0x3c CMakeFiles/assign04-corg7983.dir/home/etbcor/pico/pico-sdk/src/common/pico_util/pheap.c.obj
                0x0000000010001ad4                ph_post_alloc_init
 .text.ph_merge_two_pass
                0x0000000010001b10       0x90 CMakeFiles/assign04-corg7983.dir/home/etbcor/pico/pico-sdk/src/common/pico_util/pheap.c.obj
                0x0000000010001b10                ph_merge_two_pass
 .text.ph_remove_any_head
                0x0000000010001ba0       0xf8 CMakeFiles/assign04-corg7983.dir/home/etbcor/pico/pico-sdk/src/common/pico_util/pheap.c.obj
 .text.ph_remove_head
                0x0000000010001c98       0xfc CMakeFiles/assign04-corg7983.dir/home/etbcor/pico/pico-sdk/src/common/pico_util/pheap.c.obj
                0x0000000010001c98                ph_remove_head
 .text.ph_remove_and_free_node
                0x0000000010001d94       0x7c CMakeFiles/assign04-corg7983.dir/home/etbcor/pico/pico-sdk/src/common/pico_util/pheap.c.obj
                0x0000000010001d94                ph_remove_and_free_node
 .text.mutex_init
                0x0000000010001e10       0x1c CMakeFiles/assign04-corg7983.dir/home/etbcor/pico/pico-sdk/src/common/pico_sync/mutex.c.obj
                0x0000000010001e10                mutex_init
 .text.recursive_mutex_init
                0x0000000010001e2c       0x1c CMakeFiles/assign04-corg7983.dir/home/etbcor/pico/pico-sdk/src/common/pico_sync/mutex.c.obj
                0x0000000010001e2c                recursive_mutex_init
 .text.critical_section_init
                0x0000000010001e48       0x20 CMakeFiles/assign04-corg7983.dir/home/etbcor/pico/pico-sdk/src/common/pico_sync/critical_section.c.obj
                0x0000000010001e48                critical_section_init
 .text.uart_init
                0x0000000010001e68       0xe0 CMakeFiles/assign04-corg7983.dir/home/etbcor/pico/pico-sdk/src/rp2_common/hardware_uart/uart.c.obj
                0x0000000010001e68                uart_init
 .text.runtime_init
                0x0000000010001f48       0xf0 CMakeFiles/assign04-corg7983.dir/home/etbcor/pico/pico-sdk/src/rp2_common/pico_runtime/runtime.c.obj
                0x0000000010001f48                runtime_init
 .text._sbrk    0x0000000010002038       0x34 CMakeFiles/assign04-corg7983.dir/home/etbcor/pico/pico-sdk/src/rp2_common/pico_runtime/runtime.c.obj
                0x0000000010002038                _sbrk
 .text.exit     0x000000001000206c        0x4 CMakeFiles/assign04-corg7983.dir/home/etbcor/pico/pico-sdk/src/rp2_common/pico_runtime/runtime.c.obj
                0x000000001000206c                exit
 .text.panic    0x0000000010002070       0x30 CMakeFiles/assign04-corg7983.dir/home/etbcor/pico/pico-sdk/src/rp2_common/pico_runtime/runtime.c.obj
                0x0000000010002070                panic
 .text.hard_assertion_failure
                0x00000000100020a0        0xc CMakeFiles/assign04-corg7983.dir/home/etbcor/pico/pico-sdk/src/rp2_common/pico_runtime/runtime.c.obj
                0x00000000100020a0                hard_assertion_failure
 .text.clocks_init
                0x00000000100020ac      0x2bc CMakeFiles/assign04-corg7983.dir/home/etbcor/pico/pico-sdk/src/rp2_common/hardware_clocks/clocks.c.obj
                0x00000000100020ac                clocks_init
 .text.clock_get_hz
                0x0000000010002368        0xc CMakeFiles/assign04-corg7983.dir/home/etbcor/pico/pico-sdk/src/rp2_common/hardware_clocks/clocks.c.obj
                0x0000000010002368                clock_get_hz
 .text.pll_init
                0x0000000010002374       0xb0 CMakeFiles/assign04-corg7983.dir/home/etbcor/pico/pico-sdk/src/rp2_common/hardware_pll/pll.c.obj
                0x0000000010002374                pll_init
 .text.watchdog_start_tick
                0x0000000010002424       0x10 CMakeFiles/assign04-corg7983.dir/home/etbcor/pico/pico-sdk/src/rp2_common/hardware_watchdog/watchdog.c.obj
                0x0000000010002424                watchdog_start_tick
 .text.watchdog_reboot
                0x0000000010002434       0x98 CMakeFiles/assign04-corg7983.dir/home/etbcor/pico/pico-sdk/src/rp2_common/hardware_watchdog/watchdog.c.obj
                0x0000000010002434                watchdog_reboot
 .text.xosc_init
                0x00000000100024cc       0x28 CMakeFiles/assign04-corg7983.dir/home/etbcor/pico/pico-sdk/src/rp2_common/hardware_xosc/xosc.c.obj
                0x00000000100024cc                xosc_init
 .text._out_null
                0x00000000100024f4        0x4 CMakeFiles/assign04-corg7983.dir/home/etbcor/pico/pico-sdk/src/rp2_common/pico_printf/printf.c.obj
 .text._out_rev
                0x00000000100024f8       0x9c CMakeFiles/assign04-corg7983.dir/home/etbcor/pico/pico-sdk/src/rp2_common/pico_printf/printf.c.obj
 .text._ntoa_format
                0x0000000010002594      0x1cc CMakeFiles/assign04-corg7983.dir/home/etbcor/pico/pico-sdk/src/rp2_common/pico_printf/printf.c.obj
 .text._out_char
                0x0000000010002760       0x10 CMakeFiles/assign04-corg7983.dir/home/etbcor/pico/pico-sdk/src/rp2_common/pico_printf/printf.c.obj
 .text._out_fct
                0x0000000010002770       0x10 CMakeFiles/assign04-corg7983.dir/home/etbcor/pico/pico-sdk/src/rp2_common/pico_printf/printf.c.obj
 .text._etoa    0x0000000010002780      0x44c CMakeFiles/assign04-corg7983.dir/home/etbcor/pico/pico-sdk/src/rp2_common/pico_printf/printf.c.obj
 .text._ftoa    0x0000000010002bcc      0x398 CMakeFiles/assign04-corg7983.dir/home/etbcor/pico/pico-sdk/src/rp2_common/pico_printf/printf.c.obj
 .text._vsnprintf
                0x0000000010002f64      0xb04 CMakeFiles/assign04-corg7983.dir/home/etbcor/pico/pico-sdk/src/rp2_common/pico_printf/printf.c.obj
 .text.vfctprintf
                0x0000000010003a68       0x20 CMakeFiles/assign04-corg7983.dir/home/etbcor/pico/pico-sdk/src/rp2_common/pico_printf/printf.c.obj
                0x0000000010003a68                vfctprintf
 .text.weak_raw_vprintf
                0x0000000010003a88       0x30 CMakeFiles/assign04-corg7983.dir/home/etbcor/pico/pico-sdk/src/rp2_common/pico_printf/printf.c.obj
                0x0000000010003a88                weak_raw_vprintf
 .text          0x0000000010003ab8       0x10 CMakeFiles/assign04-corg7983.dir/home/etbcor/pico/pico-sdk/src/rp2_common/pico_bit_ops/bit_ops_aeabi.S.obj
 .text.rom_func_lookup
                0x0000000010003ac8       0x10 CMakeFiles/assign04-corg7983.dir/home/etbcor/pico/pico-sdk/src/rp2_common/pico_bootrom/bootrom.c.obj
                0x0000000010003ac8                rom_func_lookup
 .text.rom_data_lookup
                0x0000000010003ad8       0x10 CMakeFiles/assign04-corg7983.dir/home/etbcor/pico/pico-sdk/src/rp2_common/pico_bootrom/bootrom.c.obj
                0x0000000010003ad8                rom_data_lookup
 .text.rom_funcs_lookup
                0x0000000010003ae8       0x44 CMakeFiles/assign04-corg7983.dir/home/etbcor/pico/pico-sdk/src/rp2_common/pico_bootrom/bootrom.c.obj
                0x0000000010003ae8                rom_funcs_lookup
 .text.__wrap___aeabi_idiv
                0x0000000010003b2c       0x50 CMakeFiles/assign04-corg7983.dir/home/etbcor/pico/pico-sdk/src/rp2_common/pico_divider/divider.S.obj
                0x0000000010003b2c                __wrap___aeabi_idivmod
                0x0000000010003b2c                divmod_s32s32
                0x0000000010003b2c                div_s32s32
                0x0000000010003b2c                __wrap___aeabi_idiv
                0x0000000010003b34                divmod_s32s32_unsafe
                0x0000000010003b60                divmod_s32s32_savestate
 .text.__wrap___aeabi_uidiv
                0x0000000010003b7c       0x4c CMakeFiles/assign04-corg7983.dir/home/etbcor/pico/pico-sdk/src/rp2_common/pico_divider/divider.S.obj
                0x0000000010003b7c                __wrap___aeabi_uidiv
                0x0000000010003b7c                __wrap___aeabi_uidivmod
                0x0000000010003b7c                div_u32u32
                0x0000000010003b7c                divmod_u32u32
                0x0000000010003b84                divmod_u32u32_unsafe
                0x0000000010003bac                divmod_u32u32_savestate
 .text.__wrap___aeabi_ldiv
                0x0000000010003bc8      0x434 CMakeFiles/assign04-corg7983.dir/home/etbcor/pico/pico-sdk/src/rp2_common/pico_divider/divider.S.obj
                0x0000000010003bc8                div_s64s64
                0x0000000010003bc8                divmod_s64s64
                0x0000000010003bc8                __wrap___aeabi_ldivmod
                0x0000000010003c00                div_u64u64
                0x0000000010003c00                divmod_u64u64
                0x0000000010003c00                __wrap___aeabi_uldivmod
                0x0000000010003c10                divmod_u64u64_savestate
                0x0000000010003c38                divmod_s64s64_unsafe
                0x0000000010003cc0                divmod_u64u64_unsafe
 .text.__wrap___aeabi_darithmetic
                0x0000000010003ffc       0x60 CMakeFiles/assign04-corg7983.dir/home/etbcor/pico/pico-sdk/src/rp2_common/pico_double/double_aeabi.S.obj
                0x0000000010003ffc                __wrap___aeabi_drsub
                0x0000000010004002                __wrap___aeabi_dsub
                0x000000001000400c                __wrap___aeabi_dadd
                0x0000000010004016                __wrap___aeabi_ddiv
                0x000000001000404a                __wrap___aeabi_dmul
 .text.__wrap___aeabi_cdcmple
                0x000000001000405c       0x6c CMakeFiles/assign04-corg7983.dir/home/etbcor/pico/pico-sdk/src/rp2_common/pico_double/double_aeabi.S.obj
                0x000000001000405c                __wrap___aeabi_cdrcmple
                0x000000001000406c                __wrap___aeabi_cdcmple
                0x000000001000406c                __wrap___aeabi_cdcmpeq
 .text.__wrap___aeabi_dcmplt
                0x00000000100040c8        0xc CMakeFiles/assign04-corg7983.dir/home/etbcor/pico/pico-sdk/src/rp2_common/pico_double/double_aeabi.S.obj
                0x00000000100040c8                __wrap___aeabi_dcmplt
 .text.__wrap___aeabi_dcmple
                0x00000000100040d4       0x10 CMakeFiles/assign04-corg7983.dir/home/etbcor/pico/pico-sdk/src/rp2_common/pico_double/double_aeabi.S.obj
                0x00000000100040d4                __wrap___aeabi_dcmple
 .text.__wrap___aeabi_dcmpge
                0x00000000100040e4       0x10 CMakeFiles/assign04-corg7983.dir/home/etbcor/pico/pico-sdk/src/rp2_common/pico_double/double_aeabi.S.obj
                0x00000000100040e4                __wrap___aeabi_dcmpge
 .text.__wrap___aeabi_dcmpgt
                0x00000000100040f4        0xa CMakeFiles/assign04-corg7983.dir/home/etbcor/pico/pico-sdk/src/rp2_common/pico_double/double_aeabi.S.obj
                0x00000000100040f4                __wrap___aeabi_dcmpgt
 .text.__wrap___aeabi_dcmpun
                0x00000000100040fe       0x1c CMakeFiles/assign04-corg7983.dir/home/etbcor/pico/pico-sdk/src/rp2_common/pico_double/double_aeabi.S.obj
                0x00000000100040fe                __wrap___aeabi_dcmpun
 *fill*         0x000000001000411a        0x2 
 .text.__wrap___aeabi_i2d
                0x000000001000411c       0x38 CMakeFiles/assign04-corg7983.dir/home/etbcor/pico/pico-sdk/src/rp2_common/pico_double/double_aeabi.S.obj
                0x000000001000411c                __wrap___aeabi_ui2d
                0x0000000010004124                __wrap___aeabi_i2d
 .text.__wrap___aeabi_d2iz
                0x0000000010004154       0x48 CMakeFiles/assign04-corg7983.dir/home/etbcor/pico/pico-sdk/src/rp2_common/pico_double/double_aeabi.S.obj
                0x0000000010004154                __wrap___aeabi_d2iz
                0x0000000010004154                double2int_z
 .text.__wrap___aeabi_d2uiz
                0x000000001000419c       0x10 CMakeFiles/assign04-corg7983.dir/home/etbcor/pico/pico-sdk/src/rp2_common/pico_double/double_aeabi.S.obj
                0x000000001000419c                double2uint
                0x000000001000419c                __wrap___aeabi_d2uiz
 .text.missing_double_func_shim
                0x00000000100041ac        0xc CMakeFiles/assign04-corg7983.dir/home/etbcor/pico/pico-sdk/src/rp2_common/pico_double/double_init_rom.c.obj
 .text.__aeabi_double_init
                0x00000000100041b8       0x98 CMakeFiles/assign04-corg7983.dir/home/etbcor/pico/pico-sdk/src/rp2_common/pico_double/double_init_rom.c.obj
                0x00000000100041b8                __aeabi_double_init
 .text.double_table_shim_on_use_helper
                0x0000000010004250       0x2c CMakeFiles/assign04-corg7983.dir/home/etbcor/pico/pico-sdk/src/rp2_common/pico_double/double_v1_rom_shim.S.obj
                0x0000000010004250                double_table_shim_on_use_helper
 .text.__aeabi_lmul
                0x000000001000427c       0x32 CMakeFiles/assign04-corg7983.dir/home/etbcor/pico/pico-sdk/src/rp2_common/pico_int64_ops/pico_int64_ops_aeabi.S.obj
                0x000000001000427c                __wrap___aeabi_lmul
 *fill*         0x00000000100042ae        0x2 
 .text.missing_float_func_shim
                0x00000000100042b0        0xc CMakeFiles/assign04-corg7983.dir/home/etbcor/pico/pico-sdk/src/rp2_common/pico_float/float_init_rom.c.obj
 .text.__aeabi_float_init
                0x00000000100042bc       0x5c CMakeFiles/assign04-corg7983.dir/home/etbcor/pico/pico-sdk/src/rp2_common/pico_float/float_init_rom.c.obj
                0x00000000100042bc                __aeabi_float_init
 .text.__wrap_malloc
                0x0000000010004318       0x24 CMakeFiles/assign04-corg7983.dir/home/etbcor/pico/pico-sdk/src/rp2_common/pico_malloc/pico_malloc.c.obj
                0x0000000010004318                __wrap_malloc
 .text.__wrap_free
                0x000000001000433c        0x8 CMakeFiles/assign04-corg7983.dir/home/etbcor/pico/pico-sdk/src/rp2_common/pico_malloc/pico_malloc.c.obj
                0x000000001000433c                __wrap_free
 .text          0x0000000010004344       0x10 CMakeFiles/assign04-corg7983.dir/home/etbcor/pico/pico-sdk/src/rp2_common/pico_mem_ops/mem_ops_aeabi.S.obj
                0x0000000010004344                __aeabi_mem_init
 .text.memset   0x0000000010004354        0xc CMakeFiles/assign04-corg7983.dir/home/etbcor/pico/pico-sdk/src/rp2_common/pico_mem_ops/mem_ops_aeabi.S.obj
                0x0000000010004354                __wrap_memset
 .text.memcpy   0x0000000010004360        0xc CMakeFiles/assign04-corg7983.dir/home/etbcor/pico/pico-sdk/src/rp2_common/pico_mem_ops/mem_ops_aeabi.S.obj
                0x0000000010004360                __wrap___aeabi_memcpy
                0x0000000010004360                __wrap_memcpy
 .text.stdio_out_chars_no_crlf
                0x000000001000436c       0x10 CMakeFiles/assign04-corg7983.dir/home/etbcor/pico/pico-sdk/src/rp2_common/pico_stdio/stdio.c.obj
 .text.stdio_out_chars_crlf
                0x000000001000437c       0xb4 CMakeFiles/assign04-corg7983.dir/home/etbcor/pico/pico-sdk/src/rp2_common/pico_stdio/stdio.c.obj
 .text.stdio_buffered_printer
                0x0000000010004430       0x64 CMakeFiles/assign04-corg7983.dir/home/etbcor/pico/pico-sdk/src/rp2_common/pico_stdio/stdio.c.obj
 .text.stdio_put_string.isra.0
                0x0000000010004494       0xfc CMakeFiles/assign04-corg7983.dir/home/etbcor/pico/pico-sdk/src/rp2_common/pico_stdio/stdio.c.obj
 .text.__wrap_putchar
                0x0000000010004590       0xa0 CMakeFiles/assign04-corg7983.dir/home/etbcor/pico/pico-sdk/src/rp2_common/pico_stdio/stdio.c.obj
                0x0000000010004590                __wrap_putchar
 .text.__wrap_puts
                0x0000000010004630       0x3c CMakeFiles/assign04-corg7983.dir/home/etbcor/pico/pico-sdk/src/rp2_common/pico_stdio/stdio.c.obj
                0x0000000010004630                __wrap_puts
 .text.stdio_set_driver_enabled
                0x000000001000466c       0x30 CMakeFiles/assign04-corg7983.dir/home/etbcor/pico/pico-sdk/src/rp2_common/pico_stdio/stdio.c.obj
                0x000000001000466c                stdio_set_driver_enabled
 .text.__wrap_vprintf
                0x000000001000469c       0xd8 CMakeFiles/assign04-corg7983.dir/home/etbcor/pico/pico-sdk/src/rp2_common/pico_stdio/stdio.c.obj
                0x000000001000469c                __wrap_vprintf
 .text.__wrap_printf
                0x0000000010004774       0x18 CMakeFiles/assign04-corg7983.dir/home/etbcor/pico/pico-sdk/src/rp2_common/pico_stdio/stdio.c.obj
                0x0000000010004774                __wrap_printf
 .text.stdio_init_all
                0x000000001000478c        0xc CMakeFiles/assign04-corg7983.dir/home/etbcor/pico/pico-sdk/src/rp2_common/pico_stdio/stdio.c.obj
                0x000000001000478c                stdio_init_all
 .text.stdio_uart_out_chars
                0x0000000010004798       0x4c CMakeFiles/assign04-corg7983.dir/home/etbcor/pico/pico-sdk/src/rp2_common/pico_stdio_uart/stdio_uart.c.obj
 .text.stdio_uart_in_chars
                0x00000000100047e4       0x38 CMakeFiles/assign04-corg7983.dir/home/etbcor/pico/pico-sdk/src/rp2_common/pico_stdio_uart/stdio_uart.c.obj
                0x00000000100047e4                stdio_uart_in_chars
 .text.stdio_uart_init
                0x000000001000481c       0x48 CMakeFiles/assign04-corg7983.dir/home/etbcor/pico/pico-sdk/src/rp2_common/pico_stdio_uart/stdio_uart.c.obj
                0x000000001000481c                stdio_uart_init
 .text.resetd_init
                0x0000000010004864        0x4 CMakeFiles/assign04-corg7983.dir/home/etbcor/pico/pico-sdk/src/rp2_common/pico_stdio_usb/reset_interface.c.obj
 .text.resetd_reset
                0x0000000010004868        0xc CMakeFiles/assign04-corg7983.dir/home/etbcor/pico/pico-sdk/src/rp2_common/pico_stdio_usb/reset_interface.c.obj
 .text.resetd_open
                0x0000000010004874       0x28 CMakeFiles/assign04-corg7983.dir/home/etbcor/pico/pico-sdk/src/rp2_common/pico_stdio_usb/reset_interface.c.obj
 .text.resetd_xfer_cb
                0x000000001000489c        0x4 CMakeFiles/assign04-corg7983.dir/home/etbcor/pico/pico-sdk/src/rp2_common/pico_stdio_usb/reset_interface.c.obj
 .text.resetd_control_xfer_cb
                0x00000000100048a0       0x64 CMakeFiles/assign04-corg7983.dir/home/etbcor/pico/pico-sdk/src/rp2_common/pico_stdio_usb/reset_interface.c.obj
 .text.usbd_app_driver_get_cb
                0x0000000010004904        0xc CMakeFiles/assign04-corg7983.dir/home/etbcor/pico/pico-sdk/src/rp2_common/pico_stdio_usb/reset_interface.c.obj
                0x0000000010004904                usbd_app_driver_get_cb
 .text.tud_cdc_line_coding_cb
                0x0000000010004910       0x34 CMakeFiles/assign04-corg7983.dir/home/etbcor/pico/pico-sdk/src/rp2_common/pico_stdio_usb/reset_interface.c.obj
                0x0000000010004910                tud_cdc_line_coding_cb
 .text.stdio_usb_in_chars
                0x0000000010004944       0x68 CMakeFiles/assign04-corg7983.dir/home/etbcor/pico/pico-sdk/src/rp2_common/pico_stdio_usb/stdio_usb.c.obj
                0x0000000010004944                stdio_usb_in_chars
 .text.stdio_usb_out_chars
                0x00000000100049ac       0xe4 CMakeFiles/assign04-corg7983.dir/home/etbcor/pico/pico-sdk/src/rp2_common/pico_stdio_usb/stdio_usb.c.obj
 .text.timer_task
                0x0000000010004a90       0x18 CMakeFiles/assign04-corg7983.dir/home/etbcor/pico/pico-sdk/src/rp2_common/pico_stdio_usb/stdio_usb.c.obj
 .text.usb_irq  0x0000000010004aa8       0x10 CMakeFiles/assign04-corg7983.dir/home/etbcor/pico/pico-sdk/src/rp2_common/pico_stdio_usb/stdio_usb.c.obj
 .text.low_priority_worker_irq
                0x0000000010004ab8       0x24 CMakeFiles/assign04-corg7983.dir/home/etbcor/pico/pico-sdk/src/rp2_common/pico_stdio_usb/stdio_usb.c.obj
 .text.stdio_usb_init
                0x0000000010004adc       0xb0 CMakeFiles/assign04-corg7983.dir/home/etbcor/pico/pico-sdk/src/rp2_common/pico_stdio_usb/stdio_usb.c.obj
                0x0000000010004adc                stdio_usb_init
 .text.tud_descriptor_device_cb
                0x0000000010004b8c        0x8 CMakeFiles/assign04-corg7983.dir/home/etbcor/pico/pico-sdk/src/rp2_common/pico_stdio_usb/stdio_usb_descriptors.c.obj
                0x0000000010004b8c                tud_descriptor_device_cb
 .text.tud_descriptor_configuration_cb
                0x0000000010004b94        0x8 CMakeFiles/assign04-corg7983.dir/home/etbcor/pico/pico-sdk/src/rp2_common/pico_stdio_usb/stdio_usb_descriptors.c.obj
                0x0000000010004b94                tud_descriptor_configuration_cb
 .text.tud_descriptor_string_cb
                0x0000000010004b9c       0x74 CMakeFiles/assign04-corg7983.dir/home/etbcor/pico/pico-sdk/src/rp2_common/pico_stdio_usb/stdio_usb_descriptors.c.obj
                0x0000000010004b9c                tud_descriptor_string_cb
 .text.dcd_rp2040_irq
                0x0000000010004c10      0x21c CMakeFiles/assign04-corg7983.dir/home/etbcor/pico/pico-sdk/lib/tinyusb/src/portable/raspberrypi/rp2040/dcd_rp2040.c.obj
 .text.dcd_int_enable
                0x0000000010004e2c        0xc CMakeFiles/assign04-corg7983.dir/home/etbcor/pico/pico-sdk/lib/tinyusb/src/portable/raspberrypi/rp2040/dcd_rp2040.c.obj
                0x0000000010004e2c                dcd_int_enable
 .text.dcd_set_address
                0x0000000010004e38       0x14 CMakeFiles/assign04-corg7983.dir/home/etbcor/pico/pico-sdk/lib/tinyusb/src/portable/raspberrypi/rp2040/dcd_rp2040.c.obj
                0x0000000010004e38                dcd_set_address
 .text.dcd_connect
                0x0000000010004e4c       0x10 CMakeFiles/assign04-corg7983.dir/home/etbcor/pico/pico-sdk/lib/tinyusb/src/portable/raspberrypi/rp2040/dcd_rp2040.c.obj
                0x0000000010004e4c                dcd_connect
 .text.dcd_init
                0x0000000010004e5c      0x144 CMakeFiles/assign04-corg7983.dir/home/etbcor/pico/pico-sdk/lib/tinyusb/src/portable/raspberrypi/rp2040/dcd_rp2040.c.obj
                0x0000000010004e5c                dcd_init
 .text.dcd_edpt0_status_complete
                0x0000000010004fa0       0x1c CMakeFiles/assign04-corg7983.dir/home/etbcor/pico/pico-sdk/lib/tinyusb/src/portable/raspberrypi/rp2040/dcd_rp2040.c.obj
                0x0000000010004fa0                dcd_edpt0_status_complete
 .text.dcd_edpt_open
                0x0000000010004fbc       0xf0 CMakeFiles/assign04-corg7983.dir/home/etbcor/pico/pico-sdk/lib/tinyusb/src/portable/raspberrypi/rp2040/dcd_rp2040.c.obj
                0x0000000010004fbc                dcd_edpt_open
 .text.dcd_edpt_close_all
                0x00000000100050ac       0xbc CMakeFiles/assign04-corg7983.dir/home/etbcor/pico/pico-sdk/lib/tinyusb/src/portable/raspberrypi/rp2040/dcd_rp2040.c.obj
                0x00000000100050ac                dcd_edpt_close_all
 .text.dcd_edpt_xfer
                0x0000000010005168       0x24 CMakeFiles/assign04-corg7983.dir/home/etbcor/pico/pico-sdk/lib/tinyusb/src/portable/raspberrypi/rp2040/dcd_rp2040.c.obj
                0x0000000010005168                dcd_edpt_xfer
 .text.dcd_edpt_stall
                0x000000001000518c       0x38 CMakeFiles/assign04-corg7983.dir/home/etbcor/pico/pico-sdk/lib/tinyusb/src/portable/raspberrypi/rp2040/dcd_rp2040.c.obj
                0x000000001000518c                dcd_edpt_stall
 .text.dcd_edpt_clear_stall
                0x00000000100051c4       0x30 CMakeFiles/assign04-corg7983.dir/home/etbcor/pico/pico-sdk/lib/tinyusb/src/portable/raspberrypi/rp2040/dcd_rp2040.c.obj
                0x00000000100051c4                dcd_edpt_clear_stall
 .text._hw_endpoint_buffer_control_update32.part.0.isra.0
                0x00000000100051f4       0x1c CMakeFiles/assign04-corg7983.dir/home/etbcor/pico/pico-sdk/lib/tinyusb/src/portable/raspberrypi/rp2040/rp2040_usb.c.obj
 .text.rp2040_usb_init
                0x0000000010005210       0x4c CMakeFiles/assign04-corg7983.dir/home/etbcor/pico/pico-sdk/lib/tinyusb/src/portable/raspberrypi/rp2040/rp2040_usb.c.obj
                0x0000000010005210                rp2040_usb_init
 .text.hw_endpoint_reset_transfer
                0x000000001000525c        0xc CMakeFiles/assign04-corg7983.dir/home/etbcor/pico/pico-sdk/lib/tinyusb/src/portable/raspberrypi/rp2040/rp2040_usb.c.obj
                0x000000001000525c                hw_endpoint_reset_transfer
 .text._hw_endpoint_buffer_control_update32
                0x0000000010005268       0x44 CMakeFiles/assign04-corg7983.dir/home/etbcor/pico/pico-sdk/lib/tinyusb/src/portable/raspberrypi/rp2040/rp2040_usb.c.obj
                0x0000000010005268                _hw_endpoint_buffer_control_update32
 .text.hw_endpoint_xfer_start
                0x00000000100052ac      0x138 CMakeFiles/assign04-corg7983.dir/home/etbcor/pico/pico-sdk/lib/tinyusb/src/portable/raspberrypi/rp2040/rp2040_usb.c.obj
                0x00000000100052ac                hw_endpoint_xfer_start
 .text.hw_endpoint_xfer_continue
                0x00000000100053e4      0x1e4 CMakeFiles/assign04-corg7983.dir/home/etbcor/pico/pico-sdk/lib/tinyusb/src/portable/raspberrypi/rp2040/rp2040_usb.c.obj
                0x00000000100053e4                hw_endpoint_xfer_continue
 .text.tud_mounted
                0x00000000100055c8       0x10 CMakeFiles/assign04-corg7983.dir/home/etbcor/pico/pico-sdk/lib/tinyusb/src/device/usbd.c.obj
                0x00000000100055c8                tud_mounted
 .text.tud_suspended
                0x00000000100055d8       0x10 CMakeFiles/assign04-corg7983.dir/home/etbcor/pico/pico-sdk/lib/tinyusb/src/device/usbd.c.obj
                0x00000000100055d8                tud_suspended
 .text.tud_inited
                0x00000000100055e8        0xc CMakeFiles/assign04-corg7983.dir/home/etbcor/pico/pico-sdk/lib/tinyusb/src/device/usbd.c.obj
                0x00000000100055e8                tud_inited
 .text.tud_init
                0x00000000100055f4       0xd8 CMakeFiles/assign04-corg7983.dir/home/etbcor/pico/pico-sdk/lib/tinyusb/src/device/usbd.c.obj
                0x00000000100055f4                tud_init
 .text.tud_task
                0x00000000100056cc      0x8ec CMakeFiles/assign04-corg7983.dir/home/etbcor/pico/pico-sdk/lib/tinyusb/src/device/usbd.c.obj
                0x00000000100056cc                tud_task
 .text.dcd_event_bus_signal
                0x0000000010005fb8      0x120 CMakeFiles/assign04-corg7983.dir/home/etbcor/pico/pico-sdk/lib/tinyusb/src/device/usbd.c.obj
                0x0000000010005fb8                dcd_event_bus_signal
 .text.dcd_event_bus_reset
                0x00000000100060d8       0x54 CMakeFiles/assign04-corg7983.dir/home/etbcor/pico/pico-sdk/lib/tinyusb/src/device/usbd.c.obj
                0x00000000100060d8                dcd_event_bus_reset
 .text.dcd_event_setup_received
                0x000000001000612c       0x50 CMakeFiles/assign04-corg7983.dir/home/etbcor/pico/pico-sdk/lib/tinyusb/src/device/usbd.c.obj
                0x000000001000612c                dcd_event_setup_received
 .text.dcd_event_xfer_complete
                0x000000001000617c       0x68 CMakeFiles/assign04-corg7983.dir/home/etbcor/pico/pico-sdk/lib/tinyusb/src/device/usbd.c.obj
                0x000000001000617c                dcd_event_xfer_complete
 .text.usbd_open_edpt_pair
                0x00000000100061e4       0x80 CMakeFiles/assign04-corg7983.dir/home/etbcor/pico/pico-sdk/lib/tinyusb/src/device/usbd.c.obj
                0x00000000100061e4                usbd_open_edpt_pair
 .text.usbd_edpt_open
                0x0000000010006264       0x30 CMakeFiles/assign04-corg7983.dir/home/etbcor/pico/pico-sdk/lib/tinyusb/src/device/usbd.c.obj
                0x0000000010006264                usbd_edpt_open
 .text.usbd_edpt_claim
                0x0000000010006294       0x64 CMakeFiles/assign04-corg7983.dir/home/etbcor/pico/pico-sdk/lib/tinyusb/src/device/usbd.c.obj
                0x0000000010006294                usbd_edpt_claim
 .text.usbd_edpt_release
                0x00000000100062f8       0x4c CMakeFiles/assign04-corg7983.dir/home/etbcor/pico/pico-sdk/lib/tinyusb/src/device/usbd.c.obj
                0x00000000100062f8                usbd_edpt_release
 .text.usbd_edpt_xfer
                0x0000000010006344       0x48 CMakeFiles/assign04-corg7983.dir/home/etbcor/pico/pico-sdk/lib/tinyusb/src/device/usbd.c.obj
                0x0000000010006344                usbd_edpt_xfer
 .text.tud_control_status
                0x000000001000638c       0x30 CMakeFiles/assign04-corg7983.dir/home/etbcor/pico/pico-sdk/lib/tinyusb/src/device/usbd_control.c.obj
                0x000000001000638c                tud_control_status
 .text.tud_control_xfer
                0x00000000100063bc       0xbc CMakeFiles/assign04-corg7983.dir/home/etbcor/pico/pico-sdk/lib/tinyusb/src/device/usbd_control.c.obj
                0x00000000100063bc                tud_control_xfer
 .text.usbd_control_reset
                0x0000000010006478       0x14 CMakeFiles/assign04-corg7983.dir/home/etbcor/pico/pico-sdk/lib/tinyusb/src/device/usbd_control.c.obj
                0x0000000010006478                usbd_control_reset
 .text.usbd_control_set_complete_callback
                0x000000001000648c        0xc CMakeFiles/assign04-corg7983.dir/home/etbcor/pico/pico-sdk/lib/tinyusb/src/device/usbd_control.c.obj
                0x000000001000648c                usbd_control_set_complete_callback
 .text.usbd_control_set_request
                0x0000000010006498       0x1c CMakeFiles/assign04-corg7983.dir/home/etbcor/pico/pico-sdk/lib/tinyusb/src/device/usbd_control.c.obj
                0x0000000010006498                usbd_control_set_request
 .text.usbd_control_xfer_cb
                0x00000000100064b4       0xfc CMakeFiles/assign04-corg7983.dir/home/etbcor/pico/pico-sdk/lib/tinyusb/src/device/usbd_control.c.obj
                0x00000000100064b4                usbd_control_xfer_cb
 .text.tud_cdc_n_connected
                0x00000000100065b0       0x30 CMakeFiles/assign04-corg7983.dir/home/etbcor/pico/pico-sdk/lib/tinyusb/src/class/cdc/cdc_device.c.obj
                0x00000000100065b0                tud_cdc_n_connected
 .text.tud_cdc_n_available
                0x00000000100065e0       0x18 CMakeFiles/assign04-corg7983.dir/home/etbcor/pico/pico-sdk/lib/tinyusb/src/class/cdc/cdc_device.c.obj
                0x00000000100065e0                tud_cdc_n_available
 .text.tud_cdc_n_read
                0x00000000100065f8       0x70 CMakeFiles/assign04-corg7983.dir/home/etbcor/pico/pico-sdk/lib/tinyusb/src/class/cdc/cdc_device.c.obj
                0x00000000100065f8                tud_cdc_n_read
 .text.tud_cdc_n_write_flush
                0x0000000010006668       0x78 CMakeFiles/assign04-corg7983.dir/home/etbcor/pico/pico-sdk/lib/tinyusb/src/class/cdc/cdc_device.c.obj
                0x0000000010006668                tud_cdc_n_write_flush
 .text.tud_cdc_n_write
                0x00000000100066e0       0x34 CMakeFiles/assign04-corg7983.dir/home/etbcor/pico/pico-sdk/lib/tinyusb/src/class/cdc/cdc_device.c.obj
                0x00000000100066e0                tud_cdc_n_write
 .text.tud_cdc_n_write_available
                0x0000000010006714       0x18 CMakeFiles/assign04-corg7983.dir/home/etbcor/pico/pico-sdk/lib/tinyusb/src/class/cdc/cdc_device.c.obj
                0x0000000010006714                tud_cdc_n_write_available
 .text.cdcd_init
                0x000000001000672c       0x7c CMakeFiles/assign04-corg7983.dir/home/etbcor/pico/pico-sdk/lib/tinyusb/src/class/cdc/cdc_device.c.obj
                0x000000001000672c                cdcd_init
 .text.cdcd_reset
                0x00000000100067a8       0x2c CMakeFiles/assign04-corg7983.dir/home/etbcor/pico/pico-sdk/lib/tinyusb/src/class/cdc/cdc_device.c.obj
                0x00000000100067a8                cdcd_reset
 .text.cdcd_open
                0x00000000100067d4       0xe4 CMakeFiles/assign04-corg7983.dir/home/etbcor/pico/pico-sdk/lib/tinyusb/src/class/cdc/cdc_device.c.obj
                0x00000000100067d4                cdcd_open
 .text.cdcd_control_xfer_cb
                0x00000000100068b8       0xe4 CMakeFiles/assign04-corg7983.dir/home/etbcor/pico/pico-sdk/lib/tinyusb/src/class/cdc/cdc_device.c.obj
                0x00000000100068b8                cdcd_control_xfer_cb
 .text.cdcd_xfer_cb
                0x000000001000699c      0x148 CMakeFiles/assign04-corg7983.dir/home/etbcor/pico/pico-sdk/lib/tinyusb/src/class/cdc/cdc_device.c.obj
                0x000000001000699c                cdcd_xfer_cb
 .text.tusb_init
                0x0000000010006ae4        0xc CMakeFiles/assign04-corg7983.dir/home/etbcor/pico/pico-sdk/lib/tinyusb/src/tusb.c.obj
                0x0000000010006ae4                tusb_init
 .text.tusb_inited
                0x0000000010006af0        0x8 CMakeFiles/assign04-corg7983.dir/home/etbcor/pico/pico-sdk/lib/tinyusb/src/tusb.c.obj
                0x0000000010006af0                tusb_inited
 .text.tu_edpt_validate
                0x0000000010006af8       0x78 CMakeFiles/assign04-corg7983.dir/home/etbcor/pico/pico-sdk/lib/tinyusb/src/tusb.c.obj
                0x0000000010006af8                tu_edpt_validate
 .text.tu_edpt_bind_driver
                0x0000000010006b70       0x2c CMakeFiles/assign04-corg7983.dir/home/etbcor/pico/pico-sdk/lib/tinyusb/src/tusb.c.obj
                0x0000000010006b70                tu_edpt_bind_driver
 .text.tu_fifo_config
                0x0000000010006b9c       0x78 CMakeFiles/assign04-corg7983.dir/home/etbcor/pico/pico-sdk/lib/tinyusb/src/common/tusb_fifo.c.obj
                0x0000000010006b9c                tu_fifo_config
 .text.tu_fifo_count
                0x0000000010006c14       0x20 CMakeFiles/assign04-corg7983.dir/home/etbcor/pico/pico-sdk/lib/tinyusb/src/common/tusb_fifo.c.obj
                0x0000000010006c14                tu_fifo_count
 .text.tu_fifo_empty
                0x0000000010006c34       0x10 CMakeFiles/assign04-corg7983.dir/home/etbcor/pico/pico-sdk/lib/tinyusb/src/common/tusb_fifo.c.obj
                0x0000000010006c34                tu_fifo_empty
 .text.tu_fifo_remaining
                0x0000000010006c44       0x1c CMakeFiles/assign04-corg7983.dir/home/etbcor/pico/pico-sdk/lib/tinyusb/src/common/tusb_fifo.c.obj
                0x0000000010006c44                tu_fifo_remaining
 .text.tu_fifo_read
                0x0000000010006c60       0x9c CMakeFiles/assign04-corg7983.dir/home/etbcor/pico/pico-sdk/lib/tinyusb/src/common/tusb_fifo.c.obj
                0x0000000010006c60                tu_fifo_read
 .text.tu_fifo_read_n
                0x0000000010006cfc      0x100 CMakeFiles/assign04-corg7983.dir/home/etbcor/pico/pico-sdk/lib/tinyusb/src/common/tusb_fifo.c.obj
                0x0000000010006cfc                tu_fifo_read_n
 .text.tu_fifo_write
                0x0000000010006dfc       0x7c CMakeFiles/assign04-corg7983.dir/home/etbcor/pico/pico-sdk/lib/tinyusb/src/common/tusb_fifo.c.obj
                0x0000000010006dfc                tu_fifo_write
 .text.tu_fifo_write_n
                0x0000000010006e78      0x100 CMakeFiles/assign04-corg7983.dir/home/etbcor/pico/pico-sdk/lib/tinyusb/src/common/tusb_fifo.c.obj
                0x0000000010006e78                tu_fifo_write_n
 .text.tu_fifo_clear
                0x0000000010006f78       0x4c CMakeFiles/assign04-corg7983.dir/home/etbcor/pico/pico-sdk/lib/tinyusb/src/common/tusb_fifo.c.obj
                0x0000000010006f78                tu_fifo_clear
 .text.tu_fifo_set_overwritable
                0x0000000010006fc4       0x3c CMakeFiles/assign04-corg7983.dir/home/etbcor/pico/pico-sdk/lib/tinyusb/src/common/tusb_fifo.c.obj
                0x0000000010006fc4                tu_fifo_set_overwritable
 .text.startup._retrieve_unique_id_on_boot
                0x0000000010007000       0x10 CMakeFiles/assign04-corg7983.dir/home/etbcor/pico/pico-sdk/src/rp2_common/pico_unique_id/unique_id.c.obj
 .text.pico_get_unique_board_id_string
                0x0000000010007010      0x1a8 CMakeFiles/assign04-corg7983.dir/home/etbcor/pico/pico-sdk/src/rp2_common/pico_unique_id/unique_id.c.obj
                0x0000000010007010                pico_get_unique_board_id_string
 .text.flash_get_unique_id
                0x00000000100071b8       0x40 CMakeFiles/assign04-corg7983.dir/home/etbcor/pico/pico-sdk/src/rp2_common/hardware_flash/flash.c.obj
                0x00000000100071b8                flash_get_unique_id
 .text          0x00000000100071f8     0x11fc libfreertos.a(queue.c.obj)
                0x00000000100071f8                xQueueGenericReset
                0x0000000010007298                xQueueGenericCreate
                0x0000000010007330                xQueueGenericSend
                0x0000000010007648                xQueueGenericSendFromISR
                0x0000000010007760                xQueueGiveFromISR
                0x00000000100077cc                xQueueReceive
                0x0000000010007a6c                xQueueSemaphoreTake
                0x0000000010007cf0                xQueuePeek
                0x0000000010007f8c                xQueueReceiveFromISR
                0x000000001000801c                xQueuePeekFromISR
                0x000000001000805c                uxQueueMessagesWaiting
                0x0000000010008070                uxQueueSpacesAvailable
                0x0000000010008088                uxQueueMessagesWaitingFromISR
                0x000000001000808c                vQueueDelete
                0x000000001000810c                xQueueIsQueueEmptyFromISR
                0x0000000010008114                xQueueIsQueueFullFromISR
                0x0000000010008120                vQueueAddToRegistry
                0x0000000010008238                pcQueueGetName
                0x00000000100082ac                vQueueUnregisterQueue
                0x0000000010008324                vQueueWaitForMessageRestricted
 .text          0x00000000100083f4     0x1530 libfreertos.a(tasks.c.obj)
                0x00000000100085d0                xTaskCreate
                0x00000000100087fc                vTaskDelete
                0x0000000010008894                uxTaskPriorityGet
                0x00000000100088b4                uxTaskPriorityGetFromISR
                0x00000000100088d4                vTaskPrioritySet
                0x0000000010008990                vTaskSuspend
                0x0000000010008ad0                vTaskResume
                0x0000000010008b54                xTaskResumeFromISR
                0x0000000010008bf4                vTaskStartScheduler
                0x0000000010008d60                vTaskEndScheduler
                0x0000000010008d74                vTaskSuspendAll
                0x0000000010008d84                xTaskResumeAll
                0x0000000010008eb8                xTaskDelayUntil
                0x0000000010008f34                vTaskDelay
                0x0000000010008f88                xTaskGetTickCount
                0x0000000010008f94                xTaskGetTickCountFromISR
                0x0000000010008fa0                uxTaskGetNumberOfTasks
                0x0000000010008fac                pcTaskGetName
                0x0000000010008fc0                xTaskCatchUpTicks
                0x0000000010008fec                xTaskIncrementTick
                0x0000000010009010                vTaskSwitchContext
                0x00000000100090b4                vTaskPlaceOnEventList
                0x0000000010009128                vTaskPlaceOnUnorderedEventList
                0x00000000100091c4                vTaskPlaceOnEventListRestricted
                0x0000000010009260                xTaskRemoveFromEventList
                0x0000000010009328                vTaskRemoveFromUnorderedEventList
                0x00000000100093bc                vTaskSetTimeOutState
                0x00000000100093d8                vTaskInternalSetTimeOutState
                0x00000000100093e8                xTaskCheckForTimeOut
                0x0000000010009438                vTaskMissedYield
                0x0000000010009444                vTaskSetThreadLocalStoragePointer
                0x0000000010009460                pvTaskGetThreadLocalStoragePointer
                0x0000000010009480                xTaskGetCurrentTaskHandle
                0x000000001000948c                xTaskGetSchedulerState
                0x00000000100094a4                uxTaskResetEventItemValue
                0x00000000100094bc                ulTaskGenericNotifyTake
                0x0000000010009538                xTaskGenericNotifyWait
                0x00000000100095d4                xTaskGenericNotify
                0x00000000100096bc                xTaskGenericNotifyFromISR
                0x00000000100097e4                vTaskGenericNotifyGiveFromISR
                0x00000000100098c4                xTaskGenericNotifyStateClear
                0x00000000100098f4                ulTaskGenericNotifyValueClear
 .text          0x0000000010009924      0x534 libfreertos.a(timers.c.obj)
                0x0000000010009c3c                xTimerCreateTimerTask
                0x0000000010009cb0                xTimerCreate
                0x0000000010009d58                xTimerGenericCommand
                0x0000000010009dac                xTimerGetTimerDaemonTaskHandle
                0x0000000010009db8                xTimerGetPeriod
                0x0000000010009dbc                vTimerSetReloadMode
                0x0000000010009de0                xTimerGetReloadMode
                0x0000000010009df8                uxTimerGetReloadMode
                0x0000000010009e10                xTimerGetExpiryTime
                0x0000000010009e14                pcTimerGetName
                0x0000000010009e18                xTimerIsTimerActive
                0x0000000010009e30                pvTimerGetTimerID
                0x0000000010009e44                vTimerSetTimerID
 .text          0x0000000010009e58       0x30 libfreertos.a(heap_3.c.obj)
                0x0000000010009e58                pvPortMalloc
                0x0000000010009e70                vPortFree
 *fill*         0x0000000010009e88        0x8 
 .text          0x0000000010009e90      0x194 libfreertos.a(port.c.obj)
                0x0000000010009ed4                pxPortInitialiseStack
                0x0000000010009ef4                isr_svcall
                0x0000000010009ef8                vPortEndScheduler
                0x0000000010009efc                vPortYield
                0x0000000010009f14                vPortEnterCritical
                0x0000000010009f2c                vPortExitCritical
                0x0000000010009f40                ulSetInterruptMaskFromISR
                0x0000000010009f48                vClearInterruptMaskFromISR
                0x0000000010009f50                isr_pendsv
                0x0000000010009f94                isr_systick
                0x0000000010009fb8                vPortSetupTimerInterrupt
                0x0000000010009fe0                xPortStartScheduler
 .text          0x000000001000a024       0x8c libfreertos.a(list.c.obj)
                0x000000001000a024                vListInitialise
                0x000000001000a03c                vListInitialiseItem
                0x000000001000a044                vListInsertEnd
                0x000000001000a05c                vListInsert
                0x000000001000a08c                uxListRemove
 .text          0x000000001000a0b0       0x28 /usr/lib/gcc/arm-none-eabi/10.3.1/../../../arm-none-eabi/lib/thumb/v6-m/nofp/libc.a(lib_a-malloc.o)
                0x000000001000a0b0                malloc
                0x000000001000a0c4                free
 .text          0x000000001000a0d8      0x574 /usr/lib/gcc/arm-none-eabi/10.3.1/../../../arm-none-eabi/lib/thumb/v6-m/nofp/libc.a(lib_a-mallocr.o)
                0x000000001000a0d8                _malloc_r
 .text          0x000000001000a64c        0x8 /usr/lib/gcc/arm-none-eabi/10.3.1/../../../arm-none-eabi/lib/thumb/v6-m/nofp/libc.a(lib_a-mlock.o)
                0x000000001000a64c                __malloc_lock
                0x000000001000a650                __malloc_unlock
 .text          0x000000001000a654       0x24 /usr/lib/gcc/arm-none-eabi/10.3.1/../../../arm-none-eabi/lib/thumb/v6-m/nofp/libc.a(lib_a-sbrkr.o)
                0x000000001000a654                _sbrk_r
 .text          0x000000001000a678       0x5c /usr/lib/gcc/arm-none-eabi/10.3.1/../../../arm-none-eabi/lib/thumb/v6-m/nofp/libc.a(lib_a-strlen-stub.o)
                0x000000001000a678                strlen
 .text          0x000000001000a6d4      0x260 /usr/lib/gcc/arm-none-eabi/10.3.1/../../../arm-none-eabi/lib/thumb/v6-m/nofp/libc.a(lib_a-freer.o)
                0x000000001000a6d4                _malloc_trim_r
                0x000000001000a770                _free_r
 *(.fini)
 .fini          0x000000001000a934        0x4 /usr/lib/gcc/arm-none-eabi/10.3.1/thumb/v6-m/nofp/crti.o
                0x000000001000a934                _fini
 .fini.__stub   0x000000001000a938       0x70 linker stubs
 *crtbegin.o(.ctors)
 *crtbegin?.o(.ctors)
 *(EXCLUDE_FILE(*crtend.o *crtend?.o) .ctors)
 *(SORT_BY_NAME(.ctors.*))
 *(.ctors)
 *crtbegin.o(.dtors)
 *crtbegin?.o(.dtors)
 *(EXCLUDE_FILE(*crtend.o *crtend?.o) .dtors)
 *(SORT_BY_NAME(.dtors.*))
 *(.dtors)
 *(.eh_frame*)
 .eh_frame      0x000000001000a9a8        0x0 /usr/lib/gcc/arm-none-eabi/10.3.1/thumb/v6-m/nofp/crtbegin.o
                0x000000001000a9a8                . = ALIGN (0x4)

.glue_7         0x000000001000a9a8        0x0
 .glue_7        0x000000001000a9a8        0x0 linker stubs

.glue_7t        0x000000001000a9a8        0x0
 .glue_7t       0x000000001000a9a8        0x0 linker stubs

.vfp11_veneer   0x000000001000a9a8        0x0
 .vfp11_veneer  0x000000001000a9a8        0x0 linker stubs

.v4_bx          0x000000001000a9a8        0x0
 .v4_bx         0x000000001000a9a8        0x0 linker stubs

.iplt           0x000000001000a9a8        0x0
 .iplt          0x000000001000a9a8        0x0 /usr/lib/gcc/arm-none-eabi/10.3.1/thumb/v6-m/nofp/crtbegin.o

.rodata         0x000000001000a9a8      0x744
 *(EXCLUDE_FILE(*libm.a: *libc.a:*lib_a-mem*.o *libgcc.a:) .rodata*)
 .rodata.vCounterTsk.str1.4
                0x000000001000a9a8       0x36 CMakeFiles/assign04-corg7983.dir/main.c.obj
 *fill*         0x000000001000a9de        0x2 
 .rodata.vSevSegTsk.str1.4
                0x000000001000a9e0       0x73 CMakeFiles/assign04-corg7983.dir/main.c.obj
 *fill*         0x000000001000aa53        0x1 
 .rodata.vSevSegTsk
                0x000000001000aa54       0x80 CMakeFiles/assign04-corg7983.dir/main.c.obj
 .rodata.main.str1.4
                0x000000001000aad4       0x1d CMakeFiles/assign04-corg7983.dir/main.c.obj
 *fill*         0x000000001000aaf1        0x3 
 .rodata.PINS   0x000000001000aaf4       0x2c CMakeFiles/assign04-corg7983.dir/main.c.obj
                0x000000001000aaf4                PINS
 .rodata.spin_lock_claim_unused.str1.4
                0x000000001000ab20       0x1b CMakeFiles/assign04-corg7983.dir/home/etbcor/pico/pico-sdk/src/rp2_common/hardware_sync/sync.c.obj
 *fill*         0x000000001000ab3b        0x1 
 .rodata.user_irq_claim_unused.str1.4
                0x000000001000ab3c       0x1b CMakeFiles/assign04-corg7983.dir/home/etbcor/pico/pico-sdk/src/rp2_common/hardware_irq/irq.c.obj
 *fill*         0x000000001000ab57        0x1 
 .rodata.hardware_alarm_claim.str1.4
                0x000000001000ab58       0x22 CMakeFiles/assign04-corg7983.dir/home/etbcor/pico/pico-sdk/src/rp2_common/hardware_timer/timer.c.obj
 *fill*         0x000000001000ab7a        0x2 
 .rodata.panic.str1.4
                0x000000001000ab7c       0x10 CMakeFiles/assign04-corg7983.dir/home/etbcor/pico/pico-sdk/src/rp2_common/pico_runtime/runtime.c.obj
                                         0x12 (size before relaxing)
 .rodata.hard_assertion_failure.str1.4
                0x000000001000ab8c        0xc CMakeFiles/assign04-corg7983.dir/home/etbcor/pico/pico-sdk/src/rp2_common/pico_runtime/runtime.c.obj
 .rodata._ftoa.str1.4
                0x000000001000ab98       0x15 CMakeFiles/assign04-corg7983.dir/home/etbcor/pico/pico-sdk/src/rp2_common/pico_printf/printf.c.obj
 *fill*         0x000000001000abad        0x3 
 .rodata._vsnprintf
                0x000000001000abb0      0x1e0 CMakeFiles/assign04-corg7983.dir/home/etbcor/pico/pico-sdk/src/rp2_common/pico_printf/printf.c.obj
 .rodata.pow10.0
                0x000000001000ad90       0x50 CMakeFiles/assign04-corg7983.dir/home/etbcor/pico/pico-sdk/src/rp2_common/pico_printf/printf.c.obj
 .rodata.missing_double_func_shim.str1.4
                0x000000001000ade0       0x18 CMakeFiles/assign04-corg7983.dir/home/etbcor/pico/pico-sdk/src/rp2_common/pico_double/double_init_rom.c.obj
 .rodata.missing_float_func_shim.str1.4
                0x000000001000adf8       0x18 CMakeFiles/assign04-corg7983.dir/home/etbcor/pico/pico-sdk/src/rp2_common/pico_float/float_init_rom.c.obj
                                          0x1 (size before relaxing)
 .rodata.__wrap_malloc.str1.4
                0x000000001000adf8        0xe CMakeFiles/assign04-corg7983.dir/home/etbcor/pico/pico-sdk/src/rp2_common/pico_malloc/pico_malloc.c.obj
 *fill*         0x000000001000ae06        0x2 
 .rodata.str1.4
                0x000000001000ae08       0x5c CMakeFiles/assign04-corg7983.dir/home/etbcor/pico/pico-sdk/src/rp2_common/pico_standard_link/binary_info.c.obj
 .rodata.__bi_44
                0x000000001000ae64        0xc CMakeFiles/assign04-corg7983.dir/home/etbcor/pico/pico-sdk/src/rp2_common/pico_standard_link/binary_info.c.obj
 .rodata.__bi_75
                0x000000001000ae70        0xc CMakeFiles/assign04-corg7983.dir/home/etbcor/pico/pico-sdk/src/rp2_common/pico_standard_link/binary_info.c.obj
 .rodata.__bi_81
                0x000000001000ae7c        0xc CMakeFiles/assign04-corg7983.dir/home/etbcor/pico/pico-sdk/src/rp2_common/pico_standard_link/binary_info.c.obj
 .rodata.crlf_str.0
                0x000000001000ae88        0x2 CMakeFiles/assign04-corg7983.dir/home/etbcor/pico/pico-sdk/src/rp2_common/pico_stdio/stdio.c.obj
 *fill*         0x000000001000ae8a        0x2 
 .rodata.str1.4
                0x000000001000ae8c       0x2c CMakeFiles/assign04-corg7983.dir/home/etbcor/pico/pico-sdk/src/rp2_common/pico_stdio_uart/stdio_uart.c.obj
 .rodata.__bi_28.4
                0x000000001000aeb8        0xc CMakeFiles/assign04-corg7983.dir/home/etbcor/pico/pico-sdk/src/rp2_common/pico_stdio_uart/stdio_uart.c.obj
 .rodata.__bi_29.5
                0x000000001000aec4        0x8 CMakeFiles/assign04-corg7983.dir/home/etbcor/pico/pico-sdk/src/rp2_common/pico_stdio_uart/stdio_uart.c.obj
 .rodata._resetd_driver
                0x000000001000aecc       0x18 CMakeFiles/assign04-corg7983.dir/home/etbcor/pico/pico-sdk/src/rp2_common/pico_stdio_usb/reset_interface.c.obj
 .rodata.str1.4
                0x000000001000aee4       0x13 CMakeFiles/assign04-corg7983.dir/home/etbcor/pico/pico-sdk/src/rp2_common/pico_stdio_usb/stdio_usb.c.obj
 *fill*         0x000000001000aef7        0x1 
 .rodata.__bi_118.0
                0x000000001000aef8        0xc CMakeFiles/assign04-corg7983.dir/home/etbcor/pico/pico-sdk/src/rp2_common/pico_stdio_usb/stdio_usb.c.obj
 .rodata.str1.4
                0x000000001000af04       0x2a CMakeFiles/assign04-corg7983.dir/home/etbcor/pico/pico-sdk/src/rp2_common/pico_stdio_usb/stdio_usb_descriptors.c.obj
 *fill*         0x000000001000af2e        0x2 
 .rodata.usbd_desc_cfg
                0x000000001000af30       0x54 CMakeFiles/assign04-corg7983.dir/home/etbcor/pico/pico-sdk/src/rp2_common/pico_stdio_usb/stdio_usb_descriptors.c.obj
 .rodata.usbd_desc_device
                0x000000001000af84       0x12 CMakeFiles/assign04-corg7983.dir/home/etbcor/pico/pico-sdk/src/rp2_common/pico_stdio_usb/stdio_usb_descriptors.c.obj
 *fill*         0x000000001000af96        0x2 
 .rodata.usbd_desc_str
                0x000000001000af98       0x18 CMakeFiles/assign04-corg7983.dir/home/etbcor/pico/pico-sdk/src/rp2_common/pico_stdio_usb/stdio_usb_descriptors.c.obj
 .rodata.dcd_rp2040_irq.str1.4
                0x000000001000afb0       0x14 CMakeFiles/assign04-corg7983.dir/home/etbcor/pico/pico-sdk/lib/tinyusb/src/portable/raspberrypi/rp2040/dcd_rp2040.c.obj
 .rodata._hw_endpoint_buffer_control_update32.part.0.isra.0.str1.4
                0x000000001000afc4       0x1f CMakeFiles/assign04-corg7983.dir/home/etbcor/pico/pico-sdk/lib/tinyusb/src/portable/raspberrypi/rp2040/rp2040_usb.c.obj
 *fill*         0x000000001000afe3        0x1 
 .rodata.hw_endpoint_xfer_continue.str1.4
                0x000000001000afe4       0x29 CMakeFiles/assign04-corg7983.dir/home/etbcor/pico/pico-sdk/lib/tinyusb/src/portable/raspberrypi/rp2040/rp2040_usb.c.obj
 .rodata.str1.4
                0x000000001000b00d       0x29 CMakeFiles/assign04-corg7983.dir/home/etbcor/pico/pico-sdk/lib/tinyusb/src/portable/raspberrypi/rp2040/rp2040_usb.c.obj
                                          0x7 (size before relaxing)
 *fill*         0x000000001000b00d        0x3 
 .rodata.tud_task
                0x000000001000b010       0x8c CMakeFiles/assign04-corg7983.dir/home/etbcor/pico/pico-sdk/lib/tinyusb/src/device/usbd.c.obj
 .rodata._usbd_driver
                0x000000001000b09c       0x18 CMakeFiles/assign04-corg7983.dir/home/etbcor/pico/pico-sdk/lib/tinyusb/src/device/usbd.c.obj
 .rodata        0x000000001000b0b4       0x28 libfreertos.a(timers.c.obj)
 .rodata.str1.4
                0x000000001000b0dc       0x10 libfreertos.a(timers.c.obj)
                0x000000001000b0ec                . = ALIGN (0x4)
 *(SORT_BY_ALIGNMENT(SORT_BY_NAME(.flashdata*)))
                0x000000001000b0ec                . = ALIGN (0x4)

.rel.dyn        0x000000001000b0ec        0x0
 .rel.iplt      0x000000001000b0ec        0x0 /usr/lib/gcc/arm-none-eabi/10.3.1/thumb/v6-m/nofp/crtbegin.o

.ARM.extab
 *(.ARM.extab* .gnu.linkonce.armextab.*)
                0x000000001000b0ec                __exidx_start = .

.ARM.exidx
 *(.ARM.exidx* .gnu.linkonce.armexidx.*)
                0x000000001000b0ec                __exidx_end = .
                0x000000001000b0ec                . = ALIGN (0x4)
                0x000000001000b0ec                __binary_info_start = .

.binary_info    0x000000001000b0ec       0x28
 *(.binary_info.keep.*)
 .binary_info.keep.__bi_ptr22
                0x000000001000b0ec        0x4 CMakeFiles/assign04-corg7983.dir/home/etbcor/pico/pico-sdk/src/rp2_common/pico_standard_link/binary_info.c.obj
 .binary_info.keep.__bi_ptr30
                0x000000001000b0f0        0x4 CMakeFiles/assign04-corg7983.dir/home/etbcor/pico/pico-sdk/src/rp2_common/pico_standard_link/binary_info.c.obj
 .binary_info.keep.__bi_ptr38
                0x000000001000b0f4        0x4 CMakeFiles/assign04-corg7983.dir/home/etbcor/pico/pico-sdk/src/rp2_common/pico_standard_link/binary_info.c.obj
 .binary_info.keep.__bi_ptr44
                0x000000001000b0f8        0x4 CMakeFiles/assign04-corg7983.dir/home/etbcor/pico/pico-sdk/src/rp2_common/pico_standard_link/binary_info.c.obj
 .binary_info.keep.__bi_ptr50
                0x000000001000b0fc        0x4 CMakeFiles/assign04-corg7983.dir/home/etbcor/pico/pico-sdk/src/rp2_common/pico_standard_link/binary_info.c.obj
 .binary_info.keep.__bi_ptr75
                0x000000001000b100        0x4 CMakeFiles/assign04-corg7983.dir/home/etbcor/pico/pico-sdk/src/rp2_common/pico_standard_link/binary_info.c.obj
 .binary_info.keep.__bi_ptr81
                0x000000001000b104        0x4 CMakeFiles/assign04-corg7983.dir/home/etbcor/pico/pico-sdk/src/rp2_common/pico_standard_link/binary_info.c.obj
 *(.binary_info.*)
 .binary_info.__bi_ptr28
                0x000000001000b108        0x4 CMakeFiles/assign04-corg7983.dir/home/etbcor/pico/pico-sdk/src/rp2_common/pico_stdio_uart/stdio_uart.c.obj
 .binary_info.__bi_ptr29
                0x000000001000b10c        0x4 CMakeFiles/assign04-corg7983.dir/home/etbcor/pico/pico-sdk/src/rp2_common/pico_stdio_uart/stdio_uart.c.obj
 .binary_info.__bi_ptr118
                0x000000001000b110        0x4 CMakeFiles/assign04-corg7983.dir/home/etbcor/pico/pico-sdk/src/rp2_common/pico_stdio_usb/stdio_usb.c.obj
                0x000000001000b114                __binary_info_end = .
                0x000000001000b114                . = ALIGN (0x4)
                0x000000001000b114                __etext = .

.ram_vector_table
                0x0000000020000000       0xc0
 *(.ram_vector_table)
 .ram_vector_table
                0x0000000020000000       0xc0 CMakeFiles/assign04-corg7983.dir/home/etbcor/pico/pico-sdk/src/rp2_common/pico_runtime/runtime.c.obj
                0x0000000020000000                ram_vector_table

.data           0x00000000200000c0      0xc20 load address 0x000000001000b114
                0x00000000200000c0                __data_start__ = .
 *(vtable)
 *(.time_critical*)
 .time_critical.mutex_enter_blocking
                0x00000000200000c0       0x48 CMakeFiles/assign04-corg7983.dir/home/etbcor/pico/pico-sdk/src/common/pico_sync/mutex.c.obj
                0x00000000200000c0                mutex_enter_blocking
 .time_critical.mutex_try_enter
                0x0000000020000108       0x44 CMakeFiles/assign04-corg7983.dir/home/etbcor/pico/pico-sdk/src/common/pico_sync/mutex.c.obj
                0x0000000020000108                mutex_try_enter
 .time_critical.mutex_enter_timeout_ms
                0x000000002000014c       0xa0 CMakeFiles/assign04-corg7983.dir/home/etbcor/pico/pico-sdk/src/common/pico_sync/mutex.c.obj
                0x000000002000014c                mutex_enter_timeout_ms
 .time_critical.mutex_exit
                0x00000000200001ec       0x28 CMakeFiles/assign04-corg7983.dir/home/etbcor/pico/pico-sdk/src/common/pico_sync/mutex.c.obj
                0x00000000200001ec                mutex_exit
 .time_critical.flash_init_boot2_copyout
                0x0000000020000214       0x30 CMakeFiles/assign04-corg7983.dir/home/etbcor/pico/pico-sdk/src/rp2_common/hardware_flash/flash.c.obj
 .time_critical.flash_enable_xip_via_boot2
                0x0000000020000244       0x10 CMakeFiles/assign04-corg7983.dir/home/etbcor/pico/pico-sdk/src/rp2_common/hardware_flash/flash.c.obj
 .time_critical.flash_cs_force
                0x0000000020000254       0x38 CMakeFiles/assign04-corg7983.dir/home/etbcor/pico/pico-sdk/src/rp2_common/hardware_flash/flash.c.obj
 .time_critical.flash_do_cmd
                0x000000002000028c       0xc4 CMakeFiles/assign04-corg7983.dir/home/etbcor/pico/pico-sdk/src/rp2_common/hardware_flash/flash.c.obj
                0x000000002000028c                flash_do_cmd
 *(.text*)
 .text          0x0000000020000350        0x4 /usr/lib/gcc/arm-none-eabi/10.3.1/thumb/v6-m/nofp/libgcc.a(_dvmd_tls.o)
                0x0000000020000350                __aeabi_ldiv0
                0x0000000020000350                __aeabi_idiv0
 *fill*         0x0000000020000354        0x4 
 .text.__stub   0x0000000020000358       0x30 linker stubs
                0x0000000020000388                . = ALIGN (0x4)
 *(.rodata*)
                0x0000000020000388                . = ALIGN (0x4)
 *(.data*)
 .data.striped_spin_lock_num
                0x0000000020000388        0x1 CMakeFiles/assign04-corg7983.dir/home/etbcor/pico/pico-sdk/src/rp2_common/hardware_sync/sync.c.obj
 *fill*         0x0000000020000389        0x3 
 .data          0x000000002000038c       0x48 CMakeFiles/assign04-corg7983.dir/home/etbcor/pico/pico-sdk/src/rp2_common/hardware_irq/irq_handler_chain.S.obj
                0x000000002000038c                irq_handler_chain_slots
                0x00000000200003bc                irq_handler_chain_first_slot
                0x00000000200003c6                irq_handler_chain_remove_tail
 .data.default_alarm_pool
                0x00000000200003d4       0x18 CMakeFiles/assign04-corg7983.dir/home/etbcor/pico/pico-sdk/src/common/pico_time/time.c.obj
 .data.default_alarm_pool_heap
                0x00000000200003ec       0x10 CMakeFiles/assign04-corg7983.dir/home/etbcor/pico/pico-sdk/src/common/pico_time/time.c.obj
 *fill*         0x00000000200003fc        0x4 
 .data.aeabi_bits_funcs
                0x0000000020000400       0x10 CMakeFiles/assign04-corg7983.dir/home/etbcor/pico/pico-sdk/src/rp2_common/pico_bit_ops/bit_ops_aeabi.S.obj
                0x0000000020000400                aeabi_bits_funcs
                0x0000000020000410                aeabi_bits_funcs_end
 .data.aeabi_mem_funcs
                0x0000000020000410       0x10 CMakeFiles/assign04-corg7983.dir/home/etbcor/pico/pico-sdk/src/rp2_common/pico_mem_ops/mem_ops_aeabi.S.obj
                0x0000000020000410                aeabi_mem_funcs
                0x0000000020000420                aeabi_mem_funcs_end
 .data.stdio_uart
                0x0000000020000420       0x14 CMakeFiles/assign04-corg7983.dir/home/etbcor/pico/pico-sdk/src/rp2_common/pico_stdio_uart/stdio_uart.c.obj
                0x0000000020000420                stdio_uart
 .data.stdio_usb
                0x0000000020000434       0x14 CMakeFiles/assign04-corg7983.dir/home/etbcor/pico/pico-sdk/src/rp2_common/pico_stdio_usb/stdio_usb.c.obj
                0x0000000020000434                stdio_usb
 .data.ep_dir_string
                0x0000000020000448        0x8 CMakeFiles/assign04-corg7983.dir/home/etbcor/pico/pico-sdk/lib/tinyusb/src/portable/raspberrypi/rp2040/rp2040_usb.c.obj
                0x0000000020000448                ep_dir_string
 .data._usbd_qdef
                0x0000000020000450       0x24 CMakeFiles/assign04-corg7983.dir/home/etbcor/pico/pico-sdk/lib/tinyusb/src/device/usbd.c.obj
                0x0000000020000450                _usbd_qdef
 .data          0x0000000020000474        0x4 libfreertos.a(tasks.c.obj)
                0x0000000020000474                uxTopUsedPriority
 .data          0x0000000020000478        0x4 libfreertos.a(port.c.obj)
 *fill*         0x000000002000047c        0x4 
 .data          0x0000000020000480      0x430 /usr/lib/gcc/arm-none-eabi/10.3.1/../../../arm-none-eabi/lib/thumb/v6-m/nofp/libc.a(lib_a-impure.o)
                0x0000000020000480                _impure_ptr
 .data          0x00000000200008b0      0x410 /usr/lib/gcc/arm-none-eabi/10.3.1/../../../arm-none-eabi/lib/thumb/v6-m/nofp/libc.a(lib_a-mallocr.o)
                0x00000000200008b0                __malloc_sbrk_base
                0x00000000200008b4                __malloc_trim_threshold
                0x00000000200008b8                __malloc_av_
                0x0000000020000cc0                . = ALIGN (0x4)
 *(.after_data.*)
                0x0000000020000cc0                . = ALIGN (0x4)
                0x0000000020000cc0                PROVIDE (__mutex_array_start = .)
 *(SORT_BY_NAME(.mutex_array.*))
 *(.mutex_array)
 .mutex_array   0x0000000020000cc0        0x8 CMakeFiles/assign04-corg7983.dir/home/etbcor/pico/pico-sdk/src/rp2_common/pico_stdio/stdio.c.obj
                0x0000000020000cc8                PROVIDE (__mutex_array_end = .)
                0x0000000020000cc8                . = ALIGN (0x4)
                0x0000000020000cc8                PROVIDE (__preinit_array_start = .)
 *(SORT_BY_NAME(.preinit_array.*))
 .preinit_array.00001
                0x0000000020000cc8        0x4 CMakeFiles/assign04-corg7983.dir/home/etbcor/pico/pico-sdk/src/rp2_common/pico_mem_ops/mem_ops_aeabi.S.obj
 .preinit_array.00010
                0x0000000020000ccc        0x4 CMakeFiles/assign04-corg7983.dir/home/etbcor/pico/pico-sdk/src/rp2_common/pico_bit_ops/bit_ops_aeabi.S.obj
 .preinit_array.00020
                0x0000000020000cd0        0x4 CMakeFiles/assign04-corg7983.dir/home/etbcor/pico/pico-sdk/src/rp2_common/pico_double/double_aeabi.S.obj
 .preinit_array.00020
                0x0000000020000cd4        0x4 CMakeFiles/assign04-corg7983.dir/home/etbcor/pico/pico-sdk/src/rp2_common/pico_float/float_aeabi.S.obj
 *(.preinit_array)
                0x0000000020000cd8                PROVIDE (__preinit_array_end = .)
                0x0000000020000cd8                . = ALIGN (0x4)
                0x0000000020000cd8                PROVIDE (__init_array_start = .)
 *(SORT_BY_NAME(.init_array.*))
 *(.init_array)
 .init_array    0x0000000020000cd8        0x4 /usr/lib/gcc/arm-none-eabi/10.3.1/thumb/v6-m/nofp/crtbegin.o
 .init_array    0x0000000020000cdc        0x4 CMakeFiles/assign04-corg7983.dir/home/etbcor/pico/pico-sdk/src/rp2_common/pico_unique_id/unique_id.c.obj
                0x0000000020000ce0                PROVIDE (__init_array_end = .)
                0x0000000020000ce0                . = ALIGN (0x4)
                0x0000000020000ce0                PROVIDE (__fini_array_start = .)
 *(SORT_BY_NAME(.fini_array.*))
 *(.fini_array)
                0x0000000020000ce0                PROVIDE (__fini_array_end = .)
 *(.jcr)
                0x0000000020000ce0                . = ALIGN (0x4)
                0x0000000020000ce0                __data_end__ = .

.tm_clone_table
                0x0000000020000ce0        0x0 load address 0x000000001000bd34
 .tm_clone_table
                0x0000000020000ce0        0x0 /usr/lib/gcc/arm-none-eabi/10.3.1/thumb/v6-m/nofp/crtbegin.o
 .tm_clone_table
                0x0000000020000ce0        0x0 /usr/lib/gcc/arm-none-eabi/10.3.1/thumb/v6-m/nofp/crtend.o

.igot.plt       0x0000000020000ce0        0x0 load address 0x000000001000bd34
 .igot.plt      0x0000000020000ce0        0x0 /usr/lib/gcc/arm-none-eabi/10.3.1/thumb/v6-m/nofp/crtbegin.o

.uninitialized_data
                0x0000000020000ce0        0x0 load address 0x000000001000bd34
                0x0000000020000ce0                . = ALIGN (0x4)
 *(.uninitialized_data*)

.scratch_x      0x0000000020040000        0x0 load address 0x000000001000bd34
                0x0000000020040000                __scratch_x_start__ = .
 *(.scratch_x.*)
                0x0000000020040000                . = ALIGN (0x4)
                0x0000000020040000                __scratch_x_end__ = .
                0x000000001000bd34                __scratch_x_source__ = LOADADDR (.scratch_x)

.scratch_y      0x0000000020041000        0x0 load address 0x000000001000bd34
                0x0000000020041000                __scratch_y_start__ = .
 *(.scratch_y.*)
                0x0000000020041000                . = ALIGN (0x4)
                0x0000000020041000                __scratch_y_end__ = .
                0x000000001000bd34                __scratch_y_source__ = LOADADDR (.scratch_y)

.bss            0x0000000020000ce0      0xf6c
                0x0000000020000ce0                . = ALIGN (0x4)
                0x0000000020000ce0                __bss_start__ = .
 *(SORT_BY_ALIGNMENT(SORT_BY_NAME(.bss*)))
 .bss           0x0000000020000ce0       0x50 libfreertos.a(queue.c.obj)
                0x0000000020000ce0                xQueueRegistry
 .bss.default_alarm_pool_entries
                0x0000000020000d30      0x100 CMakeFiles/assign04-corg7983.dir/home/etbcor/pico/pico-sdk/src/common/pico_time/time.c.obj
 .bss.last_avail_time.1
                0x0000000020000e30        0x8 CMakeFiles/assign04-corg7983.dir/home/etbcor/pico/pico-sdk/src/rp2_common/pico_stdio_usb/stdio_usb.c.obj
 .bss.sd_table  0x0000000020000e38      0x100 CMakeFiles/assign04-corg7983.dir/home/etbcor/pico/pico-sdk/src/rp2_common/pico_double/double_init_rom.c.obj
                0x0000000020000e38                sd_table
 .bss           0x0000000020000f38       0x1c /usr/lib/gcc/arm-none-eabi/10.3.1/thumb/v6-m/nofp/crtbegin.o
 .bss           0x0000000020000f54      0x104 libfreertos.a(tasks.c.obj)
                0x0000000020000fd8                pxCurrentTCB
 .bss           0x0000000020001058       0x3c libfreertos.a(timers.c.obj)
 .bss           0x0000000020001094       0x34 /usr/lib/gcc/arm-none-eabi/10.3.1/../../../arm-none-eabi/lib/thumb/v6-m/nofp/libc.a(lib_a-mallocr.o)
                0x0000000020001094                __malloc_top_pad
                0x0000000020001098                __malloc_current_mallinfo
                0x00000000200010c0                __malloc_max_sbrked_mem
                0x00000000200010c4                __malloc_max_total_mem
 .bss           0x00000000200010c8        0x4 /usr/lib/gcc/arm-none-eabi/10.3.1/../../../arm-none-eabi/lib/thumb/v6-m/nofp/libc.a(lib_a-reent.o)
                0x00000000200010c8                errno
 .bss._app_driver
                0x00000000200010cc        0x4 CMakeFiles/assign04-corg7983.dir/home/etbcor/pico/pico-sdk/lib/tinyusb/src/device/usbd.c.obj
 .bss._cdcd_itf
                0x00000000200010d0      0x2d8 CMakeFiles/assign04-corg7983.dir/home/etbcor/pico/pico-sdk/lib/tinyusb/src/class/cdc/cdc_device.c.obj
 .bss._ctrl_xfer
                0x00000000200013a8       0x14 CMakeFiles/assign04-corg7983.dir/home/etbcor/pico/pico-sdk/lib/tinyusb/src/device/usbd_control.c.obj
 .bss._ubsd_mutexdef
                0x00000000200013bc        0x8 CMakeFiles/assign04-corg7983.dir/home/etbcor/pico/pico-sdk/lib/tinyusb/src/device/usbd.c.obj
 .bss._usbd_ctrl_buf
                0x00000000200013c4       0x40 CMakeFiles/assign04-corg7983.dir/home/etbcor/pico/pico-sdk/lib/tinyusb/src/device/usbd_control.c.obj
 .bss._usbd_dev
                0x0000000020001404       0x53 CMakeFiles/assign04-corg7983.dir/home/etbcor/pico/pico-sdk/lib/tinyusb/src/device/usbd.c.obj
 *fill*         0x0000000020001457        0x1 
 .bss._usbd_mutex
                0x0000000020001458        0x4 CMakeFiles/assign04-corg7983.dir/home/etbcor/pico/pico-sdk/lib/tinyusb/src/device/usbd.c.obj
 .bss._usbd_q   0x000000002000145c        0x4 CMakeFiles/assign04-corg7983.dir/home/etbcor/pico/pico-sdk/lib/tinyusb/src/device/usbd.c.obj
 .bss._usbd_qdef_buf
                0x0000000020001460       0xc0 CMakeFiles/assign04-corg7983.dir/home/etbcor/pico/pico-sdk/lib/tinyusb/src/device/usbd.c.obj
                0x0000000020001460                _usbd_qdef_buf
 .bss.alarm_callbacks
                0x0000000020001520       0x10 CMakeFiles/assign04-corg7983.dir/home/etbcor/pico/pico-sdk/src/rp2_common/hardware_timer/timer.c.obj
 .bss.boot2_copyout
                0x0000000020001530      0x100 CMakeFiles/assign04-corg7983.dir/home/etbcor/pico/pico-sdk/src/rp2_common/hardware_flash/flash.c.obj
 .bss.claimed   0x0000000020001630        0x4 CMakeFiles/assign04-corg7983.dir/home/etbcor/pico/pico-sdk/src/rp2_common/hardware_sync/sync.c.obj
 .bss.configured_freq
                0x0000000020001634       0x28 CMakeFiles/assign04-corg7983.dir/home/etbcor/pico/pico-sdk/src/rp2_common/hardware_clocks/clocks.c.obj
 .bss.default_alarm_pool_entry_ids_high
                0x000000002000165c       0x10 CMakeFiles/assign04-corg7983.dir/home/etbcor/pico/pico-sdk/src/common/pico_time/time.c.obj
 .bss.default_alarm_pool_heap_nodes
                0x000000002000166c       0x30 CMakeFiles/assign04-corg7983.dir/home/etbcor/pico/pico-sdk/src/common/pico_time/time.c.obj
 .bss.desc_str.0
                0x000000002000169c       0x28 CMakeFiles/assign04-corg7983.dir/home/etbcor/pico/pico-sdk/src/rp2_common/pico_stdio_usb/stdio_usb_descriptors.c.obj
 .bss.drivers   0x00000000200016c4        0x4 CMakeFiles/assign04-corg7983.dir/home/etbcor/pico/pico-sdk/src/rp2_common/pico_stdio/stdio.c.obj
 .bss.filter    0x00000000200016c8        0x4 CMakeFiles/assign04-corg7983.dir/home/etbcor/pico/pico-sdk/src/rp2_common/pico_stdio/stdio.c.obj
 .bss.heap_end.0
                0x00000000200016cc        0x4 CMakeFiles/assign04-corg7983.dir/home/etbcor/pico/pico-sdk/src/rp2_common/pico_runtime/runtime.c.obj
 .bss.hw_endpoints
                0x00000000200016d0      0x400 CMakeFiles/assign04-corg7983.dir/home/etbcor/pico/pico-sdk/lib/tinyusb/src/portable/raspberrypi/rp2040/dcd_rp2040.c.obj
 .bss.lazy_vsnprintf
                0x0000000020001ad0        0x4 CMakeFiles/assign04-corg7983.dir/home/etbcor/pico/pico-sdk/src/rp2_common/pico_printf/printf.c.obj
 .bss.load_value
                0x0000000020001ad4        0x4 CMakeFiles/assign04-corg7983.dir/home/etbcor/pico/pico-sdk/src/rp2_common/hardware_watchdog/watchdog.c.obj
 .bss.next_buffer_ptr
                0x0000000020001ad8        0x4 CMakeFiles/assign04-corg7983.dir/home/etbcor/pico/pico-sdk/lib/tinyusb/src/portable/raspberrypi/rp2040/dcd_rp2040.c.obj
 .bss.pools     0x0000000020001adc       0x10 CMakeFiles/assign04-corg7983.dir/home/etbcor/pico/pico-sdk/src/common/pico_time/time.c.obj
 .bss.retrieved_id
                0x0000000020001aec        0x8 CMakeFiles/assign04-corg7983.dir/home/etbcor/pico/pico-sdk/src/rp2_common/pico_unique_id/unique_id.c.obj
 .bss.sf_clz_func
                0x0000000020001af4        0x4 CMakeFiles/assign04-corg7983.dir/home/etbcor/pico/pico-sdk/src/rp2_common/pico_double/double_init_rom.c.obj
                0x0000000020001af4                sf_clz_func
 .bss.sf_table  0x0000000020001af8      0x100 CMakeFiles/assign04-corg7983.dir/home/etbcor/pico/pico-sdk/src/rp2_common/pico_float/float_init_rom.c.obj
                0x0000000020001af8                sf_table
 .bss.sleep_notifier
                0x0000000020001bf8        0x4 CMakeFiles/assign04-corg7983.dir/home/etbcor/pico/pico-sdk/src/common/pico_time/time.c.obj
 .bss.stdio_usb_mutex
                0x0000000020001bfc        0x8 CMakeFiles/assign04-corg7983.dir/home/etbcor/pico/pico-sdk/src/rp2_common/pico_stdio_usb/stdio_usb.c.obj
 .bss.target_hi
                0x0000000020001c04       0x10 CMakeFiles/assign04-corg7983.dir/home/etbcor/pico/pico-sdk/src/rp2_common/hardware_timer/timer.c.obj
 .bss.uart_char_to_line_feed
                0x0000000020001c14        0x4 CMakeFiles/assign04-corg7983.dir/home/etbcor/pico/pico-sdk/src/rp2_common/hardware_uart/uart.c.obj
                0x0000000020001c14                uart_char_to_line_feed
 .bss.uart_instance
                0x0000000020001c18        0x4 CMakeFiles/assign04-corg7983.dir/home/etbcor/pico/pico-sdk/src/rp2_common/pico_stdio_uart/stdio_uart.c.obj
 .bss.usbd_serial_str
                0x0000000020001c1c       0x11 CMakeFiles/assign04-corg7983.dir/home/etbcor/pico/pico-sdk/src/rp2_common/pico_stdio_usb/stdio_usb_descriptors.c.obj
 *fill*         0x0000000020001c2d        0x3 
 .bss.user_irq_claimed
                0x0000000020001c30        0x2 CMakeFiles/assign04-corg7983.dir/home/etbcor/pico/pico-sdk/src/rp2_common/hardware_irq/irq.c.obj
 *fill*         0x0000000020001c32        0x2 
 .bss.xBlinkerTsk
                0x0000000020001c34        0x4 CMakeFiles/assign04-corg7983.dir/main.c.obj
 .bss.xCounterTsk
                0x0000000020001c38        0x4 CMakeFiles/assign04-corg7983.dir/main.c.obj
 .bss.xQueue    0x0000000020001c3c        0x4 CMakeFiles/assign04-corg7983.dir/main.c.obj
 .bss.xSevSegTsk
                0x0000000020001c40        0x4 CMakeFiles/assign04-corg7983.dir/main.c.obj
 .bss._app_driver_count
                0x0000000020001c44        0x1 CMakeFiles/assign04-corg7983.dir/home/etbcor/pico/pico-sdk/lib/tinyusb/src/device/usbd.c.obj
 .bss._usbd_initialized
                0x0000000020001c45        0x1 CMakeFiles/assign04-corg7983.dir/home/etbcor/pico/pico-sdk/lib/tinyusb/src/device/usbd.c.obj
 .bss.boot2_copyout_valid
                0x0000000020001c46        0x1 CMakeFiles/assign04-corg7983.dir/home/etbcor/pico/pico-sdk/src/rp2_common/hardware_flash/flash.c.obj
 .bss.claimed   0x0000000020001c47        0x1 CMakeFiles/assign04-corg7983.dir/home/etbcor/pico/pico-sdk/src/rp2_common/hardware_timer/timer.c.obj
 .bss.irq_hander_chain_free_slot_head
                0x0000000020001c48        0x1 CMakeFiles/assign04-corg7983.dir/home/etbcor/pico/pico-sdk/src/rp2_common/hardware_irq/irq.c.obj
 .bss.itf_num   0x0000000020001c49        0x1 CMakeFiles/assign04-corg7983.dir/home/etbcor/pico/pico-sdk/src/rp2_common/pico_stdio_usb/reset_interface.c.obj
 .bss.low_priority_irq_num
                0x0000000020001c4a        0x1 CMakeFiles/assign04-corg7983.dir/home/etbcor/pico/pico-sdk/src/rp2_common/pico_stdio_usb/stdio_usb.c.obj
 .bss.timer_callbacks_pending
                0x0000000020001c4b        0x1 CMakeFiles/assign04-corg7983.dir/home/etbcor/pico/pico-sdk/src/rp2_common/hardware_timer/timer.c.obj
 *(COMMON)
                0x0000000020001c4c                . = ALIGN (0x4)
                0x0000000020001c4c                __bss_end__ = .

.heap           0x0000000020001c4c      0x800
                0x0000000020001c4c                __end__ = .
                0x0000000020001c4c                end = __end__
 *(.heap*)
 .heap          0x0000000020001c4c      0x800 CMakeFiles/assign04-corg7983.dir/home/etbcor/pico/pico-sdk/src/rp2_common/pico_standard_link/crt0.S.obj
                0x000000002000244c                __HeapLimit = .

.stack1_dummy   0x0000000020040000        0x0
 *(.stack1*)

.stack_dummy    0x0000000020041000      0x800
 *(.stack*)
 .stack         0x0000000020041000      0x800 CMakeFiles/assign04-corg7983.dir/home/etbcor/pico/pico-sdk/src/rp2_common/pico_standard_link/crt0.S.obj

.flash_end      0x000000001000bd34        0x0
                0x000000001000bd34                __flash_binary_end = .
                0x0000000020040000                __StackLimit = (ORIGIN (RAM) + LENGTH (RAM))
                0x0000000020041000                __StackOneTop = (ORIGIN (SCRATCH_X) + LENGTH (SCRATCH_X))
                0x0000000020042000                __StackTop = (ORIGIN (SCRATCH_Y) + LENGTH (SCRATCH_Y))
                0x0000000020041000                __StackOneBottom = (__StackOneTop - SIZEOF (.stack1_dummy))
                0x0000000020041800                __StackBottom = (__StackTop - SIZEOF (.stack_dummy))
                0x0000000020042000                PROVIDE (__stack = __StackTop)
                0x0000000000000001                ASSERT ((__StackLimit >= __HeapLimit), region RAM overflowed)
                0x0000000000000001                ASSERT (((__binary_info_header_end - __logical_binary_start) <= 0x100), Binary info must be in first 256 bytes of the binary)
LOAD CMakeFiles/assign04-corg7983.dir/main.c.obj
LOAD CMakeFiles/assign04-corg7983.dir/home/etbcor/pico/pico-sdk/src/rp2_common/pico_stdlib/stdlib.c.obj
LOAD CMakeFiles/assign04-corg7983.dir/home/etbcor/pico/pico-sdk/src/rp2_common/hardware_gpio/gpio.c.obj
LOAD CMakeFiles/assign04-corg7983.dir/home/etbcor/pico/pico-sdk/src/rp2_common/hardware_claim/claim.c.obj
LOAD CMakeFiles/assign04-corg7983.dir/home/etbcor/pico/pico-sdk/src/rp2_common/pico_platform/platform.c.obj
LOAD CMakeFiles/assign04-corg7983.dir/home/etbcor/pico/pico-sdk/src/rp2_common/hardware_sync/sync.c.obj
LOAD CMakeFiles/assign04-corg7983.dir/home/etbcor/pico/pico-sdk/src/rp2_common/hardware_irq/irq.c.obj
LOAD CMakeFiles/assign04-corg7983.dir/home/etbcor/pico/pico-sdk/src/rp2_common/hardware_irq/irq_handler_chain.S.obj
LOAD CMakeFiles/assign04-corg7983.dir/home/etbcor/pico/pico-sdk/src/common/pico_sync/sem.c.obj
LOAD CMakeFiles/assign04-corg7983.dir/home/etbcor/pico/pico-sdk/src/common/pico_sync/lock_core.c.obj
LOAD CMakeFiles/assign04-corg7983.dir/home/etbcor/pico/pico-sdk/src/common/pico_time/time.c.obj
LOAD CMakeFiles/assign04-corg7983.dir/home/etbcor/pico/pico-sdk/src/common/pico_time/timeout_helper.c.obj
LOAD CMakeFiles/assign04-corg7983.dir/home/etbcor/pico/pico-sdk/src/rp2_common/hardware_timer/timer.c.obj
LOAD CMakeFiles/assign04-corg7983.dir/home/etbcor/pico/pico-sdk/src/common/pico_util/datetime.c.obj
LOAD CMakeFiles/assign04-corg7983.dir/home/etbcor/pico/pico-sdk/src/common/pico_util/pheap.c.obj
LOAD CMakeFiles/assign04-corg7983.dir/home/etbcor/pico/pico-sdk/src/common/pico_util/queue.c.obj
LOAD CMakeFiles/assign04-corg7983.dir/home/etbcor/pico/pico-sdk/src/common/pico_sync/mutex.c.obj
LOAD CMakeFiles/assign04-corg7983.dir/home/etbcor/pico/pico-sdk/src/common/pico_sync/critical_section.c.obj
LOAD CMakeFiles/assign04-corg7983.dir/home/etbcor/pico/pico-sdk/src/rp2_common/hardware_uart/uart.c.obj
LOAD CMakeFiles/assign04-corg7983.dir/home/etbcor/pico/pico-sdk/src/rp2_common/hardware_divider/divider.S.obj
LOAD CMakeFiles/assign04-corg7983.dir/home/etbcor/pico/pico-sdk/src/rp2_common/pico_runtime/runtime.c.obj
LOAD CMakeFiles/assign04-corg7983.dir/home/etbcor/pico/pico-sdk/src/rp2_common/hardware_clocks/clocks.c.obj
LOAD CMakeFiles/assign04-corg7983.dir/home/etbcor/pico/pico-sdk/src/rp2_common/hardware_pll/pll.c.obj
LOAD CMakeFiles/assign04-corg7983.dir/home/etbcor/pico/pico-sdk/src/rp2_common/hardware_vreg/vreg.c.obj
LOAD CMakeFiles/assign04-corg7983.dir/home/etbcor/pico/pico-sdk/src/rp2_common/hardware_watchdog/watchdog.c.obj
LOAD CMakeFiles/assign04-corg7983.dir/home/etbcor/pico/pico-sdk/src/rp2_common/hardware_xosc/xosc.c.obj
LOAD CMakeFiles/assign04-corg7983.dir/home/etbcor/pico/pico-sdk/src/rp2_common/pico_printf/printf.c.obj
LOAD CMakeFiles/assign04-corg7983.dir/home/etbcor/pico/pico-sdk/src/rp2_common/pico_bit_ops/bit_ops_aeabi.S.obj
LOAD CMakeFiles/assign04-corg7983.dir/home/etbcor/pico/pico-sdk/src/rp2_common/pico_bootrom/bootrom.c.obj
LOAD CMakeFiles/assign04-corg7983.dir/home/etbcor/pico/pico-sdk/src/rp2_common/pico_divider/divider.S.obj